01-01 05:30:16.076     0     0 I init    : Parsing file /system/etc/init/blank_screen.rc...
01-01 05:30:16.083     0     0 I init    : Parsing file /system/etc/init/bootanim.rc...
01-01 05:30:16.089     0     0 I init    : Parsing file /system/etc/init/bootstat-debug.rc...
01-01 05:30:16.096     0     0 I init    : Parsing file /system/etc/init/bootstat.rc...
01-01 05:30:16.102     0     0 I init    : Parsing file /system/etc/init/bpfloader.rc...
01-01 05:30:16.108     0     0 I init    : Parsing file /system/etc/init/cameraserver.rc...
01-01 05:30:16.115     0     0 I init    : Parsing file /system/etc/init/clean_scratch_files.rc...
01-01 05:30:16.122     0     0 I init    : Parsing file /system/etc/init/credstore.rc...
01-01 05:30:16.129     0     0 I init    : Parsing file /system/etc/init/drmserver.rc...
01-01 05:30:16.135     0     0 I init    : Parsing file /system/etc/init/dumpstate.rc...
01-01 05:30:16.141     0     0 I init    : Parsing file /system/etc/init/flags_health_check.rc...
01-01 05:30:16.148     0     0 I init    : Parsing file /system/etc/init/gatekeeperd.rc...
01-01 05:30:16.155     0     0 I init    : Parsing file /system/etc/init/gpuservice.rc...
01-01 05:30:16.161     0     0 I init    : Parsing file /system/etc/init/gsid.rc...
01-01 05:30:16.167     0     0 I init    : Parsing file /system/etc/init/heapprofd.rc...
01-01 05:30:16.174     0     0 I init    : Parsing file /system/etc/init/hwservicemanager.rc...
01-01 05:30:16.181     0     0 I init    : Parsing file /system/etc/init/idmap2d.rc...
01-01 05:30:16.187     0     0 I init    : Parsing file /system/etc/init/incidentd.rc...
01-01 05:30:16.193     0     0 I init    : Parsing file /system/etc/init/init-debug.rc...
01-01 05:30:16.200     0     0 I init    : Parsing file /system/etc/init/installd.rc...
01-01 05:30:16.207     0     0 I init    : Parsing file /system/etc/init/iorapd.rc...
01-01 05:30:16.213     0     0 I init    : Parsing file /system/etc/init/keystore2.rc...
01-01 05:30:16.219     0     0 I init    : Parsing file /system/etc/init/llkd-debuggable.rc...
01-01 05:30:16.226     0     0 I init    : Parsing file /system/etc/init/llkd.rc...
01-01 05:30:16.232     0     0 I init    : Parsing file /system/etc/init/lmkd.rc...
01-01 05:30:16.238     0     0 I init    : Parsing file /system/etc/init/logcatd.rc...
01-01 05:30:16.245     0     0 I init    : Parsing file /system/etc/init/logd.rc...
01-01 05:30:16.251     0     0 I init    : Parsing file /system/etc/init/logtagd.rc...
01-01 05:30:16.257     0     0 I init    : Parsing file /system/etc/init/lpdumpd.rc...
01-01 05:30:16.263     0     0 I init    : Parsing file /system/etc/init/mdnsd.rc...
01-01 05:30:16.269     0     0 I init    : Parsing file /system/etc/init/mediaextractor.rc...
01-01 05:30:16.276     0     0 I init    : Parsing file /system/etc/init/mediametrics.rc...
01-01 05:30:16.282     0     0 I init    : Parsing file /system/etc/init/mediaserver.rc...
01-01 05:30:16.289     0     0 I init    : Parsing file /system/etc/init/mediatuner.rc...
01-01 05:30:16.295     0     0 I init    : Parsing file /system/etc/init/mtpd.rc...
01-01 05:30:16.301     0     0 I init    : Parsing file /system/etc/init/netd.rc...
01-01 05:30:16.307     0     0 I init    : Parsing file /system/etc/init/odsign.rc...
01-01 05:30:16.313     0     0 I init    : Parsing file /system/etc/init/perfetto.rc...
01-01 05:30:16.320     0     0 I init    : Parsing file /system/etc/init/profcollectd.rc...
01-01 05:30:16.326     0     0 I init    : Parsing file /system/etc/init/racoon.rc...
01-01 05:30:16.332     0     0 I init    : Parsing file /system/etc/init/recovery-persist.rc...
01-01 05:30:16.339     0     0 I init    : Parsing file /system/etc/init/rss_hwm_reset.rc...
01-01 05:30:16.346     0     0 I init    : Parsing file /system/etc/init/sagemcom.hardware.wifimonitor-test.rc...
01-01 05:30:16.354     0     0 I init    : Parsing file /system/etc/init/servicemanager.rc...
01-01 05:30:16.361     0     0 I init    : Parsing file /system/etc/init/snapuserd.rc...
01-01 05:30:16.368     0     0 I init    : Parsing file /system/etc/init/storaged.rc...
01-01 05:30:16.374     0     0 I init    : Parsing file /system/etc/init/surfaceflinger.rc...
01-01 05:30:16.381     0     0 I init    : Parsing file /system/etc/init/tinyeventhub.rc...
01-01 05:30:16.387     0     0 I init    : Parsing file /system/etc/init/tombstoned.rc...
01-01 05:30:16.394     0     0 I init    : Parsing file /system/etc/init/traced_perf.rc...
01-01 05:30:16.400     0     0 I init    : Parsing file /system/etc/init/uncrypt.rc...
01-01 05:30:16.406     0     0 I init    : Parsing file /system/etc/init/update_engine.rc...
01-01 05:30:16.413     0     0 I init    : Parsing file /system/etc/init/update_verifier.rc...
01-01 05:30:16.420     0     0 I init    : Parsing file /system/etc/init/usbd.rc...
01-01 05:30:16.426     0     0 I init    : Parsing file /system/etc/init/vdc.rc...
01-01 05:30:16.432     0     0 I init    : Parsing file /system/etc/init/vendor-464xlat.rc...
01-01 05:30:16.438     0     0 I init    : Parsing file /system/etc/init/vold.rc...
01-01 05:30:16.444     0     0 I init    : Parsing file /system/etc/init/wait_for_keymaster.rc...
01-01 05:30:16.451     0     0 I init    : Parsing file /system/etc/init/wifi.rc...
01-01 05:30:16.457     0     0 I init    : Parsing file /system/etc/init/wificond.rc...
01-01 05:30:16.464     0     0 I init    : Parsing file /system_ext/etc/init...
01-01 05:30:16.469     0     0 I init    : Unable to read config file '/system_ext/etc/init': open() failed: No such file or directory
01-01 05:30:16.479     0     0 I init    : Parsing directory /vendor/etc/init...
01-01 05:30:16.485     0     0 I init    : Parsing file /vendor/etc/init/android.hardware.audio.service.rc...
01-01 05:30:16.494     0     0 I init    : Parsing file /vendor/etc/init/android.hardware.bluetooth@1.0-service.rc...
01-01 05:30:16.503     0     0 I init    : Parsing file /vendor/etc/init/android.hardware.boot-service.sagemcom.rc...
01-01 05:30:16.512     0     0 I init    : Parsing file /vendor/etc/init/android.hardware.camera.provider@2.4-external-service.rc...
01-01 05:30:16.523     0     0 I init    : Parsing file /vendor/etc/init/android.hardware.cas@1.2-service-lazy.rc...
01-01 05:30:16.531     0     0 I init    : Parsing file /vendor/etc/init/android.hardware.drm@1.4-service.clearkey.rc...
01-01 05:30:16.541     0     0 I init    : Parsing file /vendor/etc/init/android.hardware.drm@1.4-service.playready.rc...
01-01 05:30:16.550     0     0 I init    : Parsing file /vendor/etc/init/android.hardware.drm@1.4-service.widevine.rc...
01-01 05:30:16.559     0     0 I init    : Parsing file /vendor/etc/init/android.hardware.dumpstate@1.1-service-bcm.rc...
01-01 05:30:16.569     0     0 I init    : Parsing file /vendor/etc/init/android.hardware.gatekeeper@1.0-service.bcm.rc...
01-01 05:30:16.578     0     0 I init    : Parsing file /vendor/etc/init/android.hardware.graphics.allocator@4.0-service-bcm.rc...
01-01 05:30:16.588     0     0 I init    : Parsing file /vendor/etc/init/android.hardware.graphics.composer@2.4-service.rc...
01-01 05:30:16.598     0     0 I init    : Parsing file /vendor/etc/init/android.hardware.health@2.1-service.rc...
01-01 05:30:16.606     0     0 I init    : Parsing file /vendor/etc/init/android.hardware.keymaster@4.1-service.bcm.rc...
01-01 05:30:16.615     0     0 I init    : Parsing file /vendor/etc/init/android.hardware.media.omx@1.0-service.rc...
01-01 05:30:16.624     0     0 I init    : Parsing file /vendor/etc/init/android.hardware.thermal@2.0-service-bcm.rc...
01-01 05:30:16.633     0     0 I init    : Parsing file /vendor/etc/init/android.hardware.tv.cec@1.0-service.bcm.rc...
01-01 05:30:16.642     0     0 I init    : Parsing file /vendor/etc/init/android.hardware.tv.input@1.0-service.rc...
01-01 05:30:16.651     0     0 I init    : Parsing file /vendor/etc/init/android.hardware.tv.tuner@1.1-service.bcm.rc...
01-01 05:30:16.660     0     0 I init    : Parsing file /vendor/etc/init/android.hardware.wifi@1.5-bcm.rc...
01-01 05:30:16.668     0     0 I init    : Parsing file /vendor/etc/init/bcm.hardware.bp3@2.2-service.rc...
01-01 05:30:16.676     0     0 I init    : Parsing file /vendor/etc/init/bcm.hardware.cchak@2.0-service.rc...
01-01 05:30:16.685     0     0 I init    : Parsing file /vendor/etc/init/bcm.hardware.dspsvcext@2.0-service.rc...
01-01 05:30:16.693     0     0 I init    : Parsing file /vendor/etc/init/bcm.hardware.prdysc@1.0-service.rc...
01-01 05:30:16.701     0     0 I init    : Parsing file /vendor/etc/init/bcm.hardware.sdbhak@2.0-service.rc...
01-01 05:30:16.710     0     0 I init    : Parsing file /vendor/etc/init/bcm.hardware.sfhak@1.0-service.rc...
01-01 05:30:16.718     0     0 I init    : Parsing file /vendor/etc/init/bcm.hardware.svpsync@2.0-service.rc...
01-01 05:30:16.726     0     0 I init    : Parsing file /vendor/etc/init/boringssl_self_test.rc...
01-01 05:30:16.733     0     0 I init    : Parsing file /vendor/etc/init/fddispatcher.rc...
01-01 05:30:16.740     0     0 I init    : Parsing file /vendor/etc/init/hostapd.android.rc...
01-01 05:30:16.747     0     0 I init    : Parsing file /vendor/etc/init/krs.rc...
01-01 05:30:16.753     0     0 I init    : Parsing file /vendor/etc/init/lights-bcm.rc...
01-01 05:30:16.760     0     0 I init    : Parsing file /vendor/etc/init/memtrack-bcm.rc...
01-01 05:30:16.766     0     0 I init    : Parsing file /vendor/etc/init/nxdispfmt.rc...
01-01 05:30:16.773     0     0 I init    : Parsing file /vendor/etc/init/nxlic.rc...
01-01 05:30:16.779     0     0 I init    : Parsing file /vendor/etc/init/nxserver.rc...
01-01 05:30:16.785     0     0 I init    : Parsing file /vendor/etc/init/nxssd.rc...
01-01 05:30:16.791     0     0 I init    : Parsing file /vendor/etc/init/oem_key.rc...
01-01 05:30:16.797     0     0 I init    : Parsing file /vendor/etc/init/power-bcm.rc...
01-01 05:30:16.803     0     0 I init    : Parsing file /vendor/etc/init/sagemcom.hardware.avio-service.rc...
01-01 05:30:16.812     0     0 I init    : Parsing file /vendor/etc/init/sagemcom.hardware.dspsvcext-service.rc...
01-01 05:30:16.820     0     0 I init    : Parsing file /vendor/etc/init/sagemcom.hardware.hwinfo-service.rc...
01-01 05:30:16.828     0     0 I init    : Parsing file /vendor/etc/init/sagemcom.hardware.led-service.rc...
01-01 05:30:16.837     0     0 I init    : Parsing file /vendor/etc/init/sagemcom.hardware.power-service.rc...
01-01 05:30:16.845     0     0 I init    : Parsing file /vendor/etc/init/sagemcom.hardware.wifi-service-bcm.rc...
01-01 05:30:16.853     0     0 I init    : Parsing file /vendor/etc/init/sagemcom.hardware.wifimonitor-service-bcm.rc...
01-01 05:30:16.863     0     0 I init    : Parsing file /vendor/etc/init/vendor_flash_recovery.rc...
01-01 05:30:16.870     0     0 I init    : Parsing file /vendor/etc/init/vndservicemanager.rc...
01-01 05:30:16.877     0     0 I init    : Parsing file /odm/etc/init...
01-01 05:30:16.882     0     0 I init    : Unable to read config file '/odm/etc/init': open() failed: No such file or directory
01-01 05:30:16.891     0     0 I init    : Parsing file /product/etc/init...
01-01 05:30:16.896     0     0 I init    : Unable to read config file '/product/etc/init': open() failed: No such file or directory
01-01 05:30:16.907     0     0 I init    : processing action (SetupCgroups) from (<Builtin Action>:0)
01-01 05:30:16.918     0     0 E cgroup1 : Unknown subsys name 'blkio'
01-01 05:30:16.922     0     0 E libprocessgroup: Failed to mount blkio cgroup: Invalid argument
01-01 05:30:16.929     0     0 W libprocessgroup: Failed to setup blkio cgroup
01-01 05:30:16.949     0     0 I init    : processing action (SetKptrRestrict) from (<Builtin Action>:0)
01-01 05:30:16.957     0     0 I init    : processing action (TestPerfEventSelinux) from (<Builtin Action>:0)
01-01 05:30:16.966     0     0 I init    : processing action (early-init) from (/system/etc/init/hw/init.rc:15)
01-01 05:30:16.977     0     0 I init    : Command 'mkdir /acct/uid' action=early-init (/system/etc/init/hw/init.rc:30) took 1ms and failed: mkdir() failed on /acct/uid: Read-only file system
01-01 05:30:16.999     0     0 I init    : starting service 'exec 1 (/system/bin/bootstrap/linkerconfig --target /linkerconfig/bootstrap)'...
01-01 05:30:17.015     0     0 I init    : SVC_EXEC service 'exec 1 (/system/bin/bootstrap/linkerconfig --target /linkerconfig/bootstrap)' pid 162 (uid 0 gid 0+0 context default) started; waiting...
01-01 05:30:17.080     0     0 I init    : Service 'exec 1 (/system/bin/bootstrap/linkerconfig --target /linkerconfig/bootstrap)' (pid 162) exited with status 0 waiting took 0.067000 seconds
01-01 05:30:17.095     0     0 I init    : Sending signal 9 to service 'exec 1 (/system/bin/bootstrap/linkerconfig --target /linkerconfig/bootstrap)' (pid 162) process group...
01-01 05:30:17.109     0     0 I libprocessgroup: Successfully killed process cgroup uid 0 pid 162 in 0ms
01-01 05:30:17.121     0     0 I init    : starting service 'ueventd'...
01-01 05:30:17.131     0     0 I init    : starting service 'apexd-bootstrap'...
01-01 05:30:17.142     0     0 I init    : SVC_EXEC service 'apexd-bootstrap' pid 165 (uid 0 gid 1000+0 context default) started; waiting...
01-01 05:30:17.207     0     0 I ueventd : ueventd started!
01-01 05:30:17.214     0     0 I selinux : SELinux: Loaded file_contexts
01-01 05:30:17.219     0     0 I selinux :  
01-01 05:30:17.222     0     0 I ueventd : Parsing file /system/etc/ueventd.rc...
01-01 05:30:17.228     0     0 I ueventd : Added '/vendor/etc/ueventd.rc' to import list
01-01 05:30:17.234     0     0 I ueventd : Added '/odm/etc/ueventd.rc' to import list
01-01 05:30:17.238     0     0 I init    : Service 'apexd-bootstrap' (pid 165) exited with status 0 waiting took 0.099000 seconds
01-01 05:30:17.241     0     0 I ueventd : Parsing file /vendor/etc/ueventd.rc...
01-01 05:30:17.250     0     0 I init    : Sending signal 9 to service 'apexd-bootstrap' (pid 165) process group...
01-01 05:30:17.255     0     0 I ueventd : Unable to read config file '/vendor/etc/ueventd.rc': open() failed: No such file or directory
01-01 05:30:17.264     0     0 I libprocessgroup: Successfully killed process cgroup uid 0 pid 165 in 0ms
01-01 05:30:17.274     0     0 I ueventd : Parsing file /odm/etc/ueventd.rc...
01-01 05:30:17.287     0     0 I ueventd : Unable to read config file '/odm/etc/ueventd.rc': open() failed: No such file or directory
01-01 05:30:17.292     0     0 I init    : processing action (ro.product.cpu.abilist32=* && early-init) from (/system/etc/init/hw/init.rc:90)
01-01 05:30:17.298     0     0 I ueventd : Parsing file /vendor/ueventd.rc...
01-01 05:30:17.309     0     0 I init    : starting service 'boringssl_self_test32'...
01-01 05:30:17.315     0     0 I ueventd : Parsing file /odm/ueventd.rc...
01-01 05:30:17.325     0     0 I ueventd : Unable to read config file '/odm/ueventd.rc': open() failed: No such file or directory
01-01 05:30:17.336     0     0 I init    : SVC_EXEC service 'boringssl_self_test32' pid 166 (uid 0 gid 0+0 context default) started; waiting...
01-01 05:30:17.336     0     0 I ueventd : Parsing file /ueventd.m377.rc...
01-01 05:30:17.394     0     0 I init    : Service 'boringssl_self_test32' (pid 166) exited with status 0 waiting took 0.073000 seconds
01-01 05:30:17.404     0     0 I init    : Sending signal 9 to service 'boringssl_self_test32' (pid 166) process group...
01-01 05:30:17.413     0     0 I libprocessgroup: Successfully killed process cgroup uid 0 pid 166 in 0ms
01-01 05:30:17.422     0     0 I init    : processing action (early-init) from (/init.environ.rc:2)
01-01 05:30:17.430     0     0 I init    : processing action (early-init) from (/vendor/etc/init/hw/init.m377.rc:26)
01-01 05:30:17.450     0     0 I init    : processing action (early-init) from (/vendor/etc/init/hw/init.rts.rc:1)
01-01 05:30:17.459     0     0 I init    : processing action (early-init) from (/vendor/etc/init/android.hardware.boot-service.sagemcom.rc:2)
01-01 05:30:17.475     0     0 W         : ########## e2p.ko ##############
01-01 05:30:17.480     0     0 W         : ########## dm_e2p.ko ##############
01-01 05:30:17.486     0     0 I init    : processing action (ro.product.cpu.abilist32=* && early-init) from (/vendor/etc/init/boringssl_self_test.rc:2)
01-01 05:30:17.503     0     0 I init    : starting service 'boringssl_self_test32_vendor'...
01-01 05:30:17.515     0     0 I init    : SVC_EXEC service 'boringssl_self_test32_vendor' pid 168 (uid 0 gid 0+0 context default) started; waiting...
01-01 05:30:17.831     0     0 I init    : Service 'boringssl_self_test32_vendor' (pid 168) exited with status 0 waiting took 0.319000 seconds
01-01 05:30:17.842     0     0 I init    : Sending signal 9 to service 'boringssl_self_test32_vendor' (pid 168) process group...
01-01 05:30:17.852     0     0 I libprocessgroup: Successfully killed process cgroup uid 0 pid 168 in 0ms
01-01 05:30:17.861     0     0 I init    : processing action (wait_for_coldboot_done) from (<Builtin Action>:0)
01-01 05:30:17.875     0     0 I init    : Wait for property 'ro.cold_boot_done=true' took 5ms
01-01 05:30:17.882     0     0 I init    : processing action (SetMmapRndBits) from (<Builtin Action>:0)
01-01 05:30:17.882     0     0 I ueventd : Coldboot took 0.528 seconds
01-01 05:30:17.889     0     0 I init    : processing action (KeychordInit) from (<Builtin Action>:0)
01-01 05:30:17.901     0     0 I init    : processing action (init) from (/system/etc/init/hw/init.rc:119)
01-01 05:30:17.909     0     0 I init    : Command 'copy /system/etc/prop.default /dev/urandom' action=init (/system/etc/init/hw/init.rc:124) took 0ms and failed: Could not read input file '/system/etc/prop.default': open() failed: No such file or directory
01-01 05:30:17.941     0     0 I init    : Command 'write /dev/cpuctl/nnapi-hal/cpu.uclamp.min 1' action=init (/system/etc/init/hw/init.rc:185) took 0ms and failed: Unable to write to file '/dev/cpuctl/nnapi-hal/cpu.uclamp.min': open() failed: Permission denied
01-01 05:30:17.962     0     0 I init    : Command 'write /dev/cpuctl/nnapi-hal/cpu.uclamp.latency_sensitive 1' action=init (/system/etc/init/hw/init.rc:186) took 0ms and failed: Unable to write to file '/dev/cpuctl/nnapi-hal/cpu.uclamp.latency_sensitive': open() failed: Permission denied
01-01 05:30:18.048     0     0 I         : Registered swp emulation handler
01-01 05:30:18.054     0     0 I init    : Command 'write /dev/cpu_variant:${ro.bionic.2nd_arch} ${ro.bionic.2nd_cpu_variant}' action=init (/system/etc/init/hw/init.rc:425) took 0ms and failed: property 'ro.bionic.2nd_arch' doesn't exist while expanding '/dev/cpu_variant:${ro.bionic.2nd_arch}'
01-01 05:30:18.078     0     0 I init    : Command 'chmod 0444 /dev/cpu_variant:${ro.bionic.2nd_arch}' action=init (/system/etc/init/hw/init.rc:426) took 0ms and failed: property 'ro.bionic.2nd_arch' doesn't exist while expanding '/dev/cpu_variant:${ro.bionic.2nd_arch}'
01-01 05:30:18.101     0     0 I init    : starting service 'logd'...
01-01 05:30:18.106     0     0 I init    : Created socket '/dev/socket/logd', mode 666, user 1036, group 1036
01-01 05:30:18.114     0     0 I init    : Created socket '/dev/socket/logdr', mode 666, user 1036, group 1036
01-01 05:30:18.123     0     0 I init    : Created socket '/dev/socket/logdw', mode 222, user 1036, group 1036
01-01 05:30:18.131     0     0 I init    : Opened file '/proc/kmsg', flags 0
01-01 05:30:18.136     0     0 I init    : Opened file '/dev/kmsg', flags 1
01-01 05:30:18.153     0     0 I init    : Command 'start logd' action=init (/system/etc/init/hw/init.rc:439) took 51ms and succeeded
01-01 05:30:18.164     0     0 I init    : starting service 'lmkd'...
01-01 05:30:18.169     0     0 I init    : Created socket '/dev/socket/lmkd', mode 660, user 1000, group 1000
01-01 05:30:18.184     0     0 I init    : starting service 'servicemanager'...
01-01 05:30:18.198     0     0 I init    : starting service 'hwservicemanager'...
01-01 05:30:18.200     0     0 W logd    : libprocessgroup: Controller schedtune is not found
01-01 05:30:18.209     0     0 W libprocessgroup: Controller schedtune is not found
01-01 05:30:18.210     0     0 W logd    : libprocessgroup: Controller schedtune is not found
01-01 05:30:18.211     0     0 I init    : starting service 'vndservicemanager'...
01-01 05:30:18.216     0     0 W libprocessgroup: Controller schedtune is not found
01-01 05:30:18.217     0     0 I init    : processing action (ro.debuggable=1 && init) from (/system/etc/init/hw/init.rc:1228)
01-01 05:30:18.222     0     0 W logd    : libprocessgroup: SetAttribute: unknown attribute: STunePreferIdle
01-01 05:30:18.227     0     0 W libprocessgroup: SetAttribute: unknown attribute: STunePreferIdle
01-01 05:30:18.234     0     0 W logd    : libprocessgroup: SetAttribute: unknown attribute: STunePreferIdle
01-01 05:30:18.242     0     0 W libprocessgroup: SetAttribute: unknown attribute: STunePreferIdle
01-01 05:30:18.259     0     0 I logd.auditd: start
01-01 05:30:18.276     0     0 I init    : starting service 'console'...
01-01 05:30:18.290     0     0 I init    : Command 'start console' action=ro.debuggable=1 && init (/system/etc/init/hw/init.rc:1229) took 72ms and succeeded
01-01 05:30:18.302     0     0 I init    : processing action (init) from (/system/etc/init/hw/init.usb.rc:27)
01-01 05:30:18.311     0     0 I init    : processing action (init) from (/vendor/etc/init/hw/init.m377.rc:46)
01-01 05:30:18.320     0     0 I init    : Command 'symlink /sdcard /mnt/sdcard' action=init (/vendor/etc/init/hw/init.m377.rc:47) took 0ms and failed: symlink() failed: File exists
01-01 05:30:18.337     0     0 I init    : Command 'symlink /sdcard /storage/sdcard0' action=init (/vendor/etc/init/hw/init.m377.rc:48) took 1ms and failed: symlink() failed: Read-only file system
01-01 05:30:18.357     0     0 I init    : processing action (init) from (/vendor/etc/init/hw/init.block.rc:1)
01-01 05:30:18.367     0     0 I init    : Command 'symlink /dev/block/platform/rdb/84b1000.sdhci/by-name /dev/block/by-name' action=init (/vendor/etc/init/hw/init.block.rc:2) took 1ms and failed: symlink() failed: File exists
01-01 05:30:18.387     0     0 I init    : processing action (init) from (/vendor/etc/init/hw/init.mem.tune.rc:1)
01-01 05:30:18.396     0     0 I init    : processing action (init) from (/vendor/etc/init/hw/init.cpuset.rc:1)
01-01 05:30:18.416     0     0 I init    : processing action (init) from (/vendor/etc/init/hw/init.net.tune.rc:1)
01-01 05:30:18.428     0     0 I init    : processing action (init) from (/system/etc/init/audioserver.rc:62)
01-01 05:30:18.437     0     0 I init    : processing action (late-init) from (/system/etc/init/hw/init.rc:468)
01-01 05:30:18.446     0     0 I init    : processing action (late-init) from (/system/etc/init/atrace.rc:3)
01-01 05:30:18.472     0     0 I init    : processing action (queue_property_triggers) from (<Builtin Action>:0)
01-01 05:30:18.480     0     0 I init    : processing action (early-fs) from (/system/etc/init/hw/init.rc:504)
01-01 05:30:18.489     0     0 I init    : starting service 'vold'...
01-01 05:30:18.505     0     0 I init    : processing action (early-fs) from (/vendor/etc/init/hw/init.fs.rc:1)
01-01 05:30:18.514     0     0 I init    : processing action (fs) from (/vendor/etc/init/hw/init.fs.rc:4)
01-01 05:30:18.525     0     0 I init    : [libfs_mgr]superblock s_max_mnt_count:65535,/dev/block/by-name/cache
01-01 05:30:18.533     0     0 I init    : [libfs_mgr]Filesystem on /dev/block/by-name/cache was not cleanly shutdown; state flags: 0x1, incompat feature flags: 0x46
01-01 05:30:18.547     0     0 W EXT4-fs (mmcblk0p17): Ignoring removed nomblk_io_submit option
01-01 05:30:18.559     0     0 I EXT4-fs (mmcblk0p17): recovery complete
01-01 05:30:18.564     0     0 I EXT4-fs (mmcblk0p17): mounted filesystem with ordered data mode. Opts: errors=remount-ro,nomblk_io_submit
01-01 05:30:18.576     0     0 I init    : [libfs_mgr]check_fs(): mount(/dev/block/by-name/cache,/cache,ext4)=0: Success
01-01 05:30:18.587     0     0 I init    : [libfs_mgr]check_fs(): unmount(/cache) succeeded
01-01 05:30:18.594     0     0 I init    : [libfs_mgr]Running /system/bin/e2fsck on /dev/block/mmcblk0p17
01-01 05:30:18.633     0     0 I e2fsck  : e2fsck 1.45.4 (23-Sep-2019)
--------- beginning of system
01-01 05:30:18.640   186   186 I vold    : Vold 3.0 (the awakening) firing up
01-01 05:30:18.641   186   186 D vold    : Detected support for: ext4 f2fs vfat
01-01 05:30:18.647   186   186 D vold    : Found unmanaged dm device named vendor_dlkm-verity
01-01 05:30:18.647   186   186 D vold    : Found unmanaged dm device named system_a
01-01 05:30:18.647   186   186 D vold    : Found unmanaged dm device named vendor-verity
01-01 05:30:18.647   186   186 D vold    : Found unmanaged dm device named vendor_dlkm_a
01-01 05:30:18.647   186   186 D vold    : Found unmanaged dm device named vendor_a
01-01 05:30:18.647   186   186 D vold    : Found unmanaged dm device named system-verity
01-01 05:30:18.641     0     0 I e2fsck  : Pass 1: Checking inodes, blocks, and sizes
01-01 05:30:18.647     0     0 I e2fsck  : Pass 2: Checking directory structure
01-01 05:30:18.653     0     0 I e2fsck  : Pass 3: Checking directory connectivity
01-01 05:30:18.657   186   186 D vold    : VoldNativeService::start() completed OK
01-01 05:30:18.659     0     0 I e2fsck  : Pass 4: Checking reference counts
01-01 05:30:18.664     0     0 I e2fsck  : Pass 5: Checking group summary information
01-01 05:30:18.670     0     0 I e2fsck  : /dev/block/by-name/cache: 14/2048 files (0.0% non-contiguous), 1105/2048 blocks
01-01 05:30:18.708     0     0 I EXT4-fs (mmcblk0p17): mounted filesystem with ordered data mode. Opts:
01-01 05:30:18.725     0     0 I init    : [libfs_mgr]__mount(source=/dev/block/by-name/cache,target=/cache,type=ext4)=0: Success
01-01 05:30:18.764     0     0 I init    : Command 'mount_all /vendor/etc/fstab.bcm --early' action=fs (/vendor/etc/init/hw/init.fs.rc:6) took 242ms and succeeded
01-01 05:30:18.788     0     0 I init    : processing action (fs) from (/system/etc/init/logd.rc:28)
01-01 05:30:18.810     0     0 I init    : processing action (fs) from (/system/etc/init/wifi.rc:25)
01-01 05:30:18.836     0     0 I init    : processing action (fs) from (/vendor/etc/init/fddispatcher.rc:6)
01-01 05:30:18.863     0     0 I init    : starting service 'fddispatcher'...
01-01 05:30:18.890     0     0 I init    : SVC_EXEC service 'fddispatcher' pid 195 (uid 0 gid 0+0 context default) started; waiting...
01-01 05:30:18.914     0     0 I init    : Command 'exec_start fddispatcher' action=fs (/vendor/etc/init/fddispatcher.rc:8) took 51ms and succeeded
01-01 05:30:18.934     0     0 E init    : Unable to set property 'ro.vendor.sgc.hw.csn' from uid:0 gid:0 pid:195: Value is not a UTF8 encoded string
01-01 05:30:18.939     0     0 E init    : Unable to set property 'ro.vendor.sgc.hw.csn' from uid:0 gid:0 pid:195: Value is not a UTF8 encoded string
01-01 05:30:18.948     0     0 I init    : Service 'fddispatcher' (pid 195) exited with status 0 waiting took 0.061000 seconds
01-01 05:30:18.974     0     0 I init    : Sending signal 9 to service 'fddispatcher' (pid 195) process group...
01-01 05:30:18.995     0     0 I libprocessgroup: Successfully killed process cgroup uid 0 pid 195 in 0ms
01-01 05:30:19.022     0     0 I init    : processing action (post-fs) from (/system/etc/init/hw/init.rc:508)
01-01 05:30:19.048     0     0 I init    : starting service 'exec 2 (/system/bin/vdc checkpoint markBootAttempt)'...
01-01 05:30:19.078     0     0 I init    : SVC_EXEC service 'exec 2 (/system/bin/vdc checkpoint markBootAttempt)' pid 196 (uid 1000 gid 1000+0 context default) started; waiting...
01-01 05:30:19.102     0     0 I init    : Command 'exec - system system -- /system/bin/vdc checkpoint markBootAttempt' action=post-fs (/system/etc/init/hw/init.rc:509) took 53ms and succeeded
01-01 05:30:19.134     0     0 I init    : Service 'exec 2 (/system/bin/vdc checkpoint markBootAttempt)' (pid 196) exited with status 0 waiting took 0.058000 seconds
01-01 05:30:19.168     0     0 I init    : Sending signal 9 to service 'exec 2 (/system/bin/vdc checkpoint markBootAttempt)' (pid 196) process group...
01-01 05:30:19.199     0     0 I libprocessgroup: Successfully killed process cgroup uid 1000 pid 196 in 0ms
01-01 05:30:19.284     0     0 I init    : Command 'restorecon --recursive --cross-filesystems /sys/kernel/debug' action=post-fs (/system/etc/init/hw/init.rc:521) took 51ms and succeeded
01-01 05:30:19.310     0     0 I selinux : SELinux: Skipping restorecon on directory(/cache)
01-01 05:30:19.333     0     0 I selinux :  
01-01 05:30:19.360     0     0 I selinux : SELinux: Skipping restorecon on directory(/metadata)
01-01 05:30:19.380     0     0 I selinux :  
01-01 05:30:19.406     0     0 I selinux : SELinux: Skipping restorecon on directory(/metadata/apex)
01-01 05:30:19.427     0     0 I selinux :  
01-01 05:30:19.450     0     0 I init    : processing action (post-fs) from (/vendor/etc/init/hw/init.m377.rc:69)
01-01 05:30:19.480     0     0 I init    : processing action (post-fs) from (/vendor/etc/init/hw/init.earlycon.rc:1)
01-01 05:30:19.502     0     0 I init    : processing action (post-fs) from (/vendor/etc/init/hw/init.nx.rc:1)
01-01 05:30:19.530     0     0 I init    : starting service 'nxserver'...
01-01 05:30:19.558     0     0 I init    : starting service 'nxssd'...
01-01 05:30:19.581     0     0 I init    : processing action (post-fs) from (/vendor/etc/init/hw/init.brcm_dhd.insmod.rc:1)
01-01 05:30:19.610     0     0 I init    : starting service 'fddispatcher'...
01-01 05:30:19.634     0     0 I init    : SVC_EXEC service 'fddispatcher' pid 200 (uid 0 gid 0+0 context default) started; waiting...
01-01 05:30:19.645     0     0 W         : 00:00:05.737 nexus_platform_cma: reserved region:1 MEMC0 'MON' 0x045000000...0x045100000
01-01 05:30:19.654     0     0 W         : 00:00:05.747 nexus_platform_cma: reserved region:2 MEMC0 'BFW' 0x047000000...0x047040000
01-01 05:30:19.664     0     0 W         : 00:00:05.756 nexus_platform_cma: reserved region:3 MEMC0 'SSBM' 0x047040000...0x047050000
01-01 05:30:19.674     0     0 W         : 00:00:05.766 nexus_platform_cma: reserved region:6 MEMC0 'wifiSR' 0x080000000...0x082000000
01-01 05:30:19.683     0     0 W         : 00:00:05.776 nexus_platform_cma: reserved region:7 MEMC0 'bootscre' 0x0bd000000...0x0bf000000
01-01 05:30:19.685     0     0 I init    : Service 'fddispatcher' (pid 200) exited with status 0 waiting took 0.055000 seconds
01-01 05:30:19.693     0     0 W         : 00:00:05.786 nexus_platform_cma: reserved region:8 MEMC0 'NWMBOX' 0x0fdfff000...0x0fe000000
01-01 05:30:19.703     0     0 I init    : Sending signal 9 to service 'fddispatcher' (pid 200) process group...
01-01 05:30:19.712     0     0 W         : 00:00:05.805 nexus_platform_cma: reserved region:9 MEMC0 'SRR' 0x0fe000000...0x100000000
01-01 05:30:19.721     0     0 I libprocessgroup: Successfully killed process cgroup uid 0 pid 200 in 0ms
01-01 05:30:19.730     0     0 W         : 00:00:05.823 nexus_platform_cma: current Linux boot parameters: 'bmem=1004m@3056m'
01-01 05:30:19.739     0     0 I init    : processing action (post-fs) from (/vendor/etc/init/hw/init.brcm_bt.rc:1)
01-01 05:30:19.747     0     0 W         : 00:00:05.840 kernelinterface: MemoryBlock: 262144/253768/8352/248016/8352
01-01 05:30:19.756     0     0 I init    : processing action (post-fs) from (/system/etc/init/atrace_userdebug.rc:7)
01-01 05:30:19.763     0     0 W MemoryBlock: 262144/253768/8352/248016/8352
01-01 05:30:19.770     0     0 W         : 00:00:05.863 kernelinterface: MemoryBlock: 262144/258632/3488/248016/3488
01-01 05:30:19.772     0     0 I init    : processing action (ro.boot.bootreason=* && post-fs) from (/system/etc/init/bootstat.rc:6)
01-01 05:30:19.777     0     0 W MemoryBlock: 262144/258632/3488/248016/3488
01-01 05:30:19.778     0     0 W         : 00:00:05.870 nexus_platform_os: virtual irq: enabled (58)
01-01 05:30:19.786     0     0 I init    : processing action (post-fs) from (/system/etc/init/gsid.rc:8)
01-01 05:30:19.795     0     0 W *** 00  : 00:05.887 nexus_platform_os: virtual l2 enabled
01-01 05:30:19.801     0     0 I init    : processing action (late-fs) from (/system/etc/init/hw/init.rc:581)
01-01 05:30:19.807     0     0 W         : 00:00:05.900 nexus_platform_os: shared gpio banks: enabled
01-01 05:30:19.815     0     0 I init    : starting service 'system_suspend'...
01-01 05:30:19.821     0     0 W *** 00  : 00:05.913 nexus_platform_os: shared gpio enabled
01-01 05:30:19.833     0     0 I init    : starting service 'keystore2'...
01-01 05:30:19.836     0     0 W         : 00:00:05.929 nexus_platform_cma: MEMC0.-1 available 725MBytes of shared BMEM memory
01-01 05:30:19.870     0     0 I init    : starting service 'vendor.boot-hal-sgc'...
01-01 05:30:19.890     0     0 I init    : starting service 'vendor.gatekeeper-1-0-bcm'...
01-01 05:30:19.910     0     0 I init    : starting service 'vendor.keymaster-4-1-bcm'...
01-01 05:30:19.927     0     0 W *** 00  : 00:06.019 BCHP_PWR: BCHP_PWR POWER MANAGEMENT ENABLED
01-01 05:30:19.931     0     0 I init    : Command 'class_start early_hal' action=late-fs (/system/etc/init/hw/init.rc:588) took 115ms and succeeded
01-01 05:30:19.936     0     0 W         : 00:00:06.028 BCHP_PWR: skipping initial reset to extend splash across SAGE boot
01-01 05:30:19.946     0     0 I init    : starting service 'exec 3 (/system/bin/fsverity_init --load-verified-keys)'...
01-01 05:30:19.957     0     0 W         : 00:00:06.050 kernelinterface: MemoryBlock: 262144/260240/1880/248016/1880
01-01 05:30:19.970     0     0 I init    : SVC_EXEC service 'exec 3 (/system/bin/fsverity_init --load-verified-keys)' pid 210 (uid 0 gid 0+0 context default) started; waiting...
01-01 05:30:19.971     0     0 W MemoryBlock: 262144/260240/1880/248016/1880
01-01 05:30:19.991     0     0 W *** 00  : 00:06.084 nexus_platform: 97216 B0 URSR 22, boxmode 2, pmap 6, product 72127 B0
01-01 05:30:20.000     0     0 W         : 00:00:06.093 nexus_platform: NEXUS_SCM_ID_STRING:0a01c963b7a3ac4e1a67d3091d01f27436aa7300
01-01 05:30:20.010     0     0 W         : 00:00:06.103 nexus_environment: B_REFSW_BOXMODE='2', DRMBIN_PATH='/mnt/vendor/hwcfg', NEXUS_DEVICE_NODE='/dev/nxmw', NEXUS_WAKE_DEVICE_NODE='/dev/nxwk'
01-01 05:30:20.024     0     0 I init    : Service 'exec 3 (/system/bin/fsverity_init --load-verified-keys)' (pid 210) exited with status 0 waiting took 0.059000 seconds
01-01 05:30:20.025     0     0 W         : 00:00:06.118 nexus_environment: PAKBIN_PATH='/vendor/usr/pak', SAGEBIN_PATH='/vendor/bin', SAGECERT_PATH='/mnt/vendor/hwcfg'
01-01 05:30:20.039     0     0 I init    : Sending signal 9 to service 'exec 3 (/system/bin/fsverity_init --load-verified-keys)' (pid 210) process group...
01-01 05:30:20.051     0     0 W         : 00:00:06.144 nexus_environment: SWXPTBIN_PATH='/vendor/usr/tee', debug_log_size='2000', nexus_logger='/vendor/bin/nxserver', nexus_logger_file='disabled'
01-01 05:30:20.063     0     0 I libprocessgroup: Successfully killed process cgroup uid 0 pid 210 in 0ms
01-01 05:30:20.078     0     0 W         : 00:00:06.171 nexus_environment: sage_log_file_path='/data/vendor/misc/ssl'
01-01 05:30:20.087     0     0 E init    : Control message: Could not find 'android.hardware.keymaster@4.0::IKeymasterDevice/default' for ctl.interface_start from pid: 178 (/system/bin/hwservicemanager)
01-01 05:30:20.095     0     0 W         : 00:00:06.188 BHSM: KeySlot types: IvPerSlot128[21+3] IvPerBlock128[32] IvPerBlock256[11] IvPerEntry256[6]
01-01 05:30:20.110     0     0 I init    : processing action (ro.kernel.version=5.4 && late-fs) from (/system/etc/init/hw/init.rc:600)
01-01 05:30:20.121     0     0 W         : 00:00:06.214 BHSMa: SECURITY VERSION: Zeus[5.2.0] BFW[2.6.6] OTP[ZF]
01-01 05:30:20.132     0     0 E init    : Control message: Could not find 'android.hardware.keymaster@4.0::IKeymasterDevice/default' for ctl.interface_start from pid: 178 (/system/bin/hwservicemanager)
01-01 05:30:20.151     0     0 W         : 00:00:06.243 BHSM: External Keyslots, [22] of [32] available
01-01 05:30:20.155     0     0 I init    : processing action (late-fs) from (/system/etc/init/hw/init.rc:602)
01-01 05:30:20.163     0     0 W ### 00  : 00:06.256 nexus_sage_dpc: bp3_feature_MTSIF is disabled in the BP3 license, but enabled in Refsw/URSR build!
01-01 05:30:20.170     0     0 I init    : processing action (late-fs) from (/vendor/etc/init/hw/init.fs.rc:9)
01-01 05:30:20.181     0     0 W ### 00  : 00:06.273 nexus_sage_dpc: MTSIF workaround !!!
01-01 05:30:20.189     0     0 I init    : starting service 'wait_for_keymaster'...
01-01 05:30:20.216     0     0 I init    : SVC_EXEC service 'wait_for_keymaster' pid 217 (uid 0 gid 0+1 context default) started; waiting...
01-01 05:30:20.232     0     0 I wait_for_keymaster: Waiting for Keymaster device
01-01 05:30:20.239     0     0 W         : 00:00:06.332 BSAGElib_boot: BUS (BP3 Unified Security) Chipset, Personalized to ZB
01-01 05:30:20.248     0     0 W         : 00:00:06.341 BSAGElib_boot: SAGE Framework  [RELEASE=4.2.1.0, Tool=4.4.2.0, Part: ZB, Signed: NORMAL]
01-01 05:30:20.249     0     0 E init    : Control message: Could not find 'aidl/android.system.keystore2.IKeystoreService/default' for ctl.interface_start from pid: 176 (/system/bin/servicemanager)
01-01 05:30:21.086     0     0 E init    : Control message: Could not find 'android.hardware.keymaster@4.0::IKeymasterDevice/default' for ctl.interface_start from pid: 178 (/system/bin/hwservicemanager)
01-01 05:30:21.229     0     0 W         : 00:00:07.321 BSAGElib_boot: SAGE Bootloader (Already running) [4.1.14.0]
01-01 05:30:21.239     0     0 W         : 00:00:07.331 BSAGElib: SAGE TA: ANTIROLLBACK [Version=4.2.6.0, Tool=4.4.2.0, Part: ZB, Signed: NORMAL]
01-01 05:30:21.240     0     0 W ServiceManager: Waited one second for android.system.keystore2.IKeystoreService/default (is service started? are binder threads started and available?)
01-01 05:30:21.265     0     0 E init    : Control message: Could not find 'aidl/android.system.keystore2.IKeystoreService/default' for ctl.interface_start from pid: 176 (/system/bin/servicemanager)
01-01 05:30:21.407     0     0 W         : 00:00:07.499 nexus_sage_ar: Sage AR TA running with Builtin database version 21, [N:3]
01-01 05:30:21.429     0     0 W         : 00:00:07.522 nexus_sage_ssd: SAGE SSD default rootKeySrc A
01-01 05:30:21.444     0     0 W         : 00:00:07.537 BSAGElib: SAGE TA: SSD [Version=4.2.4.0, Tool=4.4.2.0, Part: ZB, Signed: NORMAL]
01-01 05:30:21.559     0     0 W         : 00:00:07.652 BSAGElib: SAGE TA: KEYMASTER [Version=4.2.1.0, Tool=4.4.2.0, Part: ZB, Signed: NORMAL]
01-01 05:30:21.695     0     0 W         : 00:00:07.787 nexus_platform: OTP [Part Type=ZF51]
01-01 05:30:21.701     0     0 W         : 00:00:07.793 nexus_platform: OTP public ID [CHIPID=0x060084D818A5AB18]
01-01 05:30:21.709     0     0 W *** 00  : 00:07.802 b_objdb_class: Class:'NEXUS_Heap' count:9 live:9
01-01 05:30:21.716     0     0 W *** 00  : 00:07.809 nexus_platform: initialized
01-01 05:30:22.087     0     0 E init    : Control message: Could not find 'android.hardware.keymaster@4.0::IKeymasterDevice/default' for ctl.interface_start from pid: 178 (/system/bin/hwservicemanager)
01-01 05:30:22.265     0     0 W ServiceManager: Waited one second for android.system.keystore2.IKeystoreService/default (is service started? are binder threads started and available?)
01-01 05:30:22.281     0     0 E init    : Control message: Could not find 'aidl/android.system.keystore2.IKeystoreService/default' for ctl.interface_start from pid: 176 (/system/bin/servicemanager)
01-01 05:30:23.280     0     0 W ServiceManager: Waited one second for android.system.keystore2.IKeystoreService/default (is service started? are binder threads started and available?)
01-01 05:30:23.296     0     0 I wait_for_keymaster: Keymaster device ready
01-01 05:30:23.303     0     0 I binder  : undelivered transaction 180, process died.
01-01 05:30:23.303     0     0 I init    : Service 'wait_for_keymaster' (pid 217) exited with status 0 waiting took 3.100000 seconds
01-01 05:30:23.318     0     0 I init    : Sending signal 9 to service 'wait_for_keymaster' (pid 217) process group...
01-01 05:30:23.327     0     0 I libprocessgroup: Successfully killed process cgroup uid 0 pid 217 in 0ms
01-01 05:30:23.337     0     0 I init    : Calling: /system/bin/vdc checkpoint needsCheckpoint
01-01 05:30:23.364     0     0 D vdc     : Waited 0ms for vold
01-01 05:30:23.370     0     0 I init    : [libfs_mgr]Invalid f2fs superblock on '/dev/block/by-name/userdata'
01-01 05:30:23.378     0     0 E init    : [libfs_mgr]mount_with_alternatives(): skipping mount due to invalid magic, mountpoint=/data blk_dev=/dev/block/mmcblk0p18 rec[1].fs_type=f2fs
01-01 05:30:23.393     0     0 I init    : Calling: /system/bin/vdc cryptfs mountFstab /dev/block/by-name/userdata /data
01-01 05:30:23.420   186   186 D vold    : fscrypt_mount_metadata_encrypted: /data encrypt: 0 format: 0 with null
01-01 05:30:23.420   186   186 D vold    : metadata_key_dir/key: /metadata/vold/metadata_encryption/key
01-01 05:30:23.422     0     0 D vdc     : Waited 0ms for vold
01-01 05:30:23.422   186   186 D vold    : Key exists, using: /metadata/vold/metadata_encryption/key
01-01 05:30:23.465   186   186 D vold    : Mounting metadata-encrypted filesystem:/data
01-01 05:30:23.467   186   186 I vold    : [libfs_mgr]Running /system/bin/fsck.f2fs -a -c 10000 --debug-cache /dev/block/dm-6
01-01 05:30:23.487     0     0 I fsck.f2fs: Info: Fix the reported corruption.
01-01 05:30:23.492     0     0 I fsck.f2fs: Info: No support kernel version!
01-01 05:30:23.498     0     0 I fsck.f2fs: Info: Segments per section = 1
01-01 05:30:23.503     0     0 I fsck.f2fs: Info: Sections per zone = 1
01-01 05:30:23.508     0     0 I fsck.f2fs: Info: sector size = 4096
01-01 05:30:23.513     0     0 I fsck.f2fs: Info: total sectors = 2688000 (10500 MB)
01-01 05:30:23.519     0     0 I fsck.f2fs: Info: MKFS version
01-01 05:30:23.523     0     0 I fsck.f2fs: "5.4.233"
01-01 05:30:23.526     0     0 I fsck.f2fs: Info: FSCK version
01-01 05:30:23.531     0     0 I fsck.f2fs: from "5.4.233"
01-01 05:30:23.534     0     0 I fsck.f2fs: to "5.4.233"
01-01 05:30:23.538     0     0 I fsck.f2fs: Info: superblock features = 1499 :  encrypt verity extra_attr project_quota quota_ino casefold
01-01 05:30:23.549     0     0 I fsck.f2fs: Info: superblock encrypt level = 0, salt = 00000000000000000000000000000000
01-01 05:30:23.558     0     0 I fsck.f2fs: Info: total FS sectors = 2688000 (10500 MB)
01-01 05:30:23.564     0     0 I fsck.f2fs: Info: CKPT version = 40c18267
01-01 05:30:23.569     0     0 I fsck.f2fs: Info: checkpoint state = 46 :  crc compacted_summary orphan_inodes sudden-power-off
01-01 05:30:23.579     0     0 I fsck.f2fs: Info: No error was reported
01-01 05:30:23.584     0     0 I fsck.f2fs:  
01-01 05:30:23.586     0     0 I fsck.f2fs: c, u, RA, CH, CM, Repl=
01-01 05:30:23.591     0     0 I fsck.f2fs: 10000 1641 6762 5121 1641 0
01-01 05:30:23.598     0     0 I F2FS-fs (dm-6): Using encoding defined by superblock: utf8-12.1.0 with flags 0x0
01-01 05:30:23.689     0     0 I F2FS-fs (dm-6): recover_inode: ino = daf8, name = <encrypted>, inline = 21
01-01 05:30:23.697     0     0 I F2FS-fs (dm-6): recover_dentry: ino = daf8, name = <encrypted>, dir = cd, err = 0
01-01 05:30:23.706     0     0 I F2FS-fs (dm-6): recover_data: ino = daf8 (i_size: recover) recovered = 1, err = 0
01-01 05:30:23.715     0     0 I F2FS-fs (dm-6): recover_inode: ino = daf9, name = <encrypted>, inline = 21
01-01 05:30:23.724     0     0 I F2FS-fs (dm-6): recover_dentry: ino = daf9, name = <encrypted>, dir = ba, err = 0
01-01 05:30:23.732     0     0 I F2FS-fs (dm-6): recover_data: ino = daf9 (i_size: recover) recovered = 6, err = 0
01-01 05:30:23.747     0     0 I F2FS-fs (dm-6): checkpoint: version = 40c18268
01-01 05:30:23.753     0     0 I F2FS-fs (dm-6): Mounted with checkpoint version = 40c18268
01-01 05:30:23.758   186   186 I vold    : [libfs_mgr]__mount(source=/dev/block/dm-6,target=/data,type=f2fs)=0: Success
01-01 05:30:23.759   186   186 D vold    : Mounted /data
01-01 05:30:23.759   186   192 D vold    : Disk at 252:6 changed
01-01 05:30:23.771     0     0 I init    : Userdata mounted using /vendor/etc/fstab.bcm result : 7
01-01 05:30:23.778     0     0 I init    : Keyring created with id 344414127 in process 1
01-01 05:30:23.784     0     0 I init    : Command 'mount_all /vendor/etc/fstab.bcm --late' action=late-fs (/vendor/etc/init/hw/init.fs.rc:11) took 447ms and succeeded
01-01 05:30:23.800     0     0 I init    : processing action (post-fs-data) from (/system/etc/init/hw/init.rc:616)
01-01 05:30:23.809     0     0 I init    : starting service 'exec 4 (/system/bin/vdc checkpoint prepareCheckpoint)'...
01-01 05:30:23.821     0     0 I init    : SVC_EXEC service 'exec 4 (/system/bin/vdc checkpoint prepareCheckpoint)' pid 288 (uid 1000 gid 1000+0 context default) started; waiting...
01-01 05:30:23.835   186   186 I Checkpoint: cp_prepareCheckpoint called
01-01 05:30:23.838     0     0 I init    : Service 'exec 4 (/system/bin/vdc checkpoint prepareCheckpoint)' (pid 288) exited with status 0 waiting took 0.019000 seconds
01-01 05:30:23.851     0     0 I init    : Sending signal 9 to service 'exec 4 (/system/bin/vdc checkpoint prepareCheckpoint)' (pid 288) process group...
01-01 05:30:23.863     0     0 I libprocessgroup: Successfully killed process cgroup uid 1000 pid 288 in 0ms
01-01 05:30:23.874     0     0 I init    : starting service 'exec 5 (/system/bin/vdc --wait cryptfs enablefilecrypto)'...
01-01 05:30:23.887     0     0 I init    : SVC_EXEC service 'exec 5 (/system/bin/vdc --wait cryptfs enablefilecrypto)' pid 289 (uid 0 gid 0+0 context default) started; waiting...
01-01 05:30:23.900   186   186 I vold    : fscrypt_initialize_systemwide_keys
01-01 05:30:23.902     0     0 D vdc     : Waited 0ms for vold
01-01 05:30:23.902   186   186 D vold    : Key exists, using: /data/unencrypted/key
01-01 05:30:23.919   186   186 D vold    : Installed fscrypt key with ref 9309a320b53d920b255244c3fe34821a to /data
01-01 05:30:23.919   186   186 D vold    : Added fscrypt-provisioning key for 9309a320b53d920b255244c3fe34821a to session keyring
01-01 05:30:23.922   186   186 I vold    : Wrote system DE key reference to:/data/unencrypted/ref
01-01 05:30:23.922   186   186 D vold    : Generating standard storage key
01-01 05:30:23.922   186   186 D vold    : Installed fscrypt key with ref b1a527bc5da4cb2783a8608b48df520b to /data
01-01 05:30:23.922   186   186 D vold    : Added fscrypt-provisioning key for b1a527bc5da4cb2783a8608b48df520b to session keyring
01-01 05:30:23.923   186   186 I vold    : Wrote per boot key reference to:/data/unencrypted/per_boot_ref
01-01 05:30:23.927     0     0 I init    : Service 'exec 5 (/system/bin/vdc --wait cryptfs enablefilecrypto)' (pid 289) exited with status 0 waiting took 0.042000 seconds
01-01 05:30:23.940     0     0 I init    : Sending signal 9 to service 'exec 5 (/system/bin/vdc --wait cryptfs enablefilecrypto)' (pid 289) process group...
01-01 05:30:23.952     0     0 I libprocessgroup: Successfully killed process cgroup uid 0 pid 289 in 0ms
01-01 05:30:23.962     0     0 I init    : Verified that /data/bootchart has the encryption policy 9309a320b53d920b255244c3fe34821a v2 modes 1/4 flags 0x2
01-01 05:30:23.974     0     0 I fscrypt : AES-256-CTS-CBC using implementation "cts-cbc-aes-ce"
01-01 05:30:23.983     0     0 I fscrypt : AES-256-XTS using implementation "xts-aes-ce"
01-01 05:30:23.990     0     0 I init    : Verified that /data/vendor has the encryption policy 9309a320b53d920b255244c3fe34821a v2 modes 1/4 flags 0x2
01-01 05:30:24.002     0     0 I init    : Not setting encryption policy on: /data/vendor_ce
01-01 05:30:24.009     0     0 I init    : Not setting encryption policy on: /data/vendor_de
01-01 05:30:24.017     0     0 I init    : Verified that /data/anr has the encryption policy 9309a320b53d920b255244c3fe34821a v2 modes 1/4 flags 0x2
01-01 05:30:24.030     0     0 I init    : Verified that /data/tombstones has the encryption policy 9309a320b53d920b255244c3fe34821a v2 modes 1/4 flags 0x2
01-01 05:30:24.043     0     0 I init    : starting service 'tombstoned'...
01-01 05:30:24.048     0     0 I init    : Created socket '/dev/socket/tombstoned_crash', mode 666, user 1000, group 1000
01-01 05:30:24.058     0     0 I init    : Created socket '/dev/socket/tombstoned_intercept', mode 666, user 1000, group 1000
01-01 05:30:24.067     0     0 I init    : Created socket '/dev/socket/tombstoned_java_trace', mode 666, user 1000, group 1000
01-01 05:30:24.088     0     0 I init    : Switched to default mount namespace
01-01 05:30:24.094     0     0 I init    : Verified that /data/misc has the encryption policy 9309a320b53d920b255244c3fe34821a v2 modes 1/4 flags 0x2
01-01 05:30:24.109     0     0 I init    : starting service 'exec 6 (/system/bin/vdc keymaster earlyBootEnded)'...
01-01 05:30:24.120     0     0 I init    : SVC_EXEC service 'exec 6 (/system/bin/vdc keymaster earlyBootEnded)' pid 295 (uid 1000 gid 1000+0 context default) started; waiting...
01-01 05:30:24.135   186   186 I incfs   : Initial API level of the device: 31
01-01 05:30:24.135   186   186 I incfs   : ro.incremental.enable: yes
01-01 05:30:24.135   186   186 I incfs   : isFsAvailable: true
01-01 05:30:24.135   186   186 I incfs   : isFsAvailable: true
01-01 05:30:24.135   186   186 I incfs   : IncFs_Features: v2
