01-01 05:30:35.966   630   630 W PackageSettings: Missing permission state for shared user: android.uid.uwb
01-01 05:30:35.968   630   630 W PackageSettings: Missing permission state for shared user: android.uid.phone
01-01 05:30:35.970   630   630 D PackageManagerTiming: read user settings took to complete: 396ms
01-01 05:30:35.974   630   630 D PackageManager: Keeping known cache 9d0cb7cecf22d045a267f2318c74d9a4b625edf4
01-01 05:30:35.978   630   630 W android.permission.PermissionManager: Missing ActivityManager; assuming 1000 holds android.permission.WATCH_APPOPS
01-01 05:30:35.980   630   630 W android.permission.PermissionManager: Missing ActivityManager; assuming 1000 holds android.permission.WATCH_APPOPS
01-01 05:30:35.991   630   630 D CompatibilityChangeReporter: Compat change id reported: 143539591; UID -1; state: ENABLED
01-01 05:30:36.018   630   630 W PackageManager: Failed to parse /system/product/overlay/TvFrameworkOverlay.apk: /system/product/overlay/TvFrameworkOverlay.apk (at Binary XML file line #23): <overlay> priority must be between 0 and 9999
01-01 05:30:36.028   630   630 W PackageManager: Failed to parse /system/framework/arm: Missing base APK in /system/framework/arm
01-01 05:30:36.028   630   630 W PackageManager: Failed to parse /system/framework/oat: Missing base APK in /system/framework/oat/arm
01-01 05:30:36.090   630   630 D CompatibilityChangeReporter: Compat change id reported: 143539591; UID -1; state: DISABLED
01-01 05:30:36.090   630   630 D CompatibilityChangeReporter: Compat change id reported: 168782947; UID -1; state: DISABLED
01-01 05:30:36.104   630   630 W PackageManager: Failed to scan /system/priv-app/DishLiveTvDebug: Package com.android.tv at /system/priv-app/DishLiveTvDebug ignored: updated version 1202128 better than this 1201147
01-01 05:30:36.229     0     0 E init    : Control message: Could not find 'aidl/package_native' for ctl.interface_start from pid: 176 (/system/bin/servicemanager)
01-01 05:30:36.302   630   630 W PackageManager: Failed to scan /system/app/PlayAutoInstallConfig: Package android.autoinstalls.config.sagemcom.device at /system/app/PlayAutoInstallConfig ignored: updated version 1001 better than this 1
01-01 05:30:36.359   630   630 W PackageManager: Failed to scan /system/product/priv-app/AtvRemoteService: Package com.google.android.tv.remote.service at /system/product/priv-app/AtvRemoteService ignored: updated version 95855326 better than this 95855272
01-01 05:30:36.361   630   630 W PackageManager: Failed to scan /system/product/priv-app/talkback: Package com.google.android.marvin.talkback at /system/product/priv-app/talkback ignored: updated version 60139641 better than this 60135201
01-01 05:30:36.370   630   630 W PackageManager: Failed to scan /system/product/priv-app/TVLauncher: Package com.google.android.tvlauncher at /system/product/priv-app/TVLauncher ignored: updated version 1010925209 better than this 1010921601
01-01 05:30:36.374   630   630 W PackageManager: Failed to scan /system/product/priv-app/SetupWraithPrebuilt: Package com.google.android.tungsten.setupwraith at /system/product/priv-app/SetupWraithPrebuilt ignored: updated version 2018114292 better than this 2018112890
01-01 05:30:36.377   630   630 W PackageManager: Failed to scan /system/product/priv-app/Katniss: Package com.google.android.katniss at /system/product/priv-app/Katniss ignored: updated version 15000803 better than this 15000660
01-01 05:30:36.388   630   630 W PackageManager: Failed to scan /system/product/priv-app/AndroidMediaShell: Package com.google.android.apps.mediashell at /system/product/priv-app/AndroidMediaShell ignored: updated version 425634212 better than this 3299091
01-01 05:30:36.389   630   630 W PackageManager: Failed to scan /system/product/priv-app/Tubesky: Package com.android.vending at /system/product/priv-app/Tubesky ignored: updated version 84241418 better than this 84061718
01-01 05:30:36.391   630   630 W PackageManager: Failed to scan /system/product/priv-app/TVRecommendations: Package com.google.android.tvrecommendations at /system/product/priv-app/TVRecommendations ignored: updated version 1010916849 better than this 1010911441
01-01 05:30:36.403   630   630 W PackageManager: Failed to scan /system/product/priv-app/PrebuiltGmsCorePano: Package com.google.android.gms at /system/product/priv-app/PrebuiltGmsCorePano ignored: updated version 243333119 better than this 241017106
01-01 05:30:36.429   630   630 W PackageManager: Failed to scan /system/product/app/PlayGamesPano: Package com.google.android.play.games at /system/product/app/PlayGamesPano ignored: updated version 517324270 better than this 501494270
01-01 05:30:36.432   630   630 W PackageManager: Failed to scan /system/product/app/WebViewGoogle: Package com.google.android.webview at /system/product/app/WebViewGoogle ignored: updated version 653310330 better than this 609923030
01-01 05:30:36.437   630   630 W PackageManager: Failed to scan /system/product/app/Netflix: Package com.netflix.ninja at /system/product/app/Netflix ignored: updated version 19126 better than this 18316
01-01 05:30:36.441   630   630 W PackageManager: Failed to scan /system/product/app/YouTubeLeanback: Package com.google.android.youtube.tv at /system/product/app/YouTubeLeanback ignored: updated version 502301320 better than this 431300320
01-01 05:30:36.443   630   630 W PackageManager: Failed to scan /system/product/app/LatinIMEGoogleTvPrebuilt: Package com.google.android.inputmethod.latin at /system/product/app/LatinIMEGoogleTvPrebuilt ignored: updated version 148254981 better than this 110128545
01-01 05:30:36.446   630   630 W PackageManager: Failed to scan /system/product/app/VideosPano: Package com.google.android.videos at /system/product/app/VideosPano ignored: updated version 44015257 better than this 44007093
01-01 05:30:36.470   630   630 D CompatibilityChangeReporter: Compat change id reported: 168782947; UID -1; state: ENABLED
01-01 05:30:36.560   630   630 I PackageManager: Finished scanning system apps. Time: 589 ms, packageCount: 101 , timePerPackage: 5 , cached: 118
01-01 05:30:36.578   630   630 W PackageManager: Relax SCAN_REQUIRE_KNOWN requirement for package android.autoinstalls.config.sagemcom.device
01-01 05:30:36.585   630   630 D CompatibilityChangeReporter: Compat change id reported: 133396946; UID -1; state: ENABLED
01-01 05:30:36.604   630   630 W PackageManager: Relax SCAN_REQUIRE_KNOWN requirement for package com.android.tv
01-01 05:30:36.625   630   630 W PackageManager: Relax SCAN_REQUIRE_KNOWN requirement for package com.google.android.webview
01-01 05:30:36.677   630   685 W PackageParsing: No actions in intent-filter at /data/app/~~pPWFATLGuEoXk6y-Qp1KcA==/com.google.android.tungsten.setupwraith-AWdXI4dGq-48E4bxR2PIbw==/base.apk Binary XML file line #234
01-01 05:30:36.679   630   686 I PackageParsing: Parse times for '/data/app/~~qtjj8OTGAp1ID00TsQ8Y-A==': parse=97ms, update_cache=10 ms
01-01 05:30:36.680   630   630 W PackageManager: Relax SCAN_REQUIRE_KNOWN requirement for package com.google.android.youtube.tv
01-01 05:30:36.686   630   688 I PackageParsing: Parse times for '/data/app/~~gnTEZzyVrbkiKLMRm-VMFQ==': parse=106ms, update_cache=8 ms
01-01 05:30:36.686   630   630 W PackageManager: Relax SCAN_REQUIRE_KNOWN requirement for package com.google.android.inputmethod.latin
01-01 05:30:36.697   630   630 W PackageManager: Relax SCAN_REQUIRE_KNOWN requirement for package com.google.android.tv.remote.service
01-01 05:30:36.707   630   685 I PackageParsing: Parse times for '/data/app/~~pPWFATLGuEoXk6y-Qp1KcA==': parse=111ms, update_cache=8 ms
01-01 05:30:36.707   630   630 W PackageManager: Relax SCAN_REQUIRE_KNOWN requirement for package com.google.android.play.games
01-01 05:30:36.711   630   687 I PackageParsing: Parse times for '/data/app/~~8Me-9F5BSGa6LbltNKRq0A==': parse=122ms, update_cache=9 ms
01-01 05:30:36.712   630   630 W PackageManager: Relax SCAN_REQUIRE_KNOWN requirement for package com.google.android.tungsten.setupwraith
01-01 05:30:36.734   630   630 W PackageManager: Relax SCAN_REQUIRE_KNOWN requirement for package com.google.android.apps.mediashell
01-01 05:30:36.746   630   630 W PackageManager: Relax SCAN_REQUIRE_KNOWN requirement for package com.google.android.tvrecommendations
01-01 05:30:36.757   630   630 W PackageManager: Relax SCAN_REQUIRE_KNOWN requirement for package com.google.android.tvlauncher
01-01 05:30:36.769   630   630 W PackageManager: Relax SCAN_REQUIRE_KNOWN requirement for package com.google.android.videos
01-01 05:30:36.783   630   630 W PackageManager: Relax SCAN_REQUIRE_KNOWN requirement for package com.google.android.marvin.talkback
01-01 05:30:36.801   630   630 W PackageManager: Relax SCAN_REQUIRE_KNOWN requirement for package com.netflix.ninja
01-01 05:30:36.872   630   686 I PackageParsing: Parse times for '/data/app/~~Do-t7fzLFY0blumjwYYIfw==': parse=110ms, update_cache=7 ms
01-01 05:30:36.873   630   630 W PackageManager: Relax SCAN_REQUIRE_KNOWN requirement for package com.google.android.katniss
01-01 05:30:36.918   630   688 I PackageParsing: Parse times for '/data/app/~~EOUoJKxiHRBAnxTXsETttg==': parse=185ms, update_cache=11 ms
01-01 05:30:36.919   630   630 W PackageManager: Relax SCAN_REQUIRE_KNOWN requirement for package com.android.vending
01-01 05:30:37.070   630   687 W PackageParsing: Unknown element under <manifest>: uses-sdk at /data/app/~~FZ1asTsxrhZgfhyz8FS_5A==/com.google.android.gms-08pYsucI8N2od4lgw5aB6Q==/base.apk Binary XML file line #3
01-01 05:30:37.070   630   687 W PackageParsing: Unknown element under <manifest>: module at /data/app/~~FZ1asTsxrhZgfhyz8FS_5A==/com.google.android.gms-08pYsucI8N2od4lgw5aB6Q==/base.apk Binary XML file line #5
01-01 05:30:37.070   630   687 W PackageParsing: Unknown element under <manifest>: permission at /data/app/~~FZ1asTsxrhZgfhyz8FS_5A==/com.google.android.gms-08pYsucI8N2od4lgw5aB6Q==/base.apk Binary XML file line #15
01-01 05:30:37.071   630   687 W PackageParsing: Unknown element under <manifest>: compatible-screens at /data/app/~~FZ1asTsxrhZgfhyz8FS_5A==/com.google.android.gms-08pYsucI8N2od4lgw5aB6Q==/base.apk Binary XML file line #20
01-01 05:30:37.073   630   687 W PackageParsing: Unknown element under <manifest>: uses-sdk at /data/app/~~FZ1asTsxrhZgfhyz8FS_5A==/com.google.android.gms-08pYsucI8N2od4lgw5aB6Q==/base.apk Binary XML file line #3
01-01 05:30:37.073   630   687 W PackageParsing: Unknown element under <manifest>: module at /data/app/~~FZ1asTsxrhZgfhyz8FS_5A==/com.google.android.gms-08pYsucI8N2od4lgw5aB6Q==/base.apk Binary XML file line #5
01-01 05:30:37.074   630   687 W PackageParsing: Unknown element under <manifest>: permission at /data/app/~~FZ1asTsxrhZgfhyz8FS_5A==/com.google.android.gms-08pYsucI8N2od4lgw5aB6Q==/base.apk Binary XML file line #15
01-01 05:30:37.074   630   687 W PackageParsing: Unknown element under <manifest>: compatible-screens at /data/app/~~FZ1asTsxrhZgfhyz8FS_5A==/com.google.android.gms-08pYsucI8N2od4lgw5aB6Q==/base.apk Binary XML file line #20
01-01 05:30:37.076   630   687 W PackageParsing: Unknown element under <manifest>: uses-sdk at /data/app/~~FZ1asTsxrhZgfhyz8FS_5A==/com.google.android.gms-08pYsucI8N2od4lgw5aB6Q==/base.apk Binary XML file line #3
01-01 05:30:37.076   630   687 W PackageParsing: Unknown element under <manifest>: module at /data/app/~~FZ1asTsxrhZgfhyz8FS_5A==/com.google.android.gms-08pYsucI8N2od4lgw5aB6Q==/base.apk Binary XML file line #5
01-01 05:30:37.076   630   687 W PackageParsing: Unknown element under <manifest>: permission at /data/app/~~FZ1asTsxrhZgfhyz8FS_5A==/com.google.android.gms-08pYsucI8N2od4lgw5aB6Q==/base.apk Binary XML file line #15
01-01 05:30:37.077   630   687 W PackageParsing: Unknown element under <manifest>: compatible-screens at /data/app/~~FZ1asTsxrhZgfhyz8FS_5A==/com.google.android.gms-08pYsucI8N2od4lgw5aB6Q==/base.apk Binary XML file line #20
01-01 05:30:37.079   630   687 W PackageParsing: Unknown element under <manifest>: uses-sdk at /data/app/~~FZ1asTsxrhZgfhyz8FS_5A==/com.google.android.gms-08pYsucI8N2od4lgw5aB6Q==/base.apk Binary XML file line #3
01-01 05:30:37.079   630   687 W PackageParsing: Unknown element under <manifest>: module at /data/app/~~FZ1asTsxrhZgfhyz8FS_5A==/com.google.android.gms-08pYsucI8N2od4lgw5aB6Q==/base.apk Binary XML file line #5
01-01 05:30:37.079   630   687 W PackageParsing: Unknown element under <manifest>: permission at /data/app/~~FZ1asTsxrhZgfhyz8FS_5A==/com.google.android.gms-08pYsucI8N2od4lgw5aB6Q==/base.apk Binary XML file line #15
01-01 05:30:37.080   630   687 W PackageParsing: Unknown element under <manifest>: compatible-screens at /data/app/~~FZ1asTsxrhZgfhyz8FS_5A==/com.google.android.gms-08pYsucI8N2od4lgw5aB6Q==/base.apk Binary XML file line #20
01-01 05:30:37.082   630   687 W PackageParsing: Unknown element under <manifest>: uses-sdk at /data/app/~~FZ1asTsxrhZgfhyz8FS_5A==/com.google.android.gms-08pYsucI8N2od4lgw5aB6Q==/base.apk Binary XML file line #3
01-01 05:30:37.082   630   687 W PackageParsing: Unknown element under <manifest>: module at /data/app/~~FZ1asTsxrhZgfhyz8FS_5A==/com.google.android.gms-08pYsucI8N2od4lgw5aB6Q==/base.apk Binary XML file line #5
01-01 05:30:37.082   630   687 W PackageParsing: Unknown element under <manifest>: permission at /data/app/~~FZ1asTsxrhZgfhyz8FS_5A==/com.google.android.gms-08pYsucI8N2od4lgw5aB6Q==/base.apk Binary XML file line #15
01-01 05:30:37.083   630   687 W PackageParsing: Unknown element under <manifest>: compatible-screens at /data/app/~~FZ1asTsxrhZgfhyz8FS_5A==/com.google.android.gms-08pYsucI8N2od4lgw5aB6Q==/base.apk Binary XML file line #20
01-01 05:30:37.086   630   687 W PackageParsing: Unknown element under <manifest>: uses-sdk at /data/app/~~FZ1asTsxrhZgfhyz8FS_5A==/com.google.android.gms-08pYsucI8N2od4lgw5aB6Q==/base.apk Binary XML file line #3
01-01 05:30:37.086   630   687 W PackageParsing: Unknown element under <manifest>: module at /data/app/~~FZ1asTsxrhZgfhyz8FS_5A==/com.google.android.gms-08pYsucI8N2od4lgw5aB6Q==/base.apk Binary XML file line #5
01-01 05:30:37.086   630   687 W PackageParsing: Unknown element under <manifest>: permission at /data/app/~~FZ1asTsxrhZgfhyz8FS_5A==/com.google.android.gms-08pYsucI8N2od4lgw5aB6Q==/base.apk Binary XML file line #15
01-01 05:30:37.086   630   687 W PackageParsing: Unknown element under <manifest>: compatible-screens at /data/app/~~FZ1asTsxrhZgfhyz8FS_5A==/com.google.android.gms-08pYsucI8N2od4lgw5aB6Q==/base.apk Binary XML file line #21
01-01 05:30:37.117   630   687 I PackageParsing: Parse times for '/data/app/~~FZ1asTsxrhZgfhyz8FS_5A==': parse=378ms, update_cache=27 ms
01-01 05:30:37.118   630   630 W PackageManager: Relax SCAN_REQUIRE_KNOWN requirement for package com.google.android.gms
01-01 05:30:37.132   630   630 I PackageManager: Finished scanning non-system apps. Time: 572 ms, packageCount: 21 , timePerPackage: 27 , cached: 12
01-01 05:30:37.147   630   630 I PackageManager: Time to scan packages: 1.175 seconds
01-01 05:30:37.179   630   630 I PackageManager: Permission ownership changed. Updating all permissions.
01-01 05:30:37.235   630   630 V PackageManager: reconcileAppsData for null u0 0x1 migrateAppData=true
01-01 05:30:37.230     0     0 E init    : Control message: Could not find 'aidl/package_native' for ctl.interface_start from pid: 176 (/system/bin/servicemanager)
01-01 05:30:37.370   630   630 V PackageManager: reconcileAppsData finished 13 packages
01-01 05:30:37.370   630   630 I PackageManagerTiming: write settings
01-01 05:30:37.371   630   691 I SystemServerTimingAsync: InitThreadPoolExec:prepareAppData
01-01 05:30:37.372   630   691 D SystemServerInitThreadPool: Started executing prepareAppData
01-01 05:30:37.455   630   630 D PackageManagerTiming: write settings took to complete: 84ms
01-01 05:30:37.464   630   630 V PackageManager: Ephemeral resolver found; pkg: com.google.android.gms, info:ResolveInfo{f797474 com.google.android.gms/.chimera.PersistentBoundBrokerService m=0x108000}
01-01 05:30:37.465   630   630 D PackageManager: Set ephemeral resolver: ComponentInfo{com.google.android.gms/com.google.android.gms.chimera.PersistentBoundBrokerService}
01-01 05:30:37.468   630   630 D PackageManager: Set ephemeral installer activity: ComponentInfo{com.android.vending/com.google.android.finsky.instantapps.EphemeralInstallerActivity}
01-01 05:30:37.483   630   630 I PackageManagerTiming: GC
01-01 05:30:37.486   630   630 D PackageManagerTiming: GC took to complete: 4ms
01-01 05:30:37.487   630   630 I PackageManager: Fix for b/169414761 is applied
01-01 05:30:37.487   630   630 D PackageManagerTiming: create package manager took to complete: 1992ms
01-01 05:30:37.518   630   630 V UserManagerService: Checking that all system packages are whitelisted.
01-01 05:30:37.519   630   630 W UserManagerService: checkWhitelistedSystemPackages(mode=ENFORCE|IMPLICIT_WHITELIST|IMPLICIT_WHITELIST_SYSTEM) has 4 warnings:
01-01 05:30:37.519   630   630 W UserManagerService: com.android.networkstack is allowlisted but not present.
01-01 05:30:37.519   630   630 W UserManagerService: com.android.modulemetadata is allowlisted but not present.
01-01 05:30:37.519   630   630 W UserManagerService: com.android.networkstack.tethering is allowlisted but not present.
01-01 05:30:37.519   630   630 W UserManagerService: com.android.traceur is allowlisted but not present.
01-01 05:30:37.521   630   630 I Watchdog: Resuming HandlerChecker: main thread for reason: packagemanagermain. Pause count: 0
01-01 05:30:37.521   630   630 I SystemServerDexLoadReporter: Configuring system server dex reporter
01-01 05:30:37.538   630   630 D SystemServerTiming: StartPackageManagerService took to complete: 2050ms
01-01 05:30:37.539   630   630 I SystemServerTiming: StartOtaDexOptService
01-01 05:30:37.539   630   630 I Watchdog: Pausing HandlerChecker: main thread for reason: moveab. Pause count: 1
01-01 05:30:37.540   630   630 D OTADexopt: No upgrade, skipping A/B artifacts check.
01-01 05:30:37.541   630   630 I Watchdog: Resuming HandlerChecker: main thread for reason: moveab. Pause count: 0
01-01 05:30:37.541   630   630 D SystemServerTiming: StartOtaDexOptService took to complete: 1ms
01-01 05:30:37.541   630   630 I SystemServerTiming: StartUserManagerService
01-01 05:30:37.541   630   630 I SystemServiceManager: Starting com.android.server.pm.UserManagerService$LifeCycle
01-01 05:30:37.542   630   630 D SystemServerTiming: StartUserManagerService took to complete: 2ms
01-01 05:30:37.542   630   630 I SystemServerTiming: InitAttributerCache
01-01 05:30:37.543   630   630 D SystemServerTiming: InitAttributerCache took to complete: 0ms
01-01 05:30:37.543   630   630 I SystemServerTiming: SetSystemProcess
01-01 05:30:37.555   630   645 V HistoricalRegistry: Interaction before persistence initialized
01-01 05:30:37.558   630   645 V HistoricalRegistry: Interaction before persistence initialized
01-01 05:30:37.561   630   662 I ActivityManager: Connection with lmkd established
01-01 05:30:37.564   630   630 D SystemServerTiming: SetSystemProcess took to complete: 22ms
01-01 05:30:37.565   630   630 I SystemServerTiming: InitWatchdog
01-01 05:30:37.566   630   630 D SystemServerTiming: InitWatchdog took to complete: 0ms
01-01 05:30:37.577   630   630 I SystemServerTiming: StartOverlayManagerService
01-01 05:30:37.625     0     0 I init    : Control message: Processed ctl.start for 'idmap2d' from pid: 630 (system_server)
01-01 05:30:37.832   630   630 D SystemServerTiming: StartOverlayManagerService took to complete: 256ms
01-01 05:30:37.832   630   630 I SystemServerTiming: StartSensorPrivacyService
01-01 05:30:37.835   630   691 D SystemServerTimingAsync: AppDataFixup took to complete: 464ms
01-01 05:30:37.842   630   630 D SystemServerTiming: StartSensorPrivacyService took to complete: 10ms
01-01 05:30:37.842   630   630 I SystemServerTiming: StartSensorService
01-01 05:30:37.842   630   630 I SystemServiceManager: Starting com.android.server.sensors.SensorService
01-01 05:30:37.844   630   630 D SystemServerTiming: StartSensorService took to complete: 1ms
01-01 05:30:37.844   630   630 D SystemServerTiming: startBootstrapServices took to complete: 3088ms
01-01 05:30:37.844   630   630 I SystemServerTiming: startCoreServices
01-01 05:30:37.844   630   630 I SystemServerTiming: StartSystemConfigService
01-01 05:30:37.844   630   630 I SystemServiceManager: Starting com.android.server.SystemConfigService
01-01 05:30:37.845   630   630 D SystemServerTiming: StartSystemConfigService took to complete: 1ms
01-01 05:30:37.845   630   630 I SystemServerTiming: StartBatteryService
01-01 05:30:37.845   630   630 I SystemServiceManager: Starting com.android.server.BatteryService
01-01 05:30:37.866   630   696 I SystemServerTimingAsync: InitThreadPoolExec:StartNativeSensorService
01-01 05:30:37.866   630   696 D SystemServerInitThreadPool: Started executing StartNativeSensorService
01-01 05:30:37.866   630   696 I SystemServerTimingAsync: StartNativeSensorService
01-01 05:30:37.873     0     0 W healthd : battery none chg=a
01-01 05:30:37.884   630   630 I HealthServiceWrapper: health: HealthServiceWrapper listening to instance default
01-01 05:30:37.884   630   630 I BatteryService: health: Waited 0ms and received the update.
01-01 05:30:37.885   630   696 D SystemServerTimingAsync: StartNativeSensorService took to complete: 19ms
01-01 05:30:37.885   630   696 D SystemServerInitThreadPool: Finished executing StartNativeSensorService
01-01 05:30:37.885   630   696 D SystemServerTimingAsync: InitThreadPoolExec:StartNativeSensorService took to complete: 19ms
01-01 05:30:37.887   630   630 D SystemServerTiming: StartBatteryService took to complete: 42ms
01-01 05:30:37.888   630   630 I SystemServerTiming: StartUsageService
01-01 05:30:37.888   630   630 I SystemServiceManager: Starting com.android.server.usage.UsageStatsService
01-01 05:30:37.906   630   630 D SystemServerTiming: StartUsageService took to complete: 19ms
01-01 05:30:37.907   630   630 I SystemServerTiming: StartWebViewUpdateService
01-01 05:30:37.907   630   630 I SystemServiceManager: Starting com.android.server.webkit.WebViewUpdateService
01-01 05:30:37.912   630   630 D SystemServerTiming: StartWebViewUpdateService took to complete: 6ms
01-01 05:30:37.912   630   630 I SystemServerTiming: StartCachedDeviceStateService
01-01 05:30:37.912   630   630 I SystemServiceManager: Starting com.android.server.CachedDeviceStateService
01-01 05:30:37.912   630   630 D SystemServerTiming: StartCachedDeviceStateService took to complete: 0ms
01-01 05:30:37.912   630   630 I SystemServerTiming: StartBinderCallsStatsService
01-01 05:30:37.912   630   630 I SystemServiceManager: Starting com.android.server.BinderCallsStatsService$LifeCycle
01-01 05:30:37.919   630   630 D SystemServerTiming: StartBinderCallsStatsService took to complete: 6ms
01-01 05:30:37.919   630   630 I SystemServerTiming: StartLooperStatsService
01-01 05:30:37.919   630   630 I SystemServiceManager: Starting com.android.server.LooperStatsService$Lifecycle
01-01 05:30:37.921   630   630 D SystemServerTiming: StartLooperStatsService took to complete: 1ms
01-01 05:30:37.921   630   630 I SystemServerTiming: StartRollbackManagerService
01-01 05:30:37.921   630   630 I SystemServiceManager: Starting com.android.server.rollback.RollbackManagerService
01-01 05:30:37.928   630   630 I PackageWatchdog: Syncing state, reason: added new observer
01-01 05:30:37.928   630   630 I PackageWatchdog: Not pruning observers, elapsed time: 0ms
01-01 05:30:37.928   630   659 I PackageWatchdog: Saving observer state to file
01-01 05:30:37.936   630   630 D SystemServerTiming: StartRollbackManagerService took to complete: 15ms
01-01 05:30:37.936   630   630 I SystemServerTiming: StartNativeTombstoneManagerService
01-01 05:30:37.936   630   630 I SystemServiceManager: Starting com.android.server.os.NativeTombstoneManagerService
01-01 05:30:37.937   630   630 D SystemServerTiming: StartNativeTombstoneManagerService took to complete: 1ms
01-01 05:30:37.937   630   630 I SystemServerTiming: StartBugreportManagerService
01-01 05:30:37.938   630   630 I SystemServiceManager: Starting com.android.server.os.BugreportManagerService
01-01 05:30:37.939   630   630 D SystemServerTiming: StartBugreportManagerService took to complete: 1ms
01-01 05:30:37.939   630   630 I SystemServerTiming: GpuService
01-01 05:30:37.939   630   630 I SystemServiceManager: Starting com.android.server.gpu.GpuService
01-01 05:30:37.939   630   630 D SystemServerTiming: GpuService took to complete: 0ms
01-01 05:30:37.939   630   630 D SystemServerTiming: startCoreServices took to complete: 95ms
01-01 05:30:37.939   630   630 I SystemServerTiming: startOtherServices
01-01 05:30:37.940   630   630 I SystemServerTiming: StartKeyAttestationApplicationIdProviderService
01-01 05:30:37.940   630   707 I SystemServerTimingAsync: InitThreadPoolExec:SecondaryZygotePreload
01-01 05:30:37.940   630   707 D SystemServerInitThreadPool: Started executing SecondaryZygotePreload
01-01 05:30:37.940   630   707 I SystemServer: SecondaryZygotePreload
01-01 05:30:37.940   630   707 I SystemServerTimingAsync: SecondaryZygotePreload
01-01 05:30:37.941   630   630 D SystemServerTiming: StartKeyAttestationApplicationIdProviderService took to complete: 1ms
01-01 05:30:37.941   630   630 I SystemServerTiming: StartKeyChainSystemService
01-01 05:30:37.941   630   630 I SystemServiceManager: Starting com.android.server.security.KeyChainSystemService
01-01 05:30:37.942   630   630 D SystemServerTiming: StartKeyChainSystemService took to complete: 0ms
01-01 05:30:37.942   630   630 I SystemServerTiming: StartSchedulingPolicyService
01-01 05:30:37.942   630   658 I SystemServerTimingAsync: InitThreadPoolExec:SchedulingPolicyService.<init>
01-01 05:30:37.942   630   658 D SystemServerInitThreadPool: Started executing SchedulingPolicyService.<init>
01-01 05:30:37.943   630   630 D SystemServerTiming: StartSchedulingPolicyService took to complete: 1ms
01-01 05:30:37.943   630   630 I SystemServerTiming: StartTelecomLoaderService
01-01 05:30:37.943   630   630 I SystemServiceManager: Starting com.android.server.telecom.TelecomLoaderService
01-01 05:30:37.946   630   707 E SystemServer: Unable to preload default resources
01-01 05:30:37.946   630   707 D SystemServerTimingAsync: SecondaryZygotePreload took to complete: 6ms
01-01 05:30:37.946   630   707 D SystemServerInitThreadPool: Finished executing SecondaryZygotePreload
01-01 05:30:37.947   630   707 D SystemServerTimingAsync: InitThreadPoolExec:SecondaryZygotePreload took to complete: 6ms
01-01 05:30:37.949   630   630 D SystemServerTiming: StartTelecomLoaderService took to complete: 6ms
01-01 05:30:37.949   630   630 I SystemServerTiming: StartTelephonyRegistry
01-01 05:30:37.954   630   658 D SystemServerInitThreadPool: Finished executing SchedulingPolicyService.<init>
01-01 05:30:37.954   630   658 D SystemServerTimingAsync: InitThreadPoolExec:SchedulingPolicyService.<init> took to complete: 12ms
01-01 05:30:37.954   630   630 D SystemServerTiming: StartTelephonyRegistry took to complete: 5ms
01-01 05:30:37.955   630   630 I SystemServerTiming: StartEntropyMixer
01-01 05:30:37.957   630   630 I EntropyMixer: Writing entropy...
01-01 05:30:37.961   630   630 D SystemServerTiming: StartEntropyMixer took to complete: 6ms
01-01 05:30:37.961   630   630 I SystemServerTiming: StartAccountManagerService
01-01 05:30:37.961   630   630 I SystemServiceManager: Starting com.android.server.accounts.AccountManagerService$Lifecycle
01-01 05:30:37.973   630   630 D SystemServerTiming: StartAccountManagerService took to complete: 12ms
01-01 05:30:37.973   630   630 I SystemServerTiming: StartContentService
01-01 05:30:37.973   630   630 I SystemServiceManager: Starting com.android.server.content.ContentService$Lifecycle
01-01 05:30:37.975   630   630 D SystemServerTiming: StartContentService took to complete: 2ms
01-01 05:30:37.975   630   630 I SystemServerTiming: InstallSystemProviders
01-01 05:30:38.125   630   660 D ActivityManager: Freezer enabled
01-01 05:30:38.125   630   660 D ActivityManager: freezer override set to false
01-01 05:30:38.126   630   630 D SystemServerTiming: InstallSystemProviders took to complete: 150ms
01-01 05:30:38.126   630   630 I SystemServerTiming: StartDropBoxManager
01-01 05:30:38.126   630   630 I SystemServiceManager: Starting com.android.server.DropBoxManagerService
01-01 05:30:38.127   630   630 D SystemServerTiming: StartDropBoxManager took to complete: 1ms
01-01 05:30:38.127   630   630 I SystemServerTiming: StartRoleManagerService
01-01 05:30:38.128   630   630 I SystemServiceManager: Starting com.android.role.RoleService
01-01 05:30:38.141   630   630 D SystemServerTiming: StartRoleManagerService took to complete: 14ms
01-01 05:30:38.141   630   630 I SystemServerTiming: StartVibratorManagerService
01-01 05:30:38.141   630   630 I SystemServiceManager: Starting com.android.server.vibrator.VibratorManagerService$Lifecycle
01-01 05:30:38.151   630   630 D SystemServerTiming: StartVibratorManagerService took to complete: 10ms
01-01 05:30:38.152   630   630 I SystemServerTiming: StartDynamicSystemService
01-01 05:30:38.153   630   630 D SystemServerTiming: StartDynamicSystemService took to complete: 2ms
01-01 05:30:38.153   630   630 I SystemServerTiming: StartAlarmManagerService
01-01 05:30:38.155   630   630 I SystemServiceManager: Starting com.android.server.alarm.AlarmManagerService
01-01 05:30:38.160   630   630 I AlarmManager: Current time only 38160, advancing to build time 1720208712000
07-06 01:15:12.010   630   630 D SystemServerTiming: StartAlarmManagerService took to complete: 17ms
07-06 01:15:12.010   630   630 I SystemServerTiming: StartInputManagerService
07-06 01:15:12.012   630   630 I InputManager: Initializing input manager, mUseDevInputEventForAudioJack=false
07-06 01:15:12.026   630   630 D SystemServerTiming: StartInputManagerService took to complete: 17ms
07-06 01:15:12.027   630   630 I SystemServerTiming: DeviceStateManagerService
07-06 01:15:12.027   630   630 I SystemServiceManager: Starting com.android.server.devicestate.DeviceStateManagerService
07-06 01:15:12.033   630   630 D SystemServerTiming: DeviceStateManagerService took to complete: 5ms
07-06 01:15:12.033   630   630 I SystemServerTiming: StartCameraServiceProxy
07-06 01:15:12.033   630   630 I SystemServiceManager: Starting com.android.server.camera.CameraServiceProxy
07-06 01:15:12.035   630   630 D SystemServerTiming: StartCameraServiceProxy took to complete: 3ms
07-06 01:15:12.035   630   630 I SystemServerTiming: StartWindowManagerService
07-06 01:15:12.036   630   630 I SystemServiceManager: Starting phase 200
07-06 01:15:12.036   630   630 I SystemServerTiming: OnBootPhase_200
07-06 01:15:12.036   630   630 I SystemServerTiming: OnBootPhase_200_com.android.server.security.FileIntegrityService
07-06 01:15:12.036   630   630 D SystemServerTiming: OnBootPhase_200_com.android.server.security.FileIntegrityService took to complete: 0ms
07-06 01:15:12.036   630   630 I SystemServerTiming: OnBootPhase_200_com.android.server.pm.Installer
07-06 01:15:12.036   630   630 D SystemServerTiming: OnBootPhase_200_com.android.server.pm.Installer took to complete: 0ms
07-06 01:15:12.036   630   630 I SystemServerTiming: OnBootPhase_200_com.android.server.os.DeviceIdentifiersPolicyService
07-06 01:15:12.036   630   630 D SystemServerTiming: OnBootPhase_200_com.android.server.os.DeviceIdentifiersPolicyService took to complete: 0ms
07-06 01:15:12.036   630   630 I SystemServerTiming: OnBootPhase_200_com.android.server.uri.UriGrantsManagerService$Lifecycle
07-06 01:15:12.036   630   630 D SystemServerTiming: OnBootPhase_200_com.android.server.uri.UriGrantsManagerService$Lifecycle took to complete: 0ms
07-06 01:15:12.036   630   630 I SystemServerTiming: OnBootPhase_200_com.android.server.powerstats.PowerStatsService
07-06 01:15:12.036   630   630 D SystemServerTiming: OnBootPhase_200_com.android.server.powerstats.PowerStatsService took to complete: 0ms
07-06 01:15:12.036   630   630 I SystemServerTiming: OnBootPhase_200_com.android.server.wm.ActivityTaskManagerService$Lifecycle
07-06 01:15:12.036   630   630 D SystemServerTiming: OnBootPhase_200_com.android.server.wm.ActivityTaskManagerService$Lifecycle took to complete: 0ms
07-06 01:15:12.036   630   630 I SystemServerTiming: OnBootPhase_200_com.android.server.am.ActivityManagerService$Lifecycle
07-06 01:15:12.036   630   630 D SystemServerTiming: OnBootPhase_200_com.android.server.am.ActivityManagerService$Lifecycle took to complete: 0ms
07-06 01:15:12.036   630   630 I SystemServerTiming: OnBootPhase_200_com.android.server.pm.DataLoaderManagerService
07-06 01:15:12.036   630   630 D SystemServerTiming: OnBootPhase_200_com.android.server.pm.DataLoaderManagerService took to complete: 0ms
07-06 01:15:12.036   630   630 I SystemServerTiming: OnBootPhase_200_com.android.server.power.PowerManagerService
07-06 01:15:12.036   630   630 D SystemServerTiming: OnBootPhase_200_com.android.server.power.PowerManagerService took to complete: 1ms
07-06 01:15:12.036   630   630 I SystemServerTiming: OnBootPhase_200_com.android.server.power.ThermalManagerService
07-06 01:15:12.036   630   630 D SystemServerTiming: OnBootPhase_200_com.android.server.power.ThermalManagerService took to complete: 0ms
07-06 01:15:12.036   630   630 I SystemServerTiming: OnBootPhase_200_com.android.server.power.hint.HintManagerService
07-06 01:15:12.036   630   630 D SystemServerTiming: OnBootPhase_200_com.android.server.power.hint.HintManagerService took to complete: 0ms
07-06 01:15:12.036   630   630 I SystemServerTiming: OnBootPhase_200_com.android.server.recoverysystem.RecoverySystemService$Lifecycle
07-06 01:15:12.036   630   630 D SystemServerTiming: OnBootPhase_200_com.android.server.recoverysystem.RecoverySystemService$Lifecycle took to complete: 0ms
07-06 01:15:12.036   630   630 I SystemServerTiming: OnBootPhase_200_com.android.server.lights.LightsService
07-06 01:15:12.036   630   630 D SystemServerTiming: OnBootPhase_200_com.android.server.lights.LightsService took to complete: 0ms
07-06 01:15:12.036   630   630 I SystemServerTiming: OnBootPhase_200_com.android.server.display.DisplayManagerService
07-06 01:15:12.036   630   630 D SystemServerTiming: OnBootPhase_200_com.android.server.display.DisplayManagerService took to complete: 0ms
07-06 01:15:12.036   630   630 I SystemServerTiming: OnBootPhase_200_com.android.server.pm.verify.domain.DomainVerificationService
07-06 01:15:12.036   630   630 D SystemServerTiming: OnBootPhase_200_com.android.server.pm.verify.domain.DomainVerificationService took to complete: 0ms
07-06 01:15:12.036   630   630 I SystemServerTiming: OnBootPhase_200_com.android.server.pm.PackageInstallerService$Lifecycle
07-06 01:15:12.036   630   630 D SystemServerTiming: OnBootPhase_200_com.android.server.pm.PackageInstallerService$Lifecycle took to complete: 0ms
07-06 01:15:12.036   630   630 I SystemServerTiming: OnBootPhase_200_com.android.server.pm.UserManagerService$LifeCycle
07-06 01:15:12.037   630   630 D SystemServerTiming: OnBootPhase_200_com.android.server.pm.UserManagerService$LifeCycle took to complete: 0ms
07-06 01:15:12.037   630   630 I SystemServerTiming: OnBootPhase_200_com.android.server.om.OverlayManagerService
07-06 01:15:12.037   630   630 D SystemServerTiming: OnBootPhase_200_com.android.server.om.OverlayManagerService took to complete: 0ms
07-06 01:15:12.037   630   630 I SystemServerTiming: OnBootPhase_200_com.android.server.SensorPrivacyService
07-06 01:15:12.037   630   630 D SystemServerTiming: OnBootPhase_200_com.android.server.SensorPrivacyService took to complete: 0ms
07-06 01:15:12.037   630   630 I SystemServerTiming: OnBootPhase_200_com.android.server.sensors.SensorService
07-06 01:15:12.037   630   630 D SystemServerTiming: OnBootPhase_200_com.android.server.sensors.SensorService took to complete: 0ms
07-06 01:15:12.037   630   630 I SystemServerTiming: OnBootPhase_200_com.android.server.SystemConfigService
07-06 01:15:12.037   630   630 D SystemServerTiming: OnBootPhase_200_com.android.server.SystemConfigService took to complete: 0ms
07-06 01:15:12.037   630   630 I SystemServerTiming: OnBootPhase_200_com.android.server.BatteryService
07-06 01:15:12.037   630   630 D SystemServerTiming: OnBootPhase_200_com.android.server.BatteryService took to complete: 0ms
07-06 01:15:12.037   630   630 I SystemServerTiming: OnBootPhase_200_com.android.server.usage.UsageStatsService
07-06 01:15:12.038   630   630 D SystemServerTiming: OnBootPhase_200_com.android.server.usage.UsageStatsService took to complete: 0ms
07-06 01:15:12.038   630   630 I SystemServerTiming: OnBootPhase_200_com.android.server.webkit.WebViewUpdateService
07-06 01:15:12.039   630   630 D SystemServerTiming: OnBootPhase_200_com.android.server.webkit.WebViewUpdateService took to complete: 0ms
07-06 01:15:12.039   630   630 I SystemServerTiming: OnBootPhase_200_com.android.server.CachedDeviceStateService
07-06 01:15:12.039   630   630 D SystemServerTiming: OnBootPhase_200_com.android.server.CachedDeviceStateService took to complete: 0ms
07-06 01:15:12.039   630   630 I SystemServerTiming: OnBootPhase_200_com.android.server.BinderCallsStatsService$LifeCycle
07-06 01:15:12.039   630   630 D SystemServerTiming: OnBootPhase_200_com.android.server.BinderCallsStatsService$LifeCycle took to complete: 0ms
07-06 01:15:12.039   630   630 I SystemServerTiming: OnBootPhase_200_com.android.server.LooperStatsService$Lifecycle
07-06 01:15:12.039   630   630 D SystemServerTiming: OnBootPhase_200_com.android.server.LooperStatsService$Lifecycle took to complete: 0ms
07-06 01:15:12.039   630   630 I SystemServerTiming: OnBootPhase_200_com.android.server.rollback.RollbackManagerService
07-06 01:15:12.039   630   630 D SystemServerTiming: OnBootPhase_200_com.android.server.rollback.RollbackManagerService took to complete: 0ms
07-06 01:15:12.039   630   630 I SystemServerTiming: OnBootPhase_200_com.android.server.os.NativeTombstoneManagerService
07-06 01:15:12.039   630   630 D SystemServerTiming: OnBootPhase_200_com.android.server.os.NativeTombstoneManagerService took to complete: 0ms
07-06 01:15:12.039   630   630 I SystemServerTiming: OnBootPhase_200_com.android.server.os.BugreportManagerService
07-06 01:15:12.039   630   630 D SystemServerTiming: OnBootPhase_200_com.android.server.os.BugreportManagerService took to complete: 0ms
07-06 01:15:12.040   630   630 I SystemServerTiming: OnBootPhase_200_com.android.server.gpu.GpuService
07-06 01:15:12.040   630   630 D SystemServerTiming: OnBootPhase_200_com.android.server.gpu.GpuService took to complete: 0ms
07-06 01:15:12.040   630   630 I SystemServerTiming: OnBootPhase_200_com.android.server.security.KeyChainSystemService
07-06 01:15:12.040   630   630 D SystemServerTiming: OnBootPhase_200_com.android.server.security.KeyChainSystemService took to complete: 0ms
07-06 01:15:12.040   630   630 I SystemServerTiming: OnBootPhase_200_com.android.server.telecom.TelecomLoaderService
07-06 01:15:12.040   630   630 D SystemServerTiming: OnBootPhase_200_com.android.server.telecom.TelecomLoaderService took to complete: 0ms
07-06 01:15:12.040   630   630 I SystemServerTiming: OnBootPhase_200_com.android.server.accounts.AccountManagerService$Lifecycle
07-06 01:15:12.040   630   630 D SystemServerTiming: OnBootPhase_200_com.android.server.accounts.AccountManagerService$Lifecycle took to complete: 0ms
07-06 01:15:12.040   630   630 I SystemServerTiming: OnBootPhase_200_com.android.server.content.ContentService$Lifecycle
07-06 01:15:12.040   630   630 D SystemServerTiming: OnBootPhase_200_com.android.server.content.ContentService$Lifecycle took to complete: 0ms
07-06 01:15:12.040   630   630 I SystemServerTiming: OnBootPhase_200_com.android.server.DropBoxManagerService
07-06 01:15:12.040   630   630 D SystemServerTiming: OnBootPhase_200_com.android.server.DropBoxManagerService took to complete: 0ms
07-06 01:15:12.040   630   630 I SystemServerTiming: OnBootPhase_200_com.android.role.RoleService
07-06 01:15:12.040   630   630 D SystemServerTiming: OnBootPhase_200_com.android.role.RoleService took to complete: 0ms
07-06 01:15:12.040   630   630 I SystemServerTiming: OnBootPhase_200_com.android.server.vibrator.VibratorManagerService$Lifecycle
07-06 01:15:12.040   630   630 D SystemServerTiming: OnBootPhase_200_com.android.server.vibrator.VibratorManagerService$Lifecycle took to complete: 0ms
07-06 01:15:12.040   630   630 I SystemServerTiming: OnBootPhase_200_com.android.server.alarm.AlarmManagerService
07-06 01:15:12.040   630   630 D SystemServerTiming: OnBootPhase_200_com.android.server.alarm.AlarmManagerService took to complete: 0ms
07-06 01:15:12.040   630   630 I SystemServerTiming: OnBootPhase_200_com.android.server.devicestate.DeviceStateManagerService
07-06 01:15:12.040   630   630 D SystemServerTiming: OnBootPhase_200_com.android.server.devicestate.DeviceStateManagerService took to complete: 0ms
07-06 01:15:12.040   630   630 I SystemServerTiming: OnBootPhase_200_com.android.server.camera.CameraServiceProxy
07-06 01:15:12.040   630   630 D SystemServerTiming: OnBootPhase_200_com.android.server.camera.CameraServiceProxy took to complete: 0ms
07-06 01:15:12.040   630   630 D SystemServerTiming: OnBootPhase_200 took to complete: 5ms
07-06 01:15:12.043   630   630 I WindowManager: No existing display settings, starting empty
07-06 01:15:12.044   630   630 I WindowManager: No existing display settings, starting empty
01-01 05:30:38.233     0     0 E init    : Control message: Could not find 'aidl/tv_tuner_resource_mgr' for ctl.interface_start from pid: 176 (/system/bin/servicemanager)
07-06 01:15:12.086   630   630 D SystemServerTiming: StartWindowManagerService took to complete: 51ms
07-06 01:15:12.086   630   630 I SystemServerTiming: SetWindowManagerService
07-06 01:15:12.163   630   630 I ActivityTaskManager: Loaded persisted task ids for user 0
07-06 01:15:12.168   630   630 D SystemServerTiming: SetWindowManagerService took to complete: 81ms
07-06 01:15:12.168   630   630 I SystemServerTiming: WindowManagerServiceOnInitReady
07-06 01:15:12.200   630   630 D SystemServerTiming: WindowManagerServiceOnInitReady took to complete: 33ms
07-06 01:15:12.200   630   630 I SystemServerTiming: StartInputManager
07-06 01:15:12.200   630   696 I SystemServerTimingAsync: InitThreadPoolExec:StartHidlServices
07-06 01:15:12.201   630   630 I InputManager: Starting input manager
07-06 01:15:12.201   630   696 D SystemServerInitThreadPool: Started executing StartHidlServices
07-06 01:15:12.201   630   696 I SystemServerTimingAsync: StartHidlServices
07-06 01:15:12.209   630   696 D SystemServerTimingAsync: StartHidlServices took to complete: 8ms
07-06 01:15:12.209   630   696 D SystemServerInitThreadPool: Finished executing StartHidlServices
07-06 01:15:12.209   630   696 D SystemServerTimingAsync: InitThreadPoolExec:StartHidlServices took to complete: 8ms
07-06 01:15:12.214   630   630 D SystemServerTiming: StartInputManager took to complete: 14ms
07-06 01:15:12.215   630   630 I SystemServerTiming: DisplayManagerWindowManagerAndInputReady
07-06 01:15:12.216   630   630 D SystemServerTiming: DisplayManagerWindowManagerAndInputReady took to complete: 0ms
07-06 01:15:12.216   630   654 I LogicalDisplayMapper: Requesting Transition to state: 0
07-06 01:15:12.216   630   630 I SystemServerTiming: StartBluetoothService
07-06 01:15:12.216   630   630 I SystemServiceManager: Starting com.android.server.BluetoothService
07-06 01:15:12.216   630   654 I LogicalDisplayMapper: Applying layout: [{addr: {port=0, model=0x4010ac1b53b51e}, dispId: 0(ON)}], Previous layout: [{addr: {port=0, model=0x4010ac1b53b51e}, dispId: 0(ON)}]
07-06 01:15:12.219   630   630 D BluetoothManagerService: Loading stored name and address
07-06 01:15:12.220   630   630 D BluetoothManagerService: Stored bluetooth Name=EVOLVE,Address=44:05:3F:27:03:33
07-06 01:15:12.220   630   630 D BluetoothManagerService: Bluetooth persisted state: 1
07-06 01:15:12.222   630   630 D BluetoothManagerService: Startup: Bluetooth persisted state is ON.
07-06 01:15:12.223   630   630 D BluetoothManagerService: Detected SystemUiUid: 10088
07-06 01:15:12.223   630   630 D SystemServerTiming: StartBluetoothService took to complete: 7ms
07-06 01:15:12.223   630   630 I SystemServerTiming: IpConnectivityMetrics
07-06 01:15:12.224   630   630 I SystemServiceManager: Starting com.android.server.connectivity.IpConnectivityMetrics
07-06 01:15:12.225   630   630 D SystemServerTiming: IpConnectivityMetrics took to complete: 1ms
07-06 01:15:12.225   630   630 I SystemServerTiming: NetworkWatchlistService
07-06 01:15:12.225   630   630 I SystemServiceManager: Starting com.android.server.net.watchlist.NetworkWatchlistService$Lifecycle
07-06 01:15:12.233   630   630 I WatchlistSettings: Reload watchlist settings done
07-06 01:15:12.235   630   720 I WatchlistLoggingHandler: Last report time is larger than current time, reset report
07-06 01:15:12.235   630   630 D SystemServerTiming: NetworkWatchlistService took to complete: 9ms
07-06 01:15:12.235   630   630 I SystemServerTiming: PinnerService
07-06 01:15:12.235   630   630 I SystemServiceManager: Starting com.android.server.PinnerService
07-06 01:15:12.237   630   630 V HistoricalRegistry: Interaction before persistence initialized
07-06 01:15:12.242   630   630 D SystemServerTiming: PinnerService took to complete: 6ms
07-06 01:15:12.242   630   630 I SystemServerTiming: IorapForwardingService
07-06 01:15:12.242   630   630 I SystemServiceManager: Starting com.google.android.startop.iorap.IorapForwardingService
07-06 01:15:12.242   630   630 D SystemServerTiming: IorapForwardingService took to complete: 1ms
07-06 01:15:12.244   630   630 I SystemServerTiming: SignedConfigService
07-06 01:15:12.244   630   630 D SystemServerTiming: SignedConfigService took to complete: 1ms
07-06 01:15:12.244   630   630 I SystemServerTiming: AppIntegrityService
07-06 01:15:12.244   630   630 I SystemServiceManager: Starting com.android.server.integrity.AppIntegrityManagerService
07-06 01:15:12.248   630   630 E IntegrityFileManager: Error creating staging and rules directory
07-06 01:15:12.251   630   630 D SystemServerTiming: AppIntegrityService took to complete: 7ms
07-06 01:15:12.253   630   630 I WindowManager: SAFE MODE not enabled
07-06 01:15:12.254   630   630 I SystemServerTiming: StartInputMethodManagerLifecycle
07-06 01:15:12.254   630   630 I SystemServiceManager: Starting com.android.server.inputmethod.InputMethodManagerService$Lifecycle
07-06 01:15:12.263   630   630 D SystemServerTiming: StartInputMethodManagerLifecycle took to complete: 10ms
07-06 01:15:12.264   630   630 I SystemServerTiming: StartAccessibilityManagerService
07-06 01:15:12.264   630   630 I SystemServiceManager: Starting com.android.server.accessibility.AccessibilityManagerService$Lifecycle
07-06 01:15:12.265   630   720 I WatchlistLoggingHandler: No need to aggregate record yet.
07-06 01:15:12.265   630   720 I WatchlistLoggingHandler: Milliseconds spent on tryAggregateRecords(): 31
07-06 01:15:12.270   630   653 I DropBoxManagerService: add tag=system_server_strictmode isTagEnabled=true flags=0x2
07-06 01:15:12.275   630   630 D SystemServerTiming: StartAccessibilityManagerService took to complete: 11ms
07-06 01:15:12.275   630   630 I SystemServerTiming: MakeDisplayReady
07-06 01:15:12.281   630   630 I ActivityTaskManager: Config changes=20005df8 {1.0 ?mcc?mnc [en_US] ldltr sw540dp w960dp h540dp 320dpi lrg long land ?uimode ?night -touch -keyb/v/h dpad/v winConfig={ mBounds=Rect(0, 0 - 1920, 1080) mAppBounds=Rect(0, 0 - 1920, 1080) mMaxBounds=Rect(0, 0 - 1920, 1080) mWindowingMode=fullscreen mDisplayWindowingMode=fullscreen mActivityType=undefined mAlwaysOnTop=undefined mRotation=ROTATION_0} s.2 ?fontWeightAdjustment}
07-06 01:15:12.283   630   630 I WindowManager: Override config changes=60007dfc {1.0 ?mcc?mnc [en_US] ldltr sw540dp w960dp h540dp 320dpi lrg long land ?uimode ?night -touch -keyb/v/h dpad/v winConfig={ mBounds=Rect(0, 0 - 1920, 1080) mAppBounds=Rect(0, 0 - 1920, 1080) mMaxBounds=Rect(0, 0 - 1920, 1080) mWindowingMode=fullscreen mDisplayWindowingMode=fullscreen mActivityType=undefined mAlwaysOnTop=undefined mRotation=ROTATION_0} s.2 ?fontWeightAdjustment} for displayId=0
07-06 01:15:12.292   630   653 I DropBoxManagerService: add tag=system_server_strictmode isTagEnabled=true flags=0x2
07-06 01:15:12.296   630   653 I DropBoxManagerService: add tag=system_server_strictmode isTagEnabled=true flags=0x2
07-06 01:15:12.308   630   630 D SystemServerTiming: MakeDisplayReady took to complete: 23ms
07-06 01:15:12.308   630   630 I SystemServerTiming: StartStorageManagerService
07-06 01:15:12.309   630   630 I SystemServiceManager: Starting com.android.server.StorageManagerService$Lifecycle
07-06 01:15:12.310   630   653 I DropBoxManagerService: add tag=system_server_strictmode isTagEnabled=true flags=0x2
07-06 01:15:12.312   630   653 I DropBoxManagerService: add tag=system_server_strictmode isTagEnabled=true flags=0x2
01-01 05:30:38.459     0     0 I init    : processing action (sys.sysctl.extra_free_kbytes=*) from (/system/etc/init/hw/init.rc:1150)
07-06 01:15:12.314   630   653 I DropBoxManagerService: add tag=system_server_strictmode isTagEnabled=true flags=0x2
07-06 01:15:12.318   630   653 I DropBoxManagerService: add tag=system_server_strictmode isTagEnabled=true flags=0x2
07-06 01:15:12.319   630   653 I DropBoxManagerService: add tag=system_server_strictmode isTagEnabled=true flags=0x2
07-06 01:15:12.322   630   653 I DropBoxManagerService: add tag=system_server_strictmode isTagEnabled=true flags=0x2
07-06 01:15:12.324   630   653 I DropBoxManagerService: add tag=system_server_strictmode isTagEnabled=true flags=0x2
