07-06 01:15:12.326   630   723 D StorageManagerService: Thinking about init, mBootCompleted=false, mDaemonConnected=true
07-06 01:15:12.326   630   723 D StorageManagerService: Thinking about reset, mBootCompleted=false, mDaemonConnected=true
07-06 01:15:12.327   630   723 D StorageManagerService: Thinking about init, mBootCompleted=false, mDaemonConnected=true
07-06 01:15:12.327   630   723 D StorageManagerService: Thinking about reset, mBootCompleted=false, mDaemonConnected=true
07-06 01:15:12.327   630   630 D SystemServerTiming: StartStorageManagerService took to complete: 19ms
07-06 01:15:12.327   630   630 I SystemServerTiming: StartStorageStatsService
07-06 01:15:12.327   630   630 I SystemServiceManager: Starting com.android.server.usage.StorageStatsService$Lifecycle
07-06 01:15:12.334   630   630 D SystemServerTiming: StartStorageStatsService took to complete: 7ms
07-06 01:15:12.334   630   630 I SystemServerTiming: StartUiModeManager
07-06 01:15:12.334   630   630 I SystemServiceManager: Starting com.android.server.UiModeManagerService
07-06 01:15:12.335   630   707 I SystemServerTimingAsync: InitThreadPoolExec:UiModeManager.onStart
07-06 01:15:12.335   630   707 D SystemServerInitThreadPool: Started executing UiModeManager.onStart
07-06 01:15:12.338   630   630 D SystemServerTiming: StartUiModeManager took to complete: 3ms
07-06 01:15:12.338   630   630 I SystemServerTiming: UpdatePackagesIfNeeded
07-06 01:15:12.338   630   630 I Watchdog: Pausing HandlerChecker: main thread for reason: dexopt. Pause count: 1
07-06 01:15:12.338   630   630 I Watchdog: Resuming HandlerChecker: main thread for reason: dexopt. Pause count: 0
07-06 01:15:12.338   630   630 D SystemServerTiming: UpdatePackagesIfNeeded took to complete: 0ms
07-06 01:15:12.338   630   630 I SystemServerTiming: PerformFstrimIfNeeded
07-06 01:15:12.341   630   630 D SystemServerTiming: PerformFstrimIfNeeded took to complete: 3ms
07-06 01:15:12.341   630   630 I SystemServerTiming: StartLockSettingsService
07-06 01:15:12.341   630   630 I SystemServiceManager: Starting com.android.server.locksettings.LockSettingsService$Lifecycle
07-06 01:15:12.351   630   707 D SystemServerInitThreadPool: Finished executing UiModeManager.onStart
07-06 01:15:12.351   630   707 D SystemServerTimingAsync: InitThreadPoolExec:UiModeManager.onStart took to complete: 16ms
07-06 01:15:12.366   630   630 D SystemServerTiming: StartLockSettingsService took to complete: 24ms
07-06 01:15:12.366   630   630 I SystemServerTiming: StartTestHarnessMode
07-06 01:15:12.366   630   630 I SystemServiceManager: Starting com.android.server.testharness.TestHarnessModeService
07-06 01:15:12.367   630   630 D SystemServerTiming: StartTestHarnessMode took to complete: 1ms
07-06 01:15:12.368   630   630 I OemLock : OemLock HAL not present on device
07-06 01:15:12.368   630   630 I SystemServerTiming: StartDeviceIdleController
07-06 01:15:12.368   630   630 I SystemServiceManager: Starting com.android.server.DeviceIdleController
07-06 01:15:12.375   630   630 D SystemServerTiming: StartDeviceIdleController took to complete: 8ms
07-06 01:15:12.375   630   630 I SystemServerTiming: StartDevicePolicyManager
07-06 01:15:12.375   630   630 I SystemServiceManager: Starting com.android.server.devicepolicy.DevicePolicyManagerService$Lifecycle
07-06 01:15:12.386   630   630 D SystemServerTiming: StartDevicePolicyManager took to complete: 11ms
07-06 01:15:12.386   630   630 I SystemServerTiming: StartStatusBarManagerService
07-06 01:15:12.388   630   630 D SystemServerTiming: StartStatusBarManagerService took to complete: 1ms
07-06 01:15:12.388   630   630 D SystemServer: MusicRecognitionManagerService not defined by OEM or disabled by flag
07-06 01:15:12.390   630   630 D SystemServer: ContentCaptureService disabled because resource is not overlaid
07-06 01:15:12.391   630   630 D SystemServer: AttentionService is not configured on this device
07-06 01:15:12.391   630   630 D SystemServer: RotationResolverService is not configured on this device
07-06 01:15:12.391   630   630 D SystemServer: SystemCaptionsManagerService disabled because resource is not overlaid
07-06 01:15:12.391   630   630 I SystemServerTiming: StartTextToSpeechManagerService
07-06 01:15:12.392   630   630 I SystemServiceManager: Starting com.android.server.texttospeech.TextToSpeechManagerService
07-06 01:15:12.394   630   630 D SystemServerTiming: StartTextToSpeechManagerService took to complete: 3ms
07-06 01:15:12.394   630   630 I SystemServerTiming: StartSpeechRecognitionManagerService
07-06 01:15:12.395   630   630 I SystemServiceManager: Starting com.android.server.speech.SpeechRecognitionManagerService
07-06 01:15:12.398   630   630 D SystemServerTiming: StartSpeechRecognitionManagerService took to complete: 3ms
07-06 01:15:12.398   630   630 D SystemServer: AppPredictionService not defined by OEM
07-06 01:15:12.398   630   630 D SystemServer: ContentSuggestionsService not defined by OEM
07-06 01:15:12.398   630   630 I SystemServerTiming: StartSearchUiService
07-06 01:15:12.398   630   630 I SystemServiceManager: Starting com.android.server.searchui.SearchUiManagerService
07-06 01:15:12.400   630   630 D SystemServerTiming: StartSearchUiService took to complete: 1ms
07-06 01:15:12.400   630   630 I SystemServerTiming: StartSmartspaceService
07-06 01:15:12.400   630   630 I SystemServiceManager: Starting com.android.server.smartspace.SmartspaceManagerService
07-06 01:15:12.402   630   630 D SystemServerTiming: StartSmartspaceService took to complete: 1ms
07-06 01:15:12.402   630   630 I SystemServerTiming: InitConnectivityModuleConnector
07-06 01:15:12.402   630   630 D ConnectivityModuleConnector: Network stack init
07-06 01:15:12.404   630   630 D SystemServerTiming: InitConnectivityModuleConnector took to complete: 2ms
07-06 01:15:12.405   630   630 I SystemServerTiming: InitNetworkStackClient
07-06 01:15:12.407   630   630 D SystemServerTiming: InitNetworkStackClient took to complete: 3ms
07-06 01:15:12.408   630   630 I SystemServerTiming: StartNetworkManagementService
07-06 01:15:12.424   630   630 D SystemServerTiming: StartNetworkManagementService took to complete: 16ms
07-06 01:15:12.424   630   630 I SystemServerTiming: StartIpSecService
07-06 01:15:12.427   630   630 D SystemServerTiming: StartIpSecService took to complete: 3ms
07-06 01:15:12.427   630   630 I SystemServerTiming: StartFontManagerService
01-01 05:30:38.598     0     0 I fs-verity: sha256 using implementation "sha256-ce"
07-06 01:15:12.453   630   691 D SystemServerTimingAsync: AppDataPrepare took to complete: 779ms
07-06 01:15:12.453   630   691 I PackageManager: Deferred reconcileAppsData finished 109 packages
07-06 01:15:12.453   630   691 D SystemServerInitThreadPool: Finished executing prepareAppData
07-06 01:15:12.453   630   691 D SystemServerTimingAsync: InitThreadPoolExec:prepareAppData took to complete: 1243ms
07-06 01:15:12.518   630   630 E UpdatableFontDir: Failed to lookup font file that has GoogleSans-Bold
07-06 01:15:12.518   630   630 E UpdatableFontDir: Failed to lookup font file that has GoogleSansText-Regular
07-06 01:15:12.518   630   630 E UpdatableFontDir: Failed to lookup font file that has GoogleSans-Medium
07-06 01:15:12.518   630   630 E UpdatableFontDir: Failed to lookup font file that has GoogleSansText-Medium
07-06 01:15:12.518   630   630 E UpdatableFontDir: Failed to lookup font file that has GoogleSans-Regular
07-06 01:15:12.518   630   630 E UpdatableFontDir: Failed to lookup font file that has GoogleSansText-Bold
07-06 01:15:12.841   630   630 D SystemServerTiming: StartFontManagerService took to complete: 414ms
07-06 01:15:12.841   630   630 I SystemServerTiming: StartTextServicesManager
07-06 01:15:12.841   630   630 I SystemServiceManager: Starting com.android.server.textservices.TextServicesManagerService$Lifecycle
07-06 01:15:12.843   630   630 D SystemServerTiming: StartTextServicesManager took to complete: 2ms
07-06 01:15:12.843   630   630 I SystemServerTiming: StartTextClassificationManagerService
07-06 01:15:12.843   630   630 I SystemServiceManager: Starting com.android.server.textclassifier.TextClassificationManagerService$Lifecycle
07-06 01:15:12.846   630   630 D SystemServerTiming: StartTextClassificationManagerService took to complete: 4ms
07-06 01:15:12.846   630   630 I SystemServerTiming: StartNetworkScoreService
07-06 01:15:12.846   630   630 I SystemServiceManager: Starting com.android.server.NetworkScoreService$Lifecycle
07-06 01:15:12.848   630   630 D SystemServerTiming: StartNetworkScoreService took to complete: 1ms
07-06 01:15:12.848   630   630 I SystemServerTiming: StartNetworkStatsService
07-06 01:15:12.852   630   630 D SystemServerTiming: StartNetworkStatsService took to complete: 4ms
07-06 01:15:12.852   630   630 I SystemServerTiming: StartNetworkPolicyManagerService
07-06 01:15:12.860   630   630 D SystemServerTiming: StartNetworkPolicyManagerService took to complete: 7ms
07-06 01:15:12.860   630   630 I SystemServerTiming: StartWifi
07-06 01:15:12.886   630   630 I SystemServiceManager: Starting com.android.server.wifi.WifiService
01-01 05:30:39.235     0     0 E init    : Control message: Could not find 'aidl/tv_tuner_resource_mgr' for ctl.interface_start from pid: 176 (/system/bin/servicemanager)
07-06 01:15:13.113   529   529 I wificond: New wificond event callback registered
07-06 01:15:13.125   630   630 V HistoricalRegistry: Interaction before persistence initialized
07-06 01:15:13.134   630   630 D SystemServerTiming: StartWifi took to complete: 274ms
07-06 01:15:13.134   630   630 I SystemServerTiming: StartWifiScanning
07-06 01:15:13.134   630   630 I SystemServiceManager: Starting com.android.server.wifi.scanner.WifiScanningService
07-06 01:15:13.142   630   630 D SystemServerTiming: StartWifiScanning took to complete: 8ms
07-06 01:15:13.143   630   630 I SystemServerTiming: StartEthernet
07-06 01:15:13.143   630   630 I SystemServiceManager: Starting com.android.server.ethernet.EthernetService
07-06 01:15:13.145   630   630 D SystemServerTiming: StartEthernet took to complete: 3ms
07-06 01:15:13.145   630   630 I SystemServerTiming: StartPacProxyService
07-06 01:15:13.148   630   630 D SystemServerTiming: StartPacProxyService took to complete: 3ms
07-06 01:15:13.148   630   630 I SystemServerTiming: StartConnectivityService
07-06 01:15:13.164   630   630 I SystemServiceManager: Starting com.android.server.ConnectivityServiceInitializer
07-06 01:15:13.216   630   630 D CompatibilityChangeReporter: Compat change id reported: 182478738; UID 1000; state: ENABLED
07-06 01:15:13.225   630   630 D SystemServerTiming: StartConnectivityService took to complete: 77ms
07-06 01:15:13.225   630   630 I SystemServerTiming: StartVpnManagerService
07-06 01:15:13.229   630   630 D SystemServerTiming: StartVpnManagerService took to complete: 4ms
07-06 01:15:13.230   630   630 I SystemServerTiming: StartVcnManagementService
07-06 01:15:13.234   630   630 D SystemServerTiming: StartVcnManagementService took to complete: 4ms
07-06 01:15:13.234   630   630 I SystemServerTiming: StartNsdService
07-06 01:15:13.235   630   630 D NsdService: Network service discovery is enabled
07-06 01:15:13.237   630   630 D SystemServerTiming: StartNsdService took to complete: 4ms
07-06 01:15:13.237   630   630 I SystemServerTiming: StartSystemUpdateManagerService
07-06 01:15:13.240   630   630 I SystemUpdateManagerService: No existing info file /data/system/system-update-info.xml
07-06 01:15:13.242   630   630 D SystemServerTiming: StartSystemUpdateManagerService took to complete: 4ms
07-06 01:15:13.242   630   630 I SystemServerTiming: StartUpdateLockService
07-06 01:15:13.244   630   630 D SystemServerTiming: StartUpdateLockService took to complete: 2ms
07-06 01:15:13.244   630   630 I SystemServerTiming: StartNotificationManager
07-06 01:15:13.244   630   630 I SystemServiceManager: Starting com.android.server.notification.NotificationManagerService
07-06 01:15:13.260   630   630 D ConditionProviders.SCP: new ScheduleConditionProvider()
07-06 01:15:13.284   630   630 I NotificationListeners: Read notification listener permissions from xml
07-06 01:15:13.285   630   630 I NotificationAssistants: Read notification assistant permissions from xml
07-06 01:15:13.285   630   630 I ConditionProviders: Read condition provider permissions from xml
07-06 01:15:13.285   630   630 I ConditionProviders: Read condition provider permissions from xml
07-06 01:15:13.286   630   630 D NotificationAssistants: Approving default notification assistant for user 0
07-06 01:15:13.292   630   630 I ConditionProviders:  Allowing condition provider com.google.android.ext.services/android.ext.services.notification.Assistant (userSet: true)
07-06 01:15:13.298   630   630 D CompatibilityChangeReporter: Compat change id reported: 157233955; UID 1000; state: ENABLED
07-06 01:15:13.301   630   630 W SystemServiceManager: Service com.android.server.notification.NotificationManagerService took 54 ms in onStart
07-06 01:15:13.305   630   630 D SystemServerTiming: StartNotificationManager took to complete: 61ms
07-06 01:15:13.305   630   630 I SystemServerTiming: StartDeviceMonitor
07-06 01:15:13.305   630   630 I SystemServiceManager: Starting com.android.server.storage.DeviceStorageMonitorService
07-06 01:15:13.310   630   630 D SystemServerTiming: StartDeviceMonitor took to complete: 4ms
07-06 01:15:13.310   630   630 I SystemServerTiming: StartLocationManagerService
07-06 01:15:13.310   630   630 I SystemServiceManager: Starting com.android.server.location.LocationManagerService$Lifecycle
07-06 01:15:13.317   630   630 D SystemServerTiming: StartLocationManagerService took to complete: 8ms
07-06 01:15:13.317   630   630 I SystemServerTiming: StartCountryDetectorService
07-06 01:15:13.318   630   630 D SystemServerTiming: StartCountryDetectorService took to complete: 1ms
07-06 01:15:13.318   630   630 I SystemServerTiming: StartTimeDetectorService
07-06 01:15:13.318   630   630 I SystemServiceManager: Starting com.android.server.timedetector.TimeDetectorService$Lifecycle
07-06 01:15:13.322   630   630 D SystemServerTiming: StartTimeDetectorService took to complete: 3ms
07-06 01:15:13.322   630   630 I SystemServerTiming: StartTimeZoneDetectorService
07-06 01:15:13.322   630   630 I SystemServiceManager: Starting com.android.server.timezonedetector.TimeZoneDetectorService$Lifecycle
07-06 01:15:13.333   630   630 D SystemServerTiming: StartTimeZoneDetectorService took to complete: 11ms
07-06 01:15:13.333   630   630 I SystemServerTiming: StartLocationTimeZoneManagerService
07-06 01:15:13.333   630   630 I SystemServiceManager: Starting com.android.server.timezonedetector.location.LocationTimeZoneManagerService$Lifecycle
07-06 01:15:13.333   630   630 D LocationTZDetector: Geo time zone detection feature is disabled in config
07-06 01:15:13.333   630   630 D SystemServerTiming: StartLocationTimeZoneManagerService took to complete: 0ms
07-06 01:15:13.333   630   630 I SystemServerTiming: StartSearchManagerService
07-06 01:15:13.333   630   630 I SystemServiceManager: Starting com.android.server.search.SearchManagerService$Lifecycle
07-06 01:15:13.335   630   630 D SystemServerTiming: StartSearchManagerService took to complete: 2ms
07-06 01:15:13.335   630   630 I SystemServerTiming: StartWallpaperManagerService
07-06 01:15:13.335   630   630 I SystemServiceManager: Starting com.android.server.wallpaper.WallpaperManagerService$Lifecycle
07-06 01:15:13.337   630   630 D SystemServerTiming: StartWallpaperManagerService took to complete: 2ms
07-06 01:15:13.337   630   630 I SystemServerTiming: StartAudioService
07-06 01:15:13.337   630   630 I SystemServiceManager: Starting com.android.server.audio.AudioService$Lifecycle
07-06 01:15:13.406   630   630 D SystemServerTiming: StartAudioService took to complete: 68ms
07-06 01:15:13.406   630   630 I SystemServerTiming: StartSoundTriggerMiddlewareService
07-06 01:15:13.406   630   630 I SystemServiceManager: Starting com.android.server.soundtrigger_middleware.SoundTriggerMiddlewareService$Lifecycle
07-06 01:15:13.419   630   630 D SystemServerTiming: StartSoundTriggerMiddlewareService took to complete: 13ms
07-06 01:15:13.419   630   630 I SystemServerTiming: StartWiredAccessoryManager
07-06 01:15:13.420   630   630 W WiredAccessoryManager: This kernel does not have wired headset support
07-06 01:15:13.421   630   630 W WiredAccessoryManager: This kernel does not have usb audio support
07-06 01:15:13.421   630   630 W WiredAccessoryManager: This kernel does not have HDMI audio support
07-06 01:15:13.421   630   630 D SystemServerTiming: StartWiredAccessoryManager took to complete: 2ms
07-06 01:15:13.421   630   630 I SystemServerTiming: StartAdbService
07-06 01:15:13.421   630   630 I SystemServiceManager: Starting com.android.server.adb.AdbService$Lifecycle
07-06 01:15:13.426   630   630 D SystemServerTiming: StartAdbService took to complete: 4ms
07-06 01:15:13.426   630   630 I SystemServerTiming: StartUsbService
07-06 01:15:13.426   630   630 I SystemServiceManager: Starting com.android.server.usb.UsbService$Lifecycle
07-06 01:15:13.426   630   630 D SystemServerTiming: StartUsbService took to complete: 0ms
07-06 01:15:13.426   630   630 I SystemServerTiming: StartSerialService
07-06 01:15:13.427   630   658 I SystemServerTimingAsync: InitThreadPoolExec:UsbService$Lifecycle#onStart
07-06 01:15:13.427   630   658 D SystemServerInitThreadPool: Started executing UsbService$Lifecycle#onStart
07-06 01:15:13.428   630   630 D SystemServerTiming: StartSerialService took to complete: 2ms
07-06 01:15:13.428   630   630 I SystemServerTiming: StartHardwarePropertiesManagerService
07-06 01:15:13.430   630   658 E UsbDeviceManager: failed to write to /sys/class/android_usb/android0/f_rndis/ethaddr
07-06 01:15:13.432   630   630 D SystemServerTiming: StartHardwarePropertiesManagerService took to complete: 4ms
07-06 01:15:13.432   630   630 I SystemServerTiming: StartTwilightService
07-06 01:15:13.432   630   630 I SystemServiceManager: Starting com.android.server.twilight.TwilightService
07-06 01:15:13.433   630   630 D SystemServerTiming: StartTwilightService took to complete: 0ms
07-06 01:15:13.433   630   630 I SystemServerTiming: StartColorDisplay
07-06 01:15:13.433   630   630 I SystemServiceManager: Starting com.android.server.display.color.ColorDisplayService
07-06 01:15:13.435   630   658 I UsbDeviceManager: USB GADGET HAL not present in the device
07-06 01:15:13.435   630   658 I UsbDeviceManager: java.util.NoSuchElementException
07-06 01:15:13.435   630   658 I UsbDeviceManager: 	at android.os.HwBinder.getService(Native Method)
07-06 01:15:13.435   630   658 I UsbDeviceManager: 	at android.hardware.usb.gadget.V1_0.IUsbGadget.getService(IUsbGadget.java:57)
07-06 01:15:13.435   630   658 I UsbDeviceManager: 	at android.hardware.usb.gadget.V1_0.IUsbGadget.getService(IUsbGadget.java:64)
07-06 01:15:13.435   630   658 I UsbDeviceManager: 	at com.android.server.usb.UsbDeviceManager.<init>(UsbDeviceManager.java:292)
07-06 01:15:13.435   630   658 I UsbDeviceManager: 	at com.android.server.usb.UsbService.<init>(UsbService.java:178)
07-06 01:15:13.435   630   658 I UsbDeviceManager: 	at com.android.server.usb.UsbService$Lifecycle.lambda$onStart$0$UsbService$Lifecycle(UsbService.java:92)
07-06 01:15:13.435   630   658 I UsbDeviceManager: 	at com.android.server.usb.UsbService$Lifecycle$$ExternalSyntheticLambda1.run(Unknown Source:2)
07-06 01:15:13.435   630   658 I UsbDeviceManager: 	at com.android.server.SystemServerInitThreadPool.lambda$submitTask$0$SystemServerInitThreadPool(SystemServerInitThreadPool.java:105)
07-06 01:15:13.435   630   658 I UsbDeviceManager: 	at com.android.server.SystemServerInitThreadPool$$ExternalSyntheticLambda0.run(Unknown Source:6)
07-06 01:15:13.435   630   658 I UsbDeviceManager: 	at java.util.concurrent.Executors$RunnableAdapter.call(Executors.java:462)
07-06 01:15:13.435   630   658 I UsbDeviceManager: 	at java.util.concurrent.FutureTask.run(FutureTask.java:266)
07-06 01:15:13.435   630   658 I UsbDeviceManager: 	at java.util.concurrent.ThreadPoolExecutor.runWorker(ThreadPoolExecutor.java:1167)
07-06 01:15:13.435   630   658 I UsbDeviceManager: 	at java.util.concurrent.ThreadPoolExecutor$Worker.run(ThreadPoolExecutor.java:641)
07-06 01:15:13.435   630   658 I UsbDeviceManager: 	at com.android.internal.util.ConcurrentUtils$1$1.run(ConcurrentUtils.java:65)
07-06 01:15:13.435   630   630 D SystemServerTiming: StartColorDisplay took to complete: 2ms
07-06 01:15:13.435   630   630 I SystemServerTiming: StartJobScheduler
07-06 01:15:13.435   630   658 E UsbDeviceManager: Failed to open control for mtp
07-06 01:15:13.435   630   658 E UsbDeviceManager: Failed to open control for ptp
07-06 01:15:13.436   630   630 I SystemServiceManager: Starting com.android.server.job.JobSchedulerService
07-06 01:15:13.448   630   630 D JobStore: Start tag: job-info
07-06 01:15:13.448   630   630 W JobStore: Periodic job for uid='10093' persisted run-time is too big [1501:46:32, 1525:46:32]. Clamping to [24:00:29,48:00:29]
07-06 01:15:13.449   630   658 W StorageManagerService: No primary storage defined yet; hacking together a stub
07-06 01:15:13.452   630   630 W JobStore: Periodic job for uid='10093' persisted run-time is too big [1502:06:59, 1622:06:59]. Clamping to [120:00:29,240:00:29]
07-06 01:15:13.457   630   630 W JobStore: Periodic job for uid='10084' persisted run-time is too big [1486:35:31, 1488:42:31]. Clamping to [4:14:29,6:21:29]
07-06 01:15:13.458   630   630 W JobStore: Periodic job for uid='10083' persisted run-time is too big [1506:11:40, 1530:11:40]. Clamping to [24:00:29,48:00:29]
07-06 01:15:13.459   630   630 W JobStore: Periodic job for uid='10083' persisted run-time is too big [1506:11:40, 1530:11:40]. Clamping to [24:00:29,48:00:29]
07-06 01:15:13.462   630   658 E UsbPortManager: connectToProxy: usb hal service not found. Did the service fail to start?
07-06 01:15:13.462   630   658 E UsbPortManager: java.util.NoSuchElementException
07-06 01:15:13.462   630   658 E UsbPortManager: 	at android.os.HwBinder.getService(Native Method)
07-06 01:15:13.462   630   658 E UsbPortManager: 	at android.os.HwBinder.getService(HwBinder.java:81)
07-06 01:15:13.462   630   658 E UsbPortManager: 	at android.hardware.usb.V1_0.IUsb.getService(IUsb.java:74)
07-06 01:15:13.462   630   658 E UsbPortManager: 	at android.hardware.usb.V1_0.IUsb.getService(IUsb.java:84)
07-06 01:15:13.462   630   658 E UsbPortManager: 	at com.android.server.usb.UsbPortManager.connectToProxy(UsbPortManager.java:836)
07-06 01:15:13.462   630   658 E UsbPortManager: 	at com.android.server.usb.UsbPortManager.<init>(UsbPortManager.java:179)
07-06 01:15:13.462   630   658 E UsbPortManager: 	at com.android.server.usb.UsbService.<init>(UsbService.java:182)
07-06 01:15:13.462   630   658 E UsbPortManager: 	at com.android.server.usb.UsbService$Lifecycle.lambda$onStart$0$UsbService$Lifecycle(UsbService.java:92)
07-06 01:15:13.462   630   658 E UsbPortManager: 	at com.android.server.usb.UsbService$Lifecycle$$ExternalSyntheticLambda1.run(Unknown Source:2)
07-06 01:15:13.462   630   658 E UsbPortManager: 	at com.android.server.SystemServerInitThreadPool.lambda$submitTask$0$SystemServerInitThreadPool(SystemServerInitThreadPool.java:105)
07-06 01:15:13.462   630   658 E UsbPortManager: 	at com.android.server.SystemServerInitThreadPool$$ExternalSyntheticLambda0.run(Unknown Source:6)
07-06 01:15:13.462   630   658 E UsbPortManager: 	at java.util.concurrent.Executors$RunnableAdapter.call(Executors.java:462)
07-06 01:15:13.462   630   658 E UsbPortManager: 	at java.util.concurrent.FutureTask.run(FutureTask.java:266)
07-06 01:15:13.462   630   658 E UsbPortManager: 	at java.util.concurrent.ThreadPoolExecutor.runWorker(ThreadPoolExecutor.java:1167)
07-06 01:15:13.462   630   658 E UsbPortManager: 	at java.util.concurrent.ThreadPoolExecutor$Worker.run(ThreadPoolExecutor.java:641)
07-06 01:15:13.462   630   658 E UsbPortManager: 	at com.android.internal.util.ConcurrentUtils$1$1.run(ConcurrentUtils.java:65)
07-06 01:15:13.462   630   630 W JobStore: Periodic job for uid='10076' persisted run-time is too big [1501:46:32, 1525:46:32]. Clamping to [24:00:29,48:00:29]
07-06 01:15:13.463   630   630 W JobStore: Periodic job for uid='10073' persisted run-time is too big [1501:50:12, 1525:50:12]. Clamping to [24:00:29,48:00:29]
07-06 01:15:13.464   630   630 W JobStore: Periodic job for uid='10072' persisted run-time is too big [1483:50:12, 1489:50:12]. Clamping to [6:00:29,12:00:29]
07-06 01:15:13.465   630   630 W JobStore: Periodic job for uid='10068' persisted run-time is too big [1484:11:24, 1485:11:24]. Clamping to [1:00:29,2:00:29]
07-06 01:15:13.465   630   630 W JobStore: Periodic job for uid='10067' persisted run-time is too big [1483:46:31, 1486:46:31]. Clamping to [3:00:29,6:00:29]
07-06 01:15:13.466   630   630 W JobStore: Periodic job for uid='10066' persisted run-time is too big [1501:46:32, 1525:46:32]. Clamping to [24:00:29,48:00:29]
07-06 01:15:13.467   630   630 W JobStore: Periodic job for uid='1000' persisted run-time is too big [1501:46:32, 1525:46:32]. Clamping to [24:00:29,48:00:29]
07-06 01:15:13.468   630   630 I JobStore: Read 14 jobs
07-06 01:15:13.474   630   658 D SystemServerInitThreadPool: Finished executing UsbService$Lifecycle#onStart
07-06 01:15:13.474   630   658 D SystemServerTimingAsync: InitThreadPoolExec:UsbService$Lifecycle#onStart took to complete: 48ms
07-06 01:15:13.481   630   630 V HistoricalRegistry: Interaction before persistence initialized
07-06 01:15:13.481   630   630 V HistoricalRegistry: Interaction before persistence initialized
07-06 01:15:13.482   630   630 W JobScheduler: !!! RTC not yet good; tracking time updates for job scheduling
07-06 01:15:13.483   630   630 D SystemServerTiming: StartJobScheduler took to complete: 48ms
07-06 01:15:13.483   630   630 I SystemServerTiming: StartSoundTrigger
07-06 01:15:13.483   630   630 I SystemServiceManager: Starting com.android.server.soundtrigger.SoundTriggerService
07-06 01:15:13.485   630   630 D SystemServerTiming: StartSoundTrigger took to complete: 1ms
07-06 01:15:13.485   630   630 I SystemServerTiming: StartTrustManager
07-06 01:15:13.485   630   630 I SystemServiceManager: Starting com.android.server.trust.TrustManagerService
07-06 01:15:13.487   630   630 D SystemServerTiming: StartTrustManager took to complete: 3ms
07-06 01:15:13.488   630   630 I SystemServerTiming: StartBackupManager
07-06 01:15:13.488   630   630 I SystemServiceManager: Starting com.android.server.backup.BackupManagerService$Lifecycle
07-06 01:15:13.494   630   630 D SystemServerTiming: StartBackupManager took to complete: 7ms
07-06 01:15:13.495   630   630 I SystemServerTiming: StartAppWidgetService
07-06 01:15:13.495   630   630 I SystemServiceManager: Starting com.android.server.appwidget.AppWidgetService
07-06 01:15:13.498   630   630 D SystemServerTiming: StartAppWidgetService took to complete: 4ms
07-06 01:15:13.498   630   630 I SystemServerTiming: StartVoiceRecognitionManager
07-06 01:15:13.498   630   630 I SystemServiceManager: Starting com.android.server.voiceinteraction.VoiceInteractionManagerService
07-06 01:15:13.525   630   630 D SystemServerTiming: StartVoiceRecognitionManager took to complete: 27ms
07-06 01:15:13.525   630   630 I SystemServerTiming: StartAppHibernationService
07-06 01:15:13.527   630   630 I SystemServiceManager: Starting com.android.server.apphibernation.AppHibernationService
07-06 01:15:13.530   630   630 D SystemServerTiming: StartAppHibernationService took to complete: 5ms
07-06 01:15:13.531   630   630 I SystemServerTiming: StartGestureLauncher
07-06 01:15:13.531   630   630 I SystemServiceManager: Starting com.android.server.GestureLauncherService
07-06 01:15:13.531   630   630 D SystemServerTiming: StartGestureLauncher took to complete: 1ms
07-06 01:15:13.531   630   630 I SystemServerTiming: StartSensorNotification
07-06 01:15:13.531   630   630 I SystemServiceManager: Starting com.android.server.SensorNotificationService
07-06 01:15:13.531   630   630 D SystemServerTiming: StartSensorNotification took to complete: 0ms
07-06 01:15:13.531   630   630 I SystemServerTiming: StartDiskStatsService
07-06 01:15:13.534   630   630 D SystemServerTiming: StartDiskStatsService took to complete: 3ms
07-06 01:15:13.534   630   630 I SystemServerTiming: RuntimeService
07-06 01:15:13.535   630   630 D SystemServerTiming: RuntimeService took to complete: 0ms
07-06 01:15:13.535   630   630 I SystemServerTiming: StartNetworkTimeUpdateService
07-06 01:15:13.538   630   630 D SystemServerTiming: StartNetworkTimeUpdateService took to complete: 2ms
07-06 01:15:13.538   630   630 I SystemServerTiming: CertBlacklister
07-06 01:15:13.539   630   630 D SystemServerTiming: CertBlacklister took to complete: 1ms
07-06 01:15:13.539   630   630 I SystemServerTiming: StartEmergencyAffordanceService
07-06 01:15:13.539   630   630 I SystemServiceManager: Starting com.android.server.emergency.EmergencyAffordanceService
07-06 01:15:13.541   630   630 D SystemServerTiming: StartEmergencyAffordanceService took to complete: 2ms
07-06 01:15:13.542   630   696 I SystemServerTimingAsync: InitThreadPoolExec:startBlobStoreManagerService
07-06 01:15:13.542   630   696 D SystemServerInitThreadPool: Started executing startBlobStoreManagerService
07-06 01:15:13.542   630   696 I SystemServerTimingAsync: startBlobStoreManagerService
07-06 01:15:13.543   630   630 I SystemServerTiming: StartDreamManager
07-06 01:15:13.543   630   630 I SystemServiceManager: Starting com.android.server.dreams.DreamManagerService
07-06 01:15:13.544   630   696 I SystemServiceManager: Starting com.android.server.blob.BlobStoreManagerService
07-06 01:15:13.547   630   630 D SystemServerTiming: StartDreamManager took to complete: 3ms
07-06 01:15:13.547   630   630 I SystemServerTiming: AddGraphicsStatsService
07-06 01:15:13.554   630   696 D SystemServerTimingAsync: startBlobStoreManagerService took to complete: 12ms
07-06 01:15:13.554   630   696 D SystemServerInitThreadPool: Finished executing startBlobStoreManagerService
07-06 01:15:13.554   630   696 D SystemServerTimingAsync: InitThreadPoolExec:startBlobStoreManagerService took to complete: 13ms
07-06 01:15:13.556   630   630 D SystemServerTiming: AddGraphicsStatsService took to complete: 9ms
07-06 01:15:13.557   630   630 I SystemServerTiming: StartRestrictionManager
07-06 01:15:13.557   630   630 I SystemServiceManager: Starting com.android.server.restrictions.RestrictionsManagerService
07-06 01:15:13.560   630   630 D SystemServerTiming: StartRestrictionManager took to complete: 3ms
07-06 01:15:13.560   630   630 I SystemServerTiming: StartMediaSessionService
07-06 01:15:13.561   630   630 I SystemServiceManager: Starting com.android.server.media.MediaSessionService
07-06 01:15:13.566   630   630 D SystemServerTiming: StartMediaSessionService took to complete: 5ms
07-06 01:15:13.566   630   630 I SystemServerTiming: StartHdmiControlService
07-06 01:15:13.566   630   630 I SystemServiceManager: Starting com.android.server.hdmi.HdmiControlService
07-06 01:15:13.579   630   630 E HDMI    : [1]:Couldn't connect to cec@1.1java.util.NoSuchElementException
07-06 01:15:13.580   630   630 W HDMI    : [1]:Couldn't get tv.cec service.
07-06 01:15:13.580   630   630 W HDMI    : [1]:Unable to use cec@1.1
07-06 01:15:13.584   630   630 I HdmiControlService: Device does not support MHL-control.
07-06 01:15:13.598   630   630 D SystemServerTiming: StartHdmiControlService took to complete: 33ms
07-06 01:15:13.599   630   630 I SystemServerTiming: StartTvInputManager
07-06 01:15:13.599   630   630 I SystemServiceManager: Starting com.android.server.tv.TvInputManagerService
07-06 01:15:13.607   630   630 D SystemServerTiming: StartTvInputManager took to complete: 9ms
07-06 01:15:13.608   630   630 I SystemServerTiming: StartTunerResourceManager
07-06 01:15:13.608   630   630 I SystemServiceManager: Starting com.android.server.tv.tunerresourcemanager.TunerResourceManagerService
07-06 01:15:13.616   630   630 D SystemServerTiming: StartTunerResourceManager took to complete: 8ms
07-06 01:15:13.616   630   630 I SystemServerTiming: StartMediaResourceMonitor
07-06 01:15:13.616   630   630 I SystemServiceManager: Starting com.android.server.media.MediaResourceMonitorService
07-06 01:15:13.617   630   630 D SystemServerTiming: StartMediaResourceMonitor took to complete: 1ms
07-06 01:15:13.617   630   630 I SystemServerTiming: StartTvRemoteService
07-06 01:15:13.617   630   630 I SystemServiceManager: Starting com.android.server.tv.TvRemoteService
07-06 01:15:13.618   630   630 D SystemServerTiming: StartTvRemoteService took to complete: 1ms
07-06 01:15:13.618   630   630 I SystemServerTiming: StartMediaRouterService
07-06 01:15:13.619   630   630 V HistoricalRegistry: Interaction before persistence initialized
07-06 01:15:13.621   630   630 D SystemServerTiming: StartMediaRouterService took to complete: 2ms
07-06 01:15:13.621   630   630 I SystemServerTiming: StartBiometricService
07-06 01:15:13.621   630   630 I SystemServiceManager: Starting com.android.server.biometrics.BiometricService
07-06 01:15:13.629   630   630 D SystemServerTiming: StartBiometricService took to complete: 7ms
07-06 01:15:13.629   630   630 I SystemServerTiming: StartAuthService
07-06 01:15:13.629   630   630 I SystemServiceManager: Starting com.android.server.biometrics.AuthService
07-06 01:15:13.633   630   630 D SystemServerTiming: StartAuthService took to complete: 3ms
07-06 01:15:13.633   630   630 I SystemServerTiming: StartBackgroundDexOptService
07-06 01:15:13.633   630   630 W BackgroundDexOptService: SysProp pm.dexopt.downgrade_after_inactive_days not set
07-06 01:15:13.635   630   630 D SystemServerTiming: StartBackgroundDexOptService took to complete: 1ms
07-06 01:15:13.635   630   630 I SystemServerTiming: StartDynamicCodeLoggingService
07-06 01:15:13.637   630   630 D SystemServerTiming: StartDynamicCodeLoggingService took to complete: 2ms
07-06 01:15:13.637   630   630 I SystemServerTiming: StartPruneInstantAppsJobService
07-06 01:15:13.638   630   630 D SystemServerTiming: StartPruneInstantAppsJobService took to complete: 1ms
07-06 01:15:13.638   630   630 I SystemServerTiming: StartShortcutServiceLifecycle
07-06 01:15:13.638   630   630 I SystemServiceManager: Starting com.android.server.pm.ShortcutService$Lifecycle
07-06 01:15:13.641   630   630 V HistoricalRegistry: Interaction before persistence initialized
07-06 01:15:13.642   630   630 D SystemServerTiming: StartShortcutServiceLifecycle took to complete: 5ms
07-06 01:15:13.642   630   630 I SystemServerTiming: StartLauncherAppsService
07-06 01:15:13.642   630   630 I SystemServiceManager: Starting com.android.server.pm.LauncherAppsService
07-06 01:15:13.646   630   630 D SystemServerTiming: StartLauncherAppsService took to complete: 3ms
07-06 01:15:13.646   630   630 I SystemServerTiming: StartCrossProfileAppsService
07-06 01:15:13.646   630   630 I SystemServiceManager: Starting com.android.server.pm.CrossProfileAppsService
07-06 01:15:13.647   630   630 D SystemServerTiming: StartCrossProfileAppsService took to complete: 2ms
07-06 01:15:13.648   630   630 I SystemServerTiming: StartPeopleService
07-06 01:15:13.648   630   630 I SystemServiceManager: Starting com.android.server.people.PeopleService
07-06 01:15:13.649   630   630 D SystemServerTiming: StartPeopleService took to complete: 1ms
07-06 01:15:13.649   630   630 I SystemServerTiming: StartMediaMetricsManager
07-06 01:15:13.649   630   630 I SystemServiceManager: Starting com.android.server.media.metrics.MediaMetricsManagerService
07-06 01:15:13.652   630   630 D SystemServerTiming: StartMediaMetricsManager took to complete: 3ms
07-06 01:15:13.652   630   630 I SystemServerTiming: StartMediaProjectionManager
07-06 01:15:13.652   630   630 I SystemServiceManager: Starting com.android.server.media.projection.MediaProjectionManagerService
07-06 01:15:13.656   630   630 D SystemServerTiming: StartMediaProjectionManager took to complete: 5ms
07-06 01:15:13.657   630   630 I SystemServerTiming: StartSliceManagerService
07-06 01:15:13.657   630   630 I SystemServiceManager: Starting com.android.server.slice.SliceManagerService$Lifecycle
07-06 01:15:13.661   630   630 D SystemServerTiming: StartSliceManagerService took to complete: 5ms
07-06 01:15:13.662   630   630 I SystemServerTiming: StartStatsCompanion
07-06 01:15:13.673   630   630 I SystemServiceManager: Starting com.android.server.stats.StatsCompanion$Lifecycle
07-06 01:15:13.680   630   630 D SystemServerTiming: StartStatsCompanion took to complete: 18ms
07-06 01:15:13.680   630   630 I SystemServerTiming: StartRebootReadinessManagerService
07-06 01:15:13.691   630   630 I SystemServiceManager: Starting com.android.server.scheduling.RebootReadinessManagerService$Lifecycle
07-06 01:15:13.702   630   630 D SystemServerTiming: StartRebootReadinessManagerService took to complete: 23ms
07-06 01:15:13.702   630   630 I SystemServerTiming: StartStatsPullAtomService
07-06 01:15:13.703   630   630 I SystemServiceManager: Starting com.android.server.stats.pull.StatsPullAtomService
07-06 01:15:13.703   630   630 D SystemServerTiming: StartStatsPullAtomService took to complete: 1ms
07-06 01:15:13.703   630   630 I SystemServerTiming: StartIncidentCompanionService
07-06 01:15:13.703   630   630 I SystemServiceManager: Starting com.android.server.incident.IncidentCompanionService
07-06 01:15:13.704   630   630 D SystemServerTiming: StartIncidentCompanionService took to complete: 1ms
07-06 01:15:13.705   630   630 I SystemServerTiming: StartMmsService
07-06 01:15:13.705   630   630 I SystemServiceManager: Starting com.android.server.MmsServiceBroker
07-06 01:15:13.707   630   630 D SystemServerTiming: StartMmsService took to complete: 2ms
07-06 01:15:13.707   630   630 I SystemServerTiming: StartAutoFillService
07-06 01:15:13.707   630   630 I SystemServiceManager: Starting com.android.server.autofill.AutofillManagerService
07-06 01:15:13.710   630   630 D AutofillManagerService: setLogLevelFromSettings(): level=2, debug=true, verbose=false
07-06 01:15:13.710   630   630 D AutofillManagerService: setMaxPartitionsFromSettings(): 10
07-06 01:15:13.710   630   630 D AutofillManagerService: setMaxVisibleDatasetsFromSettings(): 0
07-06 01:15:13.713   630   652 D AutofillUI: destroySaveUiUiThread(): already destroyed
07-06 01:15:13.713   630   630 E AutofillManagerServiceImpl: Bad service name: com.google.android.gms/.autofill.service.AutofillService
07-06 01:15:13.713   630   630 D AutofillManagerServiceImpl: Reset component for user 0:com.google.android.gms/.autofill.service.AutofillService
07-06 01:15:13.716   630   630 D SystemServerTiming: StartAutoFillService took to complete: 9ms
07-06 01:15:13.716   630   630 D SystemServer: TranslationService not defined by OEM
07-06 01:15:13.716   630   630 I SystemServerTiming: StartClipboardService
07-06 01:15:13.716   630   630 I SystemServiceManager: Starting com.android.server.clipboard.ClipboardService
07-06 01:15:13.721   630   630 D SystemServerTiming: StartClipboardService took to complete: 4ms
07-06 01:15:13.721   630   630 I SystemServerTiming: AppServiceManager
07-06 01:15:13.721   630   630 I SystemServiceManager: Starting com.android.server.appbinding.AppBindingService$Lifecycle
07-06 01:15:13.723   630   630 D SystemServerTiming: AppServiceManager took to complete: 2ms
07-06 01:15:13.723   630   630 I SystemServerTiming: startTracingServiceProxy
07-06 01:15:13.723   630   630 I SystemServiceManager: Starting com.android.server.tracing.TracingServiceProxy
07-06 01:15:13.725   630   630 D SystemServerTiming: startTracingServiceProxy took to complete: 2ms
07-06 01:15:13.725   630   630 I SystemServerTiming: MakeLockSettingsServiceReady
07-06 01:15:13.736   630   630 I SyntheticPasswordManager: Device does not support weaver
07-06 01:15:13.737   630   630 I LockSettingsService: Device doesn't implement AuthSecret HAL
07-06 01:15:13.740   630   630 D SystemServerTiming: MakeLockSettingsServiceReady took to complete: 14ms
07-06 01:15:13.740   630   630 I SystemServerTiming: StartBootPhaseLockSettingsReady
07-06 01:15:13.740   630   630 I SystemServiceManager: Starting phase 480
07-06 01:15:13.740   630   630 I SystemServerTiming: OnBootPhase_480
07-06 01:15:13.740   630   630 I SystemServerTiming: OnBootPhase_480_com.android.server.security.FileIntegrityService
07-06 01:15:13.740   630   630 D SystemServerTiming: OnBootPhase_480_com.android.server.security.FileIntegrityService took to complete: 0ms
07-06 01:15:13.740   630   630 I SystemServerTiming: OnBootPhase_480_com.android.server.pm.Installer
07-06 01:15:13.740   630   630 D SystemServerTiming: OnBootPhase_480_com.android.server.pm.Installer took to complete: 0ms
07-06 01:15:13.740   630   630 I SystemServerTiming: OnBootPhase_480_com.android.server.os.DeviceIdentifiersPolicyService
07-06 01:15:13.740   630   630 D SystemServerTiming: OnBootPhase_480_com.android.server.os.DeviceIdentifiersPolicyService took to complete: 0ms
07-06 01:15:13.741   630   630 I SystemServerTiming: OnBootPhase_480_com.android.server.uri.UriGrantsManagerService$Lifecycle
07-06 01:15:13.741   630   630 D SystemServerTiming: OnBootPhase_480_com.android.server.uri.UriGrantsManagerService$Lifecycle took to complete: 0ms
07-06 01:15:13.741   630   630 I SystemServerTiming: OnBootPhase_480_com.android.server.powerstats.PowerStatsService
07-06 01:15:13.741   630   630 D SystemServerTiming: OnBootPhase_480_com.android.server.powerstats.PowerStatsService took to complete: 0ms
07-06 01:15:13.741   630   630 I SystemServerTiming: OnBootPhase_480_com.android.server.wm.ActivityTaskManagerService$Lifecycle
07-06 01:15:13.741   630   630 D SystemServerTiming: OnBootPhase_480_com.android.server.wm.ActivityTaskManagerService$Lifecycle took to complete: 0ms
07-06 01:15:13.741   630   630 I SystemServerTiming: OnBootPhase_480_com.android.server.am.ActivityManagerService$Lifecycle
07-06 01:15:13.741   630   630 D SystemServerTiming: OnBootPhase_480_com.android.server.am.ActivityManagerService$Lifecycle took to complete: 0ms
07-06 01:15:13.741   630   630 I SystemServerTiming: OnBootPhase_480_com.android.server.pm.DataLoaderManagerService
07-06 01:15:13.741   630   630 D SystemServerTiming: OnBootPhase_480_com.android.server.pm.DataLoaderManagerService took to complete: 0ms
07-06 01:15:13.741   630   630 I SystemServerTiming: OnBootPhase_480_com.android.server.power.PowerManagerService
07-06 01:15:13.741   630   630 D SystemServerTiming: OnBootPhase_480_com.android.server.power.PowerManagerService took to complete: 0ms
07-06 01:15:13.741   630   630 I SystemServerTiming: OnBootPhase_480_com.android.server.power.ThermalManagerService
07-06 01:15:13.741   630   630 D SystemServerTiming: OnBootPhase_480_com.android.server.power.ThermalManagerService took to complete: 0ms
07-06 01:15:13.741   630   630 I SystemServerTiming: OnBootPhase_480_com.android.server.power.hint.HintManagerService
07-06 01:15:13.741   630   630 D SystemServerTiming: OnBootPhase_480_com.android.server.power.hint.HintManagerService took to complete: 0ms
07-06 01:15:13.741   630   630 I SystemServerTiming: OnBootPhase_480_com.android.server.recoverysystem.RecoverySystemService$Lifecycle
07-06 01:15:13.741   630   630 D SystemServerTiming: OnBootPhase_480_com.android.server.recoverysystem.RecoverySystemService$Lifecycle took to complete: 0ms
07-06 01:15:13.741   630   630 I SystemServerTiming: OnBootPhase_480_com.android.server.lights.LightsService
07-06 01:15:13.741   630   630 D SystemServerTiming: OnBootPhase_480_com.android.server.lights.LightsService took to complete: 0ms
07-06 01:15:13.741   630   630 I SystemServerTiming: OnBootPhase_480_com.android.server.display.DisplayManagerService
07-06 01:15:13.741   630   630 D SystemServerTiming: OnBootPhase_480_com.android.server.display.DisplayManagerService took to complete: 0ms
07-06 01:15:13.741   630   630 I SystemServerTiming: OnBootPhase_480_com.android.server.pm.verify.domain.DomainVerificationService
07-06 01:15:13.741   630   630 D SystemServerTiming: OnBootPhase_480_com.android.server.pm.verify.domain.DomainVerificationService took to complete: 0ms
07-06 01:15:13.741   630   630 I SystemServerTiming: OnBootPhase_480_com.android.server.pm.PackageInstallerService$Lifecycle
07-06 01:15:13.741   630   630 D SystemServerTiming: OnBootPhase_480_com.android.server.pm.PackageInstallerService$Lifecycle took to complete: 0ms
07-06 01:15:13.741   630   630 I SystemServerTiming: OnBootPhase_480_com.android.server.pm.UserManagerService$LifeCycle
07-06 01:15:13.741   630   630 D SystemServerTiming: OnBootPhase_480_com.android.server.pm.UserManagerService$LifeCycle took to complete: 0ms
07-06 01:15:13.741   630   630 I SystemServerTiming: OnBootPhase_480_com.android.server.om.OverlayManagerService
07-06 01:15:13.741   630   630 D SystemServerTiming: OnBootPhase_480_com.android.server.om.OverlayManagerService took to complete: 0ms
07-06 01:15:13.741   630   630 I SystemServerTiming: OnBootPhase_480_com.android.server.SensorPrivacyService
07-06 01:15:13.741   630   630 D SystemServerTiming: OnBootPhase_480_com.android.server.SensorPrivacyService took to complete: 0ms
07-06 01:15:13.741   630   630 I SystemServerTiming: OnBootPhase_480_com.android.server.sensors.SensorService
07-06 01:15:13.741   630   630 D SystemServerTiming: OnBootPhase_480_com.android.server.sensors.SensorService took to complete: 0ms
07-06 01:15:13.741   630   630 I SystemServerTiming: OnBootPhase_480_com.android.server.SystemConfigService
07-06 01:15:13.741   630   630 D SystemServerTiming: OnBootPhase_480_com.android.server.SystemConfigService took to complete: 0ms
07-06 01:15:13.741   630   630 I SystemServerTiming: OnBootPhase_480_com.android.server.BatteryService
07-06 01:15:13.742   630   630 D SystemServerTiming: OnBootPhase_480_com.android.server.BatteryService took to complete: 0ms
07-06 01:15:13.742   630   630 I SystemServerTiming: OnBootPhase_480_com.android.server.usage.UsageStatsService
07-06 01:15:13.742   630   630 D SystemServerTiming: OnBootPhase_480_com.android.server.usage.UsageStatsService took to complete: 0ms
07-06 01:15:13.742   630   630 I SystemServerTiming: OnBootPhase_480_com.android.server.webkit.WebViewUpdateService
07-06 01:15:13.742   630   630 D SystemServerTiming: OnBootPhase_480_com.android.server.webkit.WebViewUpdateService took to complete: 0ms
07-06 01:15:13.742   630   630 I SystemServerTiming: OnBootPhase_480_com.android.server.CachedDeviceStateService
07-06 01:15:13.742   630   630 D SystemServerTiming: OnBootPhase_480_com.android.server.CachedDeviceStateService took to complete: 0ms
07-06 01:15:13.742   630   630 I SystemServerTiming: OnBootPhase_480_com.android.server.BinderCallsStatsService$LifeCycle
07-06 01:15:13.742   630   630 D SystemServerTiming: OnBootPhase_480_com.android.server.BinderCallsStatsService$LifeCycle took to complete: 0ms
07-06 01:15:13.742   630   630 I SystemServerTiming: OnBootPhase_480_com.android.server.LooperStatsService$Lifecycle
07-06 01:15:13.742   630   630 D SystemServerTiming: OnBootPhase_480_com.android.server.LooperStatsService$Lifecycle took to complete: 0ms
07-06 01:15:13.742   630   630 I SystemServerTiming: OnBootPhase_480_com.android.server.rollback.RollbackManagerService
07-06 01:15:13.742   630   630 D SystemServerTiming: OnBootPhase_480_com.android.server.rollback.RollbackManagerService took to complete: 0ms
07-06 01:15:13.742   630   630 I SystemServerTiming: OnBootPhase_480_com.android.server.os.NativeTombstoneManagerService
07-06 01:15:13.742   630   630 D SystemServerTiming: OnBootPhase_480_com.android.server.os.NativeTombstoneManagerService took to complete: 0ms
07-06 01:15:13.742   630   630 I SystemServerTiming: OnBootPhase_480_com.android.server.os.BugreportManagerService
07-06 01:15:13.742   630   630 D SystemServerTiming: OnBootPhase_480_com.android.server.os.BugreportManagerService took to complete: 0ms
07-06 01:15:13.742   630   630 I SystemServerTiming: OnBootPhase_480_com.android.server.gpu.GpuService
07-06 01:15:13.742   630   630 D SystemServerTiming: OnBootPhase_480_com.android.server.gpu.GpuService took to complete: 0ms
07-06 01:15:13.742   630   630 I SystemServerTiming: OnBootPhase_480_com.android.server.security.KeyChainSystemService
07-06 01:15:13.742   630   630 D SystemServerTiming: OnBootPhase_480_com.android.server.security.KeyChainSystemService took to complete: 0ms
07-06 01:15:13.742   630   630 I SystemServerTiming: OnBootPhase_480_com.android.server.telecom.TelecomLoaderService
07-06 01:15:13.742   630   630 D SystemServerTiming: OnBootPhase_480_com.android.server.telecom.TelecomLoaderService took to complete: 0ms
07-06 01:15:13.742   630   630 I SystemServerTiming: OnBootPhase_480_com.android.server.accounts.AccountManagerService$Lifecycle
07-06 01:15:13.742   630   630 D SystemServerTiming: OnBootPhase_480_com.android.server.accounts.AccountManagerService$Lifecycle took to complete: 0ms
07-06 01:15:13.742   630   630 I SystemServerTiming: OnBootPhase_480_com.android.server.content.ContentService$Lifecycle
07-06 01:15:13.742   630   630 D SystemServerTiming: OnBootPhase_480_com.android.server.content.ContentService$Lifecycle took to complete: 0ms
07-06 01:15:13.742   630   630 I SystemServerTiming: OnBootPhase_480_com.android.server.DropBoxManagerService
07-06 01:15:13.742   630   630 D SystemServerTiming: OnBootPhase_480_com.android.server.DropBoxManagerService took to complete: 0ms
07-06 01:15:13.742   630   630 I SystemServerTiming: OnBootPhase_480_com.android.role.RoleService
07-06 01:15:13.742   630   630 D SystemServerTiming: OnBootPhase_480_com.android.role.RoleService took to complete: 0ms
