01-01 05:30:24.171   186   186 E vold    : keystore2 Keystore earlyBootEnded returned service specific error: -68
01-01 05:30:24.174     0     0 I init    : Service 'exec 6 (/system/bin/vdc keymaster earlyBootEnded)' (pid 295) exited with status 0 waiting took 0.055000 seconds
01-01 05:30:24.187     0     0 I init    : Sending signal 9 to service 'exec 6 (/system/bin/vdc keymaster earlyBootEnded)' (pid 295) process group...
01-01 05:30:24.198     0     0 I libprocessgroup: Successfully killed process cgroup uid 1000 pid 295 in 0ms
01-01 05:30:24.207     0     0 I init    : Not setting encryption policy on: /data/apex
01-01 05:30:24.215     0     0 W init    : Inferred action different from explicit one, expected 0 but got 2
01-01 05:30:24.223     0     0 I init    : Verified that /data/apex/decompressed has the encryption policy 9309a320b53d920b255244c3fe34821a v2 modes 1/4 flags 0x2
01-01 05:30:24.237     0     0 W init    : Inferred action different from explicit one, expected 0 but got 3
01-01 05:30:24.245     0     0 I init    : Verified that /data/app-staging has the encryption policy 9309a320b53d920b255244c3fe34821a v2 modes 1/4 flags 0x2
01-01 05:30:24.257     0     0 W init    : Inferred action different from explicit one, expected 0 but got 2
01-01 05:30:24.265     0     0 I init    : Verified that /data/apex/ota_reserved has the encryption policy 9309a320b53d920b255244c3fe34821a v2 modes 1/4 flags 0x2
01-01 05:30:24.279     0     0 I init    : starting service 'apexd'...
01-01 05:30:24.315     0     0 I init    : Verified that /data/local has the encryption policy 9309a320b53d920b255244c3fe34821a v2 modes 1/4 flags 0x2
01-01 05:30:24.316     0     0 I apexd   : This device does not support updatable APEX. Exiting
01-01 05:30:24.333     0     0 I apexd   : Marking APEXd as activated
01-01 05:30:24.337     0     0 I init    : Not setting encryption policy on: /data/preloads
01-01 05:30:24.345     0     0 I init    : Service 'apexd' (pid 298) exited with status 0 oneshot service took 0.059000 seconds in background
01-01 05:30:24.355     0     0 I init    : Sending signal 9 to service 'apexd' (pid 298) process group...
01-01 05:30:24.363     0     0 I libprocessgroup: Successfully killed process cgroup uid 0 pid 298 in 0ms
01-01 05:30:24.374     0     0 I init    : Not setting encryption policy on: /data/data
01-01 05:30:24.381     0     0 I init    : Verified that /data/app-private has the encryption policy 9309a320b53d920b255244c3fe34821a v2 modes 1/4 flags 0x2
01-01 05:30:24.394     0     0 I init    : Verified that /data/app-ephemeral has the encryption policy 9309a320b53d920b255244c3fe34821a v2 modes 1/4 flags 0x2
01-01 05:30:24.407     0     0 I init    : Verified that /data/app-asec has the encryption policy 9309a320b53d920b255244c3fe34821a v2 modes 1/4 flags 0x2
01-01 05:30:24.420     0     0 I init    : Verified that /data/app-lib has the encryption policy 9309a320b53d920b255244c3fe34821a v2 modes 1/4 flags 0x2
01-01 05:30:24.432     0     0 I init    : Verified that /data/app has the encryption policy 9309a320b53d920b255244c3fe34821a v2 modes 1/4 flags 0x2
01-01 05:30:24.444     0     0 I init    : Verified that /data/property has the encryption policy 9309a320b53d920b255244c3fe34821a v2 modes 1/4 flags 0x2
01-01 05:30:24.456     0     0 W init    : Inferred action different from explicit one, expected 0 but got 2
01-01 05:30:24.465     0     0 I init    : Verified that /data/fonts/ has the encryption policy 9309a320b53d920b255244c3fe34821a v2 modes 1/4 flags 0x2
01-01 05:30:24.480     0     0 I init    : Verified that /data/dalvik-cache has the encryption policy 9309a320b53d920b255244c3fe34821a v2 modes 1/4 flags 0x2
01-01 05:30:24.493     0     0 I init    : Verified that /data/ota has the encryption policy 9309a320b53d920b255244c3fe34821a v2 modes 1/4 flags 0x2
01-01 05:30:24.504     0     0 I init    : Verified that /data/ota_package has the encryption policy 9309a320b53d920b255244c3fe34821a v2 modes 1/4 flags 0x2
01-01 05:30:24.517     0     0 I init    : Verified that /data/resource-cache has the encryption policy 9309a320b53d920b255244c3fe34821a v2 modes 1/4 flags 0x2
01-01 05:30:24.530     0     0 I init    : Not setting encryption policy on: /data/lost+found
01-01 05:30:24.537     0     0 I init    : Verified that /data/drm has the encryption policy 9309a320b53d920b255244c3fe34821a v2 modes 1/4 flags 0x2
01-01 05:30:24.549     0     0 I init    : Verified that /data/mediadrm has the encryption policy 9309a320b53d920b255244c3fe34821a v2 modes 1/4 flags 0x2
01-01 05:30:24.562     0     0 I init    : Verified that /data/nfc has the encryption policy 9309a320b53d920b255244c3fe34821a v2 modes 1/4 flags 0x2
01-01 05:30:24.574     0     0 I init    : Verified that /data/backup has the encryption policy 9309a320b53d920b255244c3fe34821a v2 modes 1/4 flags 0x2
01-01 05:30:24.586     0     0 I init    : Verified that /data/ss has the encryption policy 9309a320b53d920b255244c3fe34821a v2 modes 1/4 flags 0x2
01-01 05:30:24.598     0     0 I init    : Verified that /data/system has the encryption policy 9309a320b53d920b255244c3fe34821a v2 modes 1/4 flags 0x2
01-01 05:30:24.612     0     0 I init    : Not setting encryption policy on: /data/system_de
01-01 05:30:24.619     0     0 I init    : Not setting encryption policy on: /data/system_ce
01-01 05:30:24.626     0     0 I init    : Not setting encryption policy on: /data/misc_de
01-01 05:30:24.633     0     0 I init    : Not setting encryption policy on: /data/misc_ce
01-01 05:30:24.639     0     0 I init    : Not setting encryption policy on: /data/user
01-01 05:30:24.646     0     0 I init    : Not setting encryption policy on: /data/user_de
01-01 05:30:24.653     0     0 I init    : Command 'rm /data/user/0' action=post-fs-data (/system/etc/init/hw/init.rc:847) took 0ms and failed: unlink() failed: Is a directory
01-01 05:30:24.682     0     0 I init    : Verified that /data/cache has the encryption policy 9309a320b53d920b255244c3fe34821a v2 modes 1/4 flags 0x2
01-01 05:30:24.695     0     0 I init    : Verified that /data/rollback has the encryption policy 9309a320b53d920b255244c3fe34821a v2 modes 1/4 flags 0x2
01-01 05:30:24.708     0     0 I init    : Verified that /data/rollback-observer has the encryption policy 9309a320b53d920b255244c3fe34821a v2 modes 1/4 flags 0x2
01-01 05:30:24.720     0     0 W init    : Inferred action different from explicit one, expected 2 but got 3
01-01 05:30:24.729     0     0 I init    : Verified that /data/rollback-history has the encryption policy 9309a320b53d920b255244c3fe34821a v2 modes 1/4 flags 0x2
01-01 05:30:24.742     0     0 I init    : Verified that /data/incremental has the encryption policy 9309a320b53d920b255244c3fe34821a v2 modes 1/4 flags 0x2
01-01 05:30:24.756     0     0 I init    : start_waiting_for_property("apexd.status", "activated"): already set
01-01 05:30:24.771     0     0 I init    : Parsing file /apex/com.android.adbd/etc/init.rc...
01-01 05:30:24.778     0     0 I init    : Parsing file /apex/com.android.media.swcodec/etc/init.rc...
01-01 05:30:24.786     0     0 I init    : Parsing file /apex/com.android.media/etc/init.rc...
01-01 05:30:24.793     0     0 I init    : Parsing file /apex/com.android.os.statsd/etc/init.rc...
01-01 05:30:24.800     0     0 I init    : Parsing file /apex/com.android.sdkext/etc/derive_classpath.rc...
01-01 05:30:24.808     0     0 I init    : Parsing file /apex/com.android.sdkext/etc/derive_sdk.rc...
01-01 05:30:24.816     0     0 I init    : Command 'perform_apex_config' action=post-fs-data (/system/etc/init/hw/init.rc:896) took 51ms and succeeded
01-01 05:30:24.827     0     0 I init    : Not setting encryption policy on: /data/media
01-01 05:30:24.834     0     0 I init    : starting service 'exec 7 (/system/bin/chattr +F /data/media)'...
01-01 05:30:24.846     0     0 I init    : SVC_EXEC service 'exec 7 (/system/bin/chattr +F /data/media)' pid 299 (uid 1023 gid 1023+0 context default) started; waiting...
01-01 05:30:24.865     0     0 I init    : Service 'exec 7 (/system/bin/chattr +F /data/media)' (pid 299) exited with status 0 waiting took 0.021000 seconds
01-01 05:30:24.877     0     0 I init    : Sending signal 9 to service 'exec 7 (/system/bin/chattr +F /data/media)' (pid 299) process group...
01-01 05:30:24.888     0     0 I libprocessgroup: Successfully killed process cgroup uid 1023 pid 299 in 0ms
01-01 05:30:24.898     0     0 I init    : Verified that /data/media/obb has the encryption policy 9309a320b53d920b255244c3fe34821a v2 modes 1/4 flags 0x2
01-01 05:30:24.910     0     0 I init    : starting service 'derive_sdk'...
01-01 05:30:24.921     0     0 I init    : SVC_EXEC service 'derive_sdk' pid 300 (uid 9999 gid 9999+0 context default) started; waiting...
01-01 05:30:24.940     0     0 I init    : Service 'derive_sdk' (pid 300) exited with status 0 waiting took 0.023000 seconds
01-01 05:30:24.949     0     0 I init    : Sending signal 9 to service 'derive_sdk' (pid 300) process group...
01-01 05:30:24.957     0     0 I libprocessgroup: Successfully killed process cgroup uid 9999 pid 300 in 0ms
01-01 05:30:24.966     0     0 I init    : starting service 'exec 8 (/system/bin/vdc --wait cryptfs init_user0)'...
01-01 05:30:24.978     0     0 I init    : SVC_EXEC service 'exec 8 (/system/bin/vdc --wait cryptfs init_user0)' pid 301 (uid 0 gid 0+0 context default) started; waiting...
01-01 05:30:24.992   186   186 D vold    : fscrypt_init_user0
01-01 05:30:24.992   186   186 D vold    : Preparing: /data/misc/vold/user_keys
01-01 05:30:24.994     0     0 D vdc     : Waited 0ms for vold
01-01 05:30:24.994   186   186 D vold    : Preparing: /data/misc/vold/user_keys/ce
01-01 05:30:24.994   186   186 D vold    : Preparing: /data/misc/vold/user_keys/de
01-01 05:30:25.019   186   186 D vold    : Installed fscrypt key with ref 7c43c4c926b57b1b46e619cf7690bbe9 to /data
01-01 05:30:25.019   186   186 D vold    : Added fscrypt-provisioning key for 7c43c4c926b57b1b46e619cf7690bbe9 to session keyring
01-01 05:30:25.019   186   186 D vold    : Installed de key for user 0
01-01 05:30:25.019   186   186 D vold    : fscrypt_prepare_user_storage for volume null, user 0, serial 0, flags 1
01-01 05:30:25.019   186   186 D vold    : Preparing: /data/system/users/0
01-01 05:30:25.019   186   186 D vold    : Preparing: /data/misc/profiles/cur/0
01-01 05:30:25.020   186   186 D vold    : Preparing: /data/system_de/0
01-01 05:30:25.020   186   186 D vold    : Preparing: /data/misc_de/0
01-01 05:30:25.021   186   186 D vold    : Preparing: /data/vendor_de/0
01-01 05:30:25.021   186   186 D vold    : Preparing: /data/user_de/0
01-01 05:30:25.022   186   186 I vold    : Verified that /data/system_de/0 has the encryption policy 7c43c4c926b57b1b46e619cf7690bbe9 v2 modes 1/4 flags 0x2
01-01 05:30:25.022   186   186 I vold    : Verified that /data/misc_de/0 has the encryption policy 7c43c4c926b57b1b46e619cf7690bbe9 v2 modes 1/4 flags 0x2
01-01 05:30:25.022   186   186 I vold    : Verified that /data/vendor_de/0 has the encryption policy 7c43c4c926b57b1b46e619cf7690bbe9 v2 modes 1/4 flags 0x2
01-01 05:30:25.022   186   186 I vold    : Verified that /data/user_de/0 has the encryption policy 7c43c4c926b57b1b46e619cf7690bbe9 v2 modes 1/4 flags 0x2
01-01 05:30:25.022   186   186 D vold    : /system/bin/vold_prepare_subdirs
01-01 05:30:25.022   186   186 D vold    :     prepare
01-01 05:30:25.022   186   186 D vold    :     
01-01 05:30:25.022   186   186 D vold    :     0
01-01 05:30:25.022   186   186 D vold    :     1
01-01 05:30:25.070     0     0 W MemoryBlock: 524288/503624/20616/248016/20032
01-01 05:30:25.091   186   186 D vold    : Detected support for FS_IOC_ADD_ENCRYPTION_KEY
01-01 05:30:25.096     0     0 I init    : Service 'exec 8 (/system/bin/vdc --wait cryptfs init_user0)' (pid 301) exited with status 0 waiting took 0.119000 seconds
01-01 05:30:25.108     0     0 I init    : Sending signal 9 to service 'exec 8 (/system/bin/vdc --wait cryptfs init_user0)' (pid 301) process group...
01-01 05:30:25.120     0     0 I libprocessgroup: Successfully killed process cgroup uid 0 pid 301 in 0ms
01-01 05:30:25.130     0     0 I selinux : SELinux: Skipping restorecon on directory(/data)
01-01 05:30:25.137     0     0 I selinux :  
01-01 05:30:25.140     0     0 I init    : starting service 'derive_classpath'...
01-01 05:30:25.149     0     0 I init    : SVC_EXEC service 'derive_classpath' pid 303 (uid 1000 gid 1000+1 context default) started; waiting...
01-01 05:30:25.181     0     0 I init    : Service 'derive_classpath' (pid 303) exited with status 0 waiting took 0.034000 seconds
01-01 05:30:25.191     0     0 I init    : Sending signal 9 to service 'derive_classpath' (pid 303) process group...
01-01 05:30:25.199     0     0 I libprocessgroup: Successfully killed process cgroup uid 1000 pid 303 in 0ms
01-01 05:30:25.209     0     0 I init    : starting service 'odsign'...
01-01 05:30:25.250     0     0 I init    : Wait for property 'odsign.key.done=1' took 31ms
01-01 05:30:25.256     0     0 I init    : starting service 'exec 9 (/system/bin/fsverity_init --lock)'...
01-01 05:30:25.267     0     0 I init    : SVC_EXEC service 'exec 9 (/system/bin/fsverity_init --lock)' pid 305 (uid 0 gid 0+0 context default) started; waiting...
01-01 05:30:25.280     0     0 I init    : Sending signal 9 to service 'odsign' (pid 304) process group...
01-01 05:30:25.293     0     0 I libprocessgroup: Successfully killed process cgroup uid 0 pid 304 in 5ms
01-01 05:30:25.302     0     0 I init    : Control message: Processed ctl.stop for 'odsign' from pid: 304 (/system/bin/odsign)
01-01 05:30:25.311     0     0 I init    : Service 'odsign' (pid 304) received signal 9
01-01 05:30:25.318     0     0 I init    : Service 'exec 9 (/system/bin/fsverity_init --lock)' (pid 305) exited with status 0 waiting took 0.052000 seconds
01-01 05:30:25.330     0     0 I init    : Sending signal 9 to service 'exec 9 (/system/bin/fsverity_init --lock)' (pid 305) process group...
01-01 05:30:25.340     0     0 I libprocessgroup: Successfully killed process cgroup uid 0 pid 305 in 0ms
01-01 05:30:25.350     0     0 I init    : starting service 'apexd-snapshotde'...
01-01 05:30:25.359     0     0 I init    : SVC_EXEC service 'apexd-snapshotde' pid 306 (uid 0 gid 1000+0 context default) started; waiting...
01-01 05:30:25.383     0     0 I apexd   : This device does not support updatable APEX. Exiting
01-01 05:30:25.390     0     0 I apexd   : Marking APEXd as ready
01-01 05:30:25.396     0     0 I init    : Service 'apexd-snapshotde' (pid 306) exited with status 0 waiting took 0.039000 seconds
01-01 05:30:25.406     0     0 I init    : Sending signal 9 to service 'apexd-snapshotde' (pid 306) process group...
01-01 05:30:25.414     0     0 I libprocessgroup: Successfully killed process cgroup uid 0 pid 306 in 0ms
01-01 05:30:25.424     0     0 I init    : starting service 'exec 10 (/system/bin/tzdatacheck /apex/com.android.tzdata/etc/tz /data/misc/zoneinfo)'...
01-01 05:30:25.438     0     0 I init    : SVC_EXEC service 'exec 10 (/system/bin/tzdatacheck /apex/com.android.tzdata/etc/tz /data/misc/zoneinfo)' pid 307 (uid 1000 gid 1000+0 context default) started; waiting...
01-01 05:30:25.455     0     0 I init    : Service 'exec 10 (/system/bin/tzdatacheck /apex/com.android.tzdata/etc/tz /data/misc/zoneinfo)' (pid 307) exited with status 0 waiting took 0.019000 seconds
01-01 05:30:25.471     0     0 I init    : Sending signal 9 to service 'exec 10 (/system/bin/tzdatacheck /apex/com.android.tzdata/etc/tz /data/misc/zoneinfo)' (pid 307) process group...
01-01 05:30:25.486     0     0 I libprocessgroup: Successfully killed process cgroup uid 1000 pid 307 in 0ms
01-01 05:30:25.496     0     0 I init    : processing action (post-fs-data) from (/system/etc/init/hw/init.usb.rc:6)
01-01 05:30:25.506     0     0 I init    : Verified that /data/adb has the encryption policy 9309a320b53d920b255244c3fe34821a v2 modes 1/4 flags 0x2
01-01 05:30:25.518     0     0 I init    : processing action (post-fs-data) from (/vendor/etc/init/hw/init.m377.rc:92)
01-01 05:30:25.531     0     0 I init    : Command 'mkdir /data/misc/nexus 0755 system system' action=post-fs-data (/vendor/etc/init/hw/init.m377.rc:93) took 4ms and failed: mkdir() failed on /data/misc/nexus: Permission denied
01-01 05:30:25.660     0     0 I init    : Command 'mkdir /sys/kernel/tracing/instances/gpu 0755 system system' action=post-fs-data (/vendor/etc/init/hw/init.m377.rc:117) took 81ms and succeeded
01-01 05:30:25.677     0     0 I init    : processing action (post-fs-data) from (/vendor/etc/init/hw/init.brcm_dhd.rc:1)
01-01 05:30:25.690     0     0 I init    : processing action (post-fs-data) from (/system/etc/init/bootstat.rc:9)
01-01 05:30:25.706     0     0 I init    : processing action (ro.debuggable=1 && post-fs-data) from (/system/etc/init/clean_scratch_files.rc:1)
01-01 05:30:25.718     0     0 I init    : Command 'exec_background - root root -- /system/bin/clean_scratch_files' action=ro.debuggable=1 && post-fs-data (/system/etc/init/clean_scratch_files.rc:2) took 0ms and failed: Could not start exec background service: File /system/bin/clean_scratch_files(labeled "u:object_r:system_file:s0") has incorrect label or no domain transition from u:r:init:s0 to another SELinux domain defined. Have you configured your service correctly? https://source.android.com/security/selinux/device-policy#label_new_services_and_address_denials. Note: this error shows up even in permissive mode in order to make auditing denials possible.
01-01 05:30:25.774     0     0 I init    : processing action (post-fs-data) from (/system/etc/init/gsid.rc:17)
01-01 05:30:25.785     0     0 I init    : Not setting encryption policy on: /data/gsi
01-01 05:30:25.795     0     0 I init    : processing action (post-fs-data) from (/system/etc/init/incidentd.rc:21)
01-01 05:30:25.804     0     0 I init    : processing action (post-fs-data) from (/system/etc/init/iorapd.rc:29)
01-01 05:30:25.813     0     0 I init    : processing action (post-fs-data) from (/system/etc/init/logtagd.rc:4)
01-01 05:30:25.825     0     0 I init    : processing action (post-fs-data) from (/system/etc/init/perfetto.rc:73)
01-01 05:30:25.834     0     0 I init    : Command 'rm /data/misc/perfetto-traces/.guardraildata' action=post-fs-data (/system/etc/init/perfetto.rc:74) took 0ms and failed: unlink() failed: No such file or directory
01-01 05:30:25.851     0     0 I init    : processing action (post-fs-data) from (/system/etc/init/profcollectd.rc:15)
01-01 05:30:25.863     0     0 I init    : processing action (post-fs-data) from (/system/etc/init/recovery-persist.rc:1)
01-01 05:30:25.872     0     0 I init    : starting service 'exec 12 (/system/bin/recovery-persist)'...
01-01 05:30:25.883     0     0 I init    : processing action (post-fs-data) from (/system/etc/init/wifi.rc:18)
01-01 05:30:25.892     0     0 I selinux : SELinux: Skipping restorecon on directory(/data/misc/apexdata/com.android.wifi)
01-01 05:30:25.902     0     0 I selinux :  
01-01 05:30:25.904     0     0 I init    : Service 'exec 12 (/system/bin/recovery-persist)' (pid 308) exited with status 0 oneshot service took 0.023000 seconds in background
01-01 05:30:25.918     0     0 I init    : Sending signal 9 to service 'exec 12 (/system/bin/recovery-persist)' (pid 308) process group...
01-01 05:30:25.928     0     0 I libprocessgroup: Successfully killed process cgroup uid 1000 pid 308 in 0ms
01-01 05:30:25.937     0     0 I init    : processing action (post-fs-data) from (/vendor/etc/init/hostapd.android.rc:9)
01-01 05:30:25.948     0     0 I init    : processing action (post-fs-data) from (/vendor/etc/init/sagemcom.hardware.wifimonitor-service-bcm.rc:7)
01-01 05:30:25.960     0     0 I init    : processing action (load_persist_props_action) from (/system/etc/init/hw/init.rc:458)
01-01 05:30:25.970     0     0 W init    : Couldn't load property file '/data/local.prop': open() failed: No such file or directory: No such file or directory
01-01 05:30:25.985     0     0 I init    : Wait for property 'ro.persistent_properties.ready=true' took 15ms
01-01 05:30:25.994     0     0 I init    : starting service 'logd-reinit'...
01-01 05:30:26.008     0     0 I init    : processing action (load_persist_props_action) from (/vendor/etc/init/hw/init.m377.rc:129)
01-01 05:30:26.019     0     0 I init    : processing action (load_persist_props_action) from (/system/etc/init/flags_health_check.rc:1)
01-01 05:30:26.023     0     0 I logd    : logd reinit
01-01 05:30:26.029     0     0 W init    : Top-level directory needs encryption action, eg mkdir /data/server_configurable_flags <mode> <uid> <gid> encryption=Require
01-01 05:30:26.033     0     0 E logd    : FrameworkListener: read() failed (Connection reset by peer)
01-01 05:30:26.046     0     0 I init    : Verified that /data/server_configurable_flags has the encryption policy 9309a320b53d920b255244c3fe34821a v2 modes 1/4 flags 0x2
01-01 05:30:26.065     0     0 I init    : Service 'logd-reinit' (pid 309) exited with status 0 oneshot service took 0.065000 seconds in background
01-01 05:30:26.076     0     0 I init    : Sending signal 9 to service 'logd-reinit' (pid 309) process group...
01-01 05:30:26.085     0     0 I libprocessgroup: Successfully killed process cgroup uid 1036 pid 309 in 0ms
01-01 05:30:26.094     0     0 I init    : starting service 'exec 13 (/system/bin/flags_health_check BOOT_FAILURE)'...
01-01 05:30:26.106     0     0 I init    : SVC_EXEC service 'exec 13 (/system/bin/flags_health_check BOOT_FAILURE)' pid 310 (uid 1000 gid 1000+0 context default) started; waiting...
01-01 05:30:26.144     0     0 I init    : Service 'exec 13 (/system/bin/flags_health_check BOOT_FAILURE)' (pid 310) exited with status 0 waiting took 0.039000 seconds
01-01 05:30:26.157     0     0 I init    : Sending signal 9 to service 'exec 13 (/system/bin/flags_health_check BOOT_FAILURE)' (pid 310) process group...
01-01 05:30:26.169     0     0 I libprocessgroup: Successfully killed process cgroup uid 1000 pid 310 in 0ms
01-01 05:30:26.178     0     0 I init    : processing action (load_persist_props_action) from (/system/etc/init/logcatd.rc:29)
01-01 05:30:26.188     0     0 I init    : processing action (load_bpf_programs) from (/system/etc/init/bpfloader.rc:17)
01-01 05:30:26.198     0     0 I init    : starting service 'bpfloader'...
01-01 05:30:26.207     0     0 I init    : SVC_EXEC service 'bpfloader' pid 311 (uid 0 gid 0+0 context default) started; waiting...
01-01 05:30:26.445     0     0 I init    : Service 'bpfloader' (pid 311) exited with status 0 waiting took 0.240000 seconds
01-01 05:30:26.454     0     0 I init    : Sending signal 9 to service 'bpfloader' (pid 311) process group...
01-01 05:30:26.462     0     0 I libprocessgroup: Successfully killed process cgroup uid 0 pid 311 in 0ms
01-01 05:30:26.471     0     0 I init    : processing action (ro.crypto.state=encrypted && ro.crypto.type=file && zygote-start) from (/system/etc/init/hw/init.rc:980)
01-01 05:30:26.484     0     0 I init    : start_waiting_for_property("odsign.verification.done", "1"): already set
01-01 05:30:26.493     0     0 I init    : starting service 'update_verifier_nonencrypted'...
01-01 05:30:26.503     0     0 I init    : SVC_EXEC service 'update_verifier_nonencrypted' pid 312 (uid 0 gid 2001+1 context default) started; waiting...
01-01 05:30:26.538     0     0 I update_verifier: Started with arg 1: nonencrypted
01-01 05:30:26.547     0     0 I update_verifier: Booting slot 0: isSlotMarkedSuccessful=1
01-01 05:30:26.553     0     0 I update_verifier: Leaving update_verifier.
01-01 05:30:26.560     0     0 I init    : Service 'update_verifier_nonencrypted' (pid 312) exited with status 0 waiting took 0.059000 seconds
01-01 05:30:26.571     0     0 I init    : Sending signal 9 to service 'update_verifier_nonencrypted' (pid 312) process group...
01-01 05:30:26.580     0     0 I libprocessgroup: Successfully killed process cgroup uid 0 pid 312 in 0ms
01-01 05:30:26.591     0     0 I init    : starting service 'statsd'...
01-01 05:30:26.596     0     0 I init    : Created socket '/dev/socket/statsdw', mode 222, user 1066, group 1066
01-01 05:30:26.616     0     0 I init    : starting service 'netd'...
01-01 05:30:26.621     0     0 I init    : Created socket '/dev/socket/dnsproxyd', mode 660, user 0, group 3003
01-01 05:30:26.631     0     0 I init    : Created socket '/dev/socket/mdns', mode 660, user 0, group 1000
01-01 05:30:26.639     0     0 I init    : Created socket '/dev/socket/fwmarkd', mode 660, user 0, group 3003
01-01 05:30:26.652     0     0 I init    : starting service 'zygote'...
01-01 05:30:26.658     0     0 I init    : Created socket '/dev/socket/zygote', mode 660, user 0, group 1000
01-01 05:30:26.666     0     0 I init    : Created socket '/dev/socket/usap_pool_primary', mode 660, user 0, group 1000
01-01 05:30:26.688     0     0 I init    : Command 'start zygote_secondary' action=ro.crypto.state=encrypted && ro.crypto.type=file && zygote-start (/system/etc/init/hw/init.rc:987) took 0ms and failed: service zygote_secondary not found
01-01 05:30:26.707     0     0 I init    : processing action (firmware_mounts_complete) from (/system/etc/init/hw/init.rc:464)
01-01 05:30:26.717     0     0 I init    : processing action (early-boot) from (/vendor/etc/init/hw/init.m377.rc:61)
01-01 05:30:26.727     0     0 I init    : processing action (early-boot) from (/system/etc/init/installd.rc:5)
01-01 05:30:26.798     0     0 I init    : processing action (boot) from (/system/etc/init/hw/init.rc:994)
01-01 05:30:26.824     0     0 I init    : starting service 'hidl_memory'...
01-01 05:30:26.834     0     0 I init    : starting service 'vendor.audio-hal'...
01-01 05:30:26.847     0     0 I init    : starting service 'vendor.bluetooth-1-0'...
01-01 05:30:26.850     0     0 W libprocessgroup: Controller schedtune is not found
01-01 05:30:26.859     0     0 I init    : starting service 'vendor.camera-provider-2-4-ext'...
01-01 05:30:26.860     0     0 W libprocessgroup: Controller schedtune is not found
01-01 05:30:26.864     0     0 W libprocessgroup: Controller schedtune is not found
01-01 05:30:26.864     0     0 W libprocessgroup: Controller schedtune is not found
01-01 05:30:26.864     0     0 W libprocessgroup: SetAttribute: unknown attribute: STunePreferIdle
01-01 05:30:26.864     0     0 W libprocessgroup: SetAttribute: unknown attribute: STunePreferIdle
01-01 05:30:26.872     0     0 W libprocessgroup: Controller schedtune is not found
01-01 05:30:26.872     0     0 I init    : starting service 'vendor.drm-clearkey-hal-1-4'...
01-01 05:30:26.878     0     0 W libprocessgroup: SetAttribute: unknown attribute: STunePreferIdle
01-01 05:30:26.880     0     0 I init    : starting service 'vendor.drm-playready-hal-1-4'...
01-01 05:30:26.884     0     0 W libprocessgroup: Controller schedtune is not found
01-01 05:30:26.891     0     0 W libprocessgroup: SetAttribute: unknown attribute: STunePreferIdle
01-01 05:30:26.898     0     0 W libprocessgroup: SetAttribute: unknown attribute: STunePreferIdle
01-01 05:30:26.944     0     0 W libprocessgroup: SetAttribute: unknown attribute: STunePreferIdle
01-01 05:30:26.964     0     0 I init    : starting service 'vendor.drm-widevine-hal-1-4'...
01-01 05:30:26.999     0     0 I init    : starting service 'dumpstate-1-1'...
01-01 05:30:27.018     0     0 I init    : starting service 'vendor.gralloc-4-0-bcm'...
01-01 05:30:27.034     0     0 I init    : starting service 'vendor.hwcomposer-2-4'...
01-01 05:30:27.054     0     0 I init    : starting service 'health-hal-2-1'...
01-01 05:30:27.059     0     0 I init    : Opened file '/dev/kmsg', flags 1
01-01 05:30:27.092     0     0 I init    : starting service 'vendor.thermal-hal-2-0-bcm'...
01-01 05:30:27.130     0     0 I init    : starting service 'vendor.cec-hal-1-0-bcm'...
01-01 05:30:27.144     0     0 I init    : starting service 'vendor.tv-input-1-0'...
01-01 05:30:27.162     0     0 I init    : starting service 'vendor.wifi_hal_legacy'...
01-01 05:30:27.188     0     0 I init    : starting service 'bp3-hal-2-2'...
01-01 05:30:27.207     0     0 W healthd : No battery devices found
01-01 05:30:27.213     0     0 I init    : starting service 'cchak-hal-2-0'...
01-01 05:30:27.222     0     0 W healthd : battery none chg=a
01-01 05:30:27.233     0     0 I init    : starting service 'dspscvext-hal-2-0'...
01-01 05:30:27.257     0     0 I init    : starting service 'prdysc-hal-1-0'...
01-01 05:30:27.322     0     0 I init    : starting service 'sdbhak-hal-2-0'...
01-01 05:30:27.355     0     0 I init    : starting service 'vendor.sfhak-hal-1-0'...
01-01 05:30:27.390   359   359 I android.hardware.wifi@1.5-service-bcm: Wifi Hal is booting up...
01-01 05:30:27.384     0     0 I init    : starting service 'svpsync-hal-2-0'...
01-01 05:30:27.394   359   359 I HidlServiceManagement: Registered android.hardware.wifi@1.5::IWifi/default
01-01 05:30:27.400     0     0 I init    : starting service 'vendor.lights-bcm'...
01-01 05:30:27.411     0     0 I init    : starting service 'vendor.memtrack-bcm'...
01-01 05:30:27.423     0     0 I init    : starting service 'vendor.power-bcm'...
01-01 05:30:27.434     0     0 I init    : starting service 'sgc-aviosvc-hal'...
01-01 05:30:27.446     0     0 I init    : starting service 'sgc-dspsvcext-hal'...
01-01 05:30:27.457     0     0 I init    : starting service 'sagemcom.hardware.hwinfo-service'...
01-01 05:30:27.470     0     0 I init    : starting service 'sagemcom.hardware.power-service'...
01-01 05:30:27.482     0     0 I init    : starting service 'sagemcom.hardware.wifi-service-bcm'...
01-01 05:30:27.514     0     0 I init    : starting service 'wifimonitor'...
01-01 05:30:27.526     0     0 I init    : Command 'class_start hal' action=boot (/system/etc/init/hw/init.rc:1096) took 703ms and succeeded
01-01 05:30:27.540     0     0 E init    : Control message: Could not find 'bcm.hardware.vcsvc@2.0::IVcSvc/default' for ctl.interface_start from pid: 178 (/system/bin/hwservicemanager)
01-01 05:30:27.556     0     0 I init    : starting service 'audioserver'...
01-01 05:30:27.569     0     0 I init    : starting service 'credstore'...
01-01 05:30:27.572     0     0 W libprocessgroup: Controller schedtune is not found
01-01 05:30:27.580     0     0 W libprocessgroup: Controller schedtune is not found
01-01 05:30:27.580     0     0 I init    : starting service 'gpu'...
01-01 05:30:27.586     0     0 W libprocessgroup: SetAttribute: unknown attribute: STunePreferIdle
01-01 05:30:27.596     0     0 I init    : starting service 'surfaceflinger'...
01-01 05:30:27.598     0     0 W libprocessgroup: SetAttribute: unknown attribute: STunePreferIdle
01-01 05:30:27.604     0     0 I init    : Could not create socket 'pdx/system/vr/display/client': Failed to bind socket 'pdx/system/vr/display/client': No such file or directory
01-01 05:30:27.625     0     0 I init    : Could not create socket 'pdx/system/vr/display/manager': Failed to bind socket 'pdx/system/vr/display/manager': No such file or directory
01-01 05:30:27.640     0     0 I init    : Could not create socket 'pdx/system/vr/display/vsync': Failed to bind socket 'pdx/system/vr/display/vsync': No such file or directory
01-01 05:30:27.661     0     0 I init    : starting service 'tinyeventhub'...
01-01 05:30:27.664     0     0 W libprocessgroup: Controller schedtune is not found
01-01 05:30:27.673     0     0 I init    : Command 'class_start core' action=boot (/system/etc/init/hw/init.rc:1098) took 117ms and succeeded
01-01 05:30:27.673     0     0 W libprocessgroup: Controller schedtune is not found
01-01 05:30:27.685     0     0 E init    : Control message: Could not find 'bcm.hardware.vcsvc@2.0::IVcSvc/default' for ctl.interface_start from pid: 178 (/system/bin/hwservicemanager)
01-01 05:30:27.689     0     0 W libprocessgroup: SetAttribute: unknown attribute: STunePreferIdle
01-01 05:30:27.704     0     0 I init    : processing action (persist.sys.usb.config=* && boot) from (/system/etc/init/hw/init.usb.rc:108)
01-01 05:30:27.711     0     0 W libprocessgroup: SetAttribute: unknown attribute: STunePreferIdle
01-01 05:30:27.722     0     0 I init    : processing action (boot) from (/vendor/etc/init/hw/init.bcm.usb.rc:1)
01-01 05:30:27.737     0     0 I init    : Command 'mount configfs none /config' action=boot (/vendor/etc/init/hw/init.bcm.usb.rc:4) took 0ms and failed: mount() failed: Device or resource busy
01-01 05:30:27.759     0     0 I         : file system registered
01-01 05:30:27.781     0     0 I init    : processing action (boot) from (/system/etc/init/dumpstate.rc:1)
01-01 05:30:27.789     0     0 I init    : processing action (boot) from (/system/etc/init/gsid.rc:25)
01-01 05:30:27.797     0     0 I init    : starting service 'exec 14 (/system/bin/gsid run-startup-tasks)'...
01-01 05:30:27.809     0     0 I init    : processing action (ro.vendor.sgc.ext.hw.rev=ffffffff && boot) from (/vendor/etc/init/oem_key.rc:1)
01-01 05:30:27.821     0     0 I init    : processing action (boot) from (/vendor/etc/init/oem_key.rc:4)
01-01 05:30:27.829     0     0 E init    : Unable to set property 'ro.oem.key1' from uid:0 gid:0 pid:160: Read-only property was already set
01-01 05:30:27.841     0     0 I init    : processing action (enable_property_trigger) from (<Builtin Action>:0)
01-01 05:30:27.850     0     0 I init    : processing action (apexd.status=ready && ro.product.cpu.abilist32=*) from (/system/etc/init/hw/init.rc:94)
01-01 05:30:27.867     0     0 I init    : starting service 'boringssl_self_test_apex32'...
01-01 05:30:27.879     0     0 I init    : SVC_EXEC service 'boringssl_self_test_apex32' pid 410 (uid 0 gid 0+0 context default) started; waiting...
01-01 05:30:27.911     0     0 I init    : Service 'boringssl_self_test_apex32' (pid 410) exited with status 0 waiting took 0.036000 seconds
01-01 05:30:27.922     0     0 I init    : Sending signal 9 to service 'boringssl_self_test_apex32' (pid 410) process group...
01-01 05:30:27.932     0     0 I libprocessgroup: Successfully killed process cgroup uid 0 pid 410 in 0ms
01-01 05:30:27.941     0     0 I init    : processing action (net.tcp_def_init_rwnd=*) from (/system/etc/init/hw/init.rc:1159)
01-01 05:30:27.951     0     0 I init    : processing action (sys.init.perf_lsm_hooks=1) from (/system/etc/init/hw/init.rc:1170)
01-01 05:30:27.962     0     0 I init    : processing action (security.perf_harden=1) from (/system/etc/init/hw/init.rc:1184)
01-01 05:30:27.973   409   409 I gsid    : no DSU: No such file or directory
01-01 05:30:27.977     0     0 I init    : Service 'exec 14 (/system/bin/gsid run-startup-tasks)' (pid 409) exited with status 0 oneshot service took 0.170000 seconds in background
01-01 05:30:27.992     0     0 I init    : Sending signal 9 to service 'exec 14 (/system/bin/gsid run-startup-tasks)' (pid 409) process group...
01-01 05:30:28.004     0     0 I libprocessgroup: Successfully killed process cgroup uid 0 pid 409 in 0ms
01-01 05:30:28.014     0     0 I init    : processing action (ro.debuggable=1) from (/system/etc/init/hw/init.rc:1219)
01-01 05:30:28.025     0     0 I init    : processing action (sys.usb.config=adb && sys.usb.configfs=1) from (/vendor/etc/init/hw/init.bcm.usb.rc:39)
01-01 05:30:28.039     0     0 I init    : processing action (sys.usb.config=adb && sys.usb.configfs=1) from (/system/etc/init/hw/init.usb.configfs.rc:9)
01-01 05:30:28.057     0     0 I init    : starting service 'adbd'...
01-01 05:30:28.063     0     0 I init    : Created socket '/dev/socket/adbd', mode 660, user 1000, group 1000
01-01 05:30:28.077     0     0 I init    : processing action (init.svc.audioserver=running) from (/system/etc/init/audioserver.rc:38)
01-01 05:30:28.087     0     0 I init    : Command 'start vendor.audio-hal-4-0-msd' action=init.svc.audioserver=running (/system/etc/init/audioserver.rc:40) took 0ms and failed: service vendor.audio-hal-4-0-msd not found
01-01 05:30:28.105     0     0 I init    : Command 'start audio_proxy_service' action=init.svc.audioserver=running (/system/etc/init/audioserver.rc:41) took 0ms and failed: service audio_proxy_service not found
01-01 05:30:28.122     0     0 I init    : Command 'start vendor.audio-hal-2-0' action=init.svc.audioserver=running (/system/etc/init/audioserver.rc:43) took 0ms and failed: service vendor.audio-hal-2-0 not found
01-01 05:30:28.139     0     0 I init    : Command 'start audio-hal-2-0' action=init.svc.audioserver=running (/system/etc/init/audioserver.rc:44) took 0ms and failed: service audio-hal-2-0 not found
01-01 05:30:28.155     0     0 I init    : processing action (ro.persistent_properties.ready=true) from (/system/etc/init/bootstat.rc:67)
01-01 05:30:28.166     0     0 I init    : processing action (ro.persistent_properties.ready=true) from (/system/etc/init/bootstat.rc:71)
01-01 05:30:28.177     0     0 I init    : starting service 'exec 15 (/system/bin/bootstat --set_system_boot_reason)'...
01-01 05:30:28.190     0     0 I init    : processing action (drm.service.enabled=true) from (/system/etc/init/drmserver.rc:8)
01-01 05:30:28.201     0     0 I init    : starting service 'drm'...
01-01 05:30:28.212     0     0 I init    : processing action (persist.heapprofd.enable= && traced.lazy.heapprofd=) from (/system/etc/init/heapprofd.rc:49)
01-01 05:30:28.225     0     0 I init    : processing action (ro.debuggable=1) from (/system/etc/init/llkd-debuggable.rc:1)
01-01 05:30:28.236     0     0 I init    : processing action (ro.debuggable=*) from (/system/etc/init/llkd.rc:2)
01-01 05:30:28.246     0     0 I init    : processing action (persist.device_config.lmkd_native.thrashing_limit_critical=*) from (/system/etc/init/lmkd.rc:44)
01-01 05:30:28.271     0     0 I init    : processing action (debug.atrace.user_initiated= && persist.traced.enable=1) from (/system/etc/init/perfetto.rc:47)
01-01 05:30:28.283     0     0 I init    : starting service 'traced_probes'...
01-01 05:30:28.289     0     0 I init    : Opened file '/dev/kmsg', flags 1
01-01 05:30:28.304     0     0 I init    : processing action (persist.traced.enable=1) from (/system/etc/init/perfetto.rc:50)
01-01 05:30:28.314     0     0 I init    : Service 'exec 15 (/system/bin/bootstat --set_system_boot_reason)' (pid 416) exited with status 0 oneshot service took 0.125000 seconds in background
01-01 05:30:28.329     0     0 I init    : Sending signal 9 to service 'exec 15 (/system/bin/bootstat --set_system_boot_reason)' (pid 416) process group...
01-01 05:30:28.335     0     0 W MemoryBlock: 786432/631960/154400/248016/140168
01-01 05:30:28.335     0     0 W MemoryBlock: 1048576/890016/158464/248016/140168
01-01 05:30:28.336     0     0 W MemoryBlock: 1310720/1148072/162528/248016/140168
01-01 05:30:28.336     0     0 W MemoryBlock: 1572864/1406128/166592/248016/117856
01-01 05:30:28.336     0     0 W MemoryBlock: 1835008/1664184/170656/248016/105080
01-01 05:30:28.336     0     0 W MemoryBlock: 2097152/1922240/174720/248016/105080
01-01 05:30:28.337     0     0 W MemoryBlock: 2359296/2180296/178784/248016/99944
01-01 05:30:28.337     0     0 W MemoryBlock: 2621440/2438352/182848/248016/77632
01-01 05:30:28.342     0     0 I libprocessgroup: Successfully killed process cgroup uid 1000 pid 416 in 0ms
01-01 05:30:28.360     0     0 I input   : NexusIrHandler as /devices/virtual/input/input2
01-01 05:30:28.366     0     0 I init    : starting service 'mdnsd'...
01-01 05:30:28.425     0     0 I init    : Created socket '/dev/socket/mdnsd', mode 660, user 1020, group 3003
01-01 05:30:28.437     0     0 W MemoryBlock: 2883584/2874856/8464/248016/3544
01-01 05:30:28.440     0     0 I init    : Control message: Processed ctl.start for 'mdnsd' from pid: 415 (/apex/com.android.adbd/bin/adbd --root_seclabel=u:r:su:s0)
01-01 05:30:28.459     0     0 E init    : Control message: Could not find 'bcm.hardware.vcsvc@2.0::IVcSvc/default' for ctl.interface_start from pid: 178 (/system/bin/hwservicemanager)
01-01 05:30:28.475     0     0 I init    : starting service 'traced'...
01-01 05:30:28.480     0     0 I init    : Created socket '/dev/socket/traced_consumer', mode 666, user 0, group 0
01-01 05:30:28.493     0     0 I init    : Created socket '/dev/socket/traced_producer', mode 666, user 0, group 0
01-01 05:30:28.516     0     0 I init    : processing action (persist.traced_perf.enable= && sys.init.perf_lsm_hooks=1 && traced.lazy.traced_perf=) from (/system/etc/init/traced_perf.rc:43)
01-01 05:30:28.532     0     0 I init    : processing action (ro.boot.slot_suffix=*) from (/system/etc/init/update_engine.rc:8)
01-01 05:30:28.567     0     0 I init    : processing action (nonencrypted) from (/system/etc/init/hw/init.rc:1100)
01-01 05:30:28.577     0     0 I input   : NexusPower as /devices/virtual/input/input3
01-01 05:30:28.580     0     0 I init    : starting service 'cameraserver'...
01-01 05:30:28.589     0     0 W MemoryBlock: 3145728/3139008/6432/248016/1624
01-01 05:30:28.598     0     0 W libprocessgroup: Controller schedtune is not found
01-01 05:30:28.598     0     0 I init    : starting service 'idmap2d'...
01-01 05:30:28.605     0     0 W libprocessgroup: Controller schedtune is not found
01-01 05:30:28.616     0     0 I init    : starting service 'incidentd'...
01-01 05:30:28.617     0     0 W libprocessgroup: SetAttribute: unknown attribute: STunePreferIdle
01-01 05:30:28.630     0     0 W libprocessgroup: SetAttribute: unknown attribute: STunePreferIdle
01-01 05:30:28.631     0     0 I init    : starting service 'installd'...
01-01 05:30:28.655     0     0 I init    : starting service 'mediaextractor'...
01-01 05:30:28.681     0     0 I init    : starting service 'mediametrics'...
01-01 05:30:28.699     0     0 I init    : starting service 'media'...
01-01 05:30:28.713     0     0 W libprocessgroup: Controller schedtune is not found
01-01 05:30:28.735   509   509 I installd: installd firing up
01-01 05:30:28.728     0     0 I init    : starting service 'media.tuner'...
01-01 05:30:28.734     0     0 W libprocessgroup: Controller schedtune is not found
01-01 05:30:28.738     0     0 W libprocessgroup: Controller schedtune is not found
01-01 05:30:28.745     0     0 W libprocessgroup: SetAttribute: unknown attribute: STunePreferIdle
01-01 05:30:28.749     0     0 W libprocessgroup: Controller schedtune is not found
01-01 05:30:28.755     0     0 W libprocessgroup: Controller schedtune is not found
01-01 05:30:28.757     0     0 I init    : starting service 'storaged'...
01-01 05:30:28.757     0     0 W libprocessgroup: SetAttribute: unknown attribute: STunePreferIdle
01-01 05:30:28.761     0     0 W libprocessgroup: SetAttribute: unknown attribute: STunePreferIdle
01-01 05:30:28.762     0     0 I init    : Opened file '/d/mmc0/mmc0:0001/ext_csd', flags 0
01-01 05:30:28.765     0     0 W libprocessgroup: Controller schedtune is not found
01-01 05:30:28.770     0     0 W libprocessgroup: SetAttribute: unknown attribute: STunePreferIdle
01-01 05:30:28.777     0     0 W libprocessgroup: SetAttribute: unknown attribute: STunePreferIdle
01-01 05:30:28.794     0     0 I init    : starting service 'wificond'...
01-01 05:30:28.797     0     0 W libprocessgroup: SetAttribute: unknown attribute: STunePreferIdle
01-01 05:30:28.833     0     0 I init    : starting service 'vendor.media.omx'...
01-01 05:30:28.884     0     0 E init    : Could not start service 'vendor_flash_recovery' as part of class 'main': Cannot find '/vendor/bin/install-recovery.sh': No such file or directory
01-01 05:30:28.942     0     0 I init    : starting service 'media.swcodec'...
01-01 05:30:28.962   529   529 I wificond: wificond is starting up...
01-01 05:30:28.968     0     0 I init    : Command 'class_start main' action=nonencrypted (/system/etc/init/hw/init.rc:1101) took 391ms and succeeded
01-01 05:30:28.980     0     0 E init    : Control message: Could not find 'bcm.hardware.vcsvc@2.1::IVcSvc/default' for ctl.interface_start from pid: 178 (/system/bin/hwservicemanager)
01-01 05:30:28.996   529   529 I HidlServiceManagement: Registered android.system.wifi.keystore@1.0::IKeystore/default
01-01 05:30:28.996     0     0 I init    : starting service 'gatekeeperd'...
01-01 05:30:29.015     0     0 I init    : starting service 'update_engine'...
01-01 05:30:29.028     0     0 I init    : starting service 'usbd'...
01-01 05:30:29.038     0     0 W libprocessgroup: Controller schedtune is not found
01-01 05:30:29.049     0     0 W libprocessgroup: Controller schedtune is not found
01-01 05:30:29.057     0     0 I init    : Command 'class_start late_start' action=nonencrypted (/system/etc/init/hw/init.rc:1102) took 60ms and succeeded
01-01 05:30:29.065     0     0 W libprocessgroup: SetAttribute: unknown attribute: STunePreferIdle
01-01 05:30:29.070     0     0 E init    : Control message: Could not find 'bcm.hardware.vcsvc@2.1::IVcSvc/default' for ctl.interface_start from pid: 178 (/system/bin/hwservicemanager)
01-01 05:30:29.097     0     0 I init    : processing action (llk.enable=1) from (/system/etc/init/llkd.rc:9)
01-01 05:30:29.099     0     0 W libprocessgroup: SetAttribute: unknown attribute: STunePreferIdle
01-01 05:30:29.115     0     0 I init    : starting service 'bootanim'...
01-01 05:30:29.133     0     0 W libprocessgroup: Failed to open /dev/blkio/background/tasks: No such file or directory: No such file or directory
01-01 05:30:29.147     0     0 I init    : Control message: Processed ctl.start for 'bootanim' from pid: 403 (/system/bin/surfaceflinger)
01-01 05:30:29.165     0     0 W libprocessgroup: Controller schedtune is not found
01-01 05:30:29.190     0     0 I init    : processing action (khungtask.enable=1) from (/system/etc/init/llkd.rc:18)
01-01 05:30:29.199     0     0 W libprocessgroup: Controller schedtune is not found
01-01 05:30:29.206     0     0 W libprocessgroup: SetAttribute: unknown attribute: STunePreferIdle
01-01 05:30:29.215     0     0 E init    : Control message: Could not find 'aidl/package_native' for ctl.interface_start from pid: 176 (/system/bin/servicemanager)
01-01 05:30:29.232     0     0 W libprocessgroup: SetAttribute: unknown attribute: STunePreferIdle
01-01 05:30:29.239     0     0 I init    : processing action (llk.enable=0) from (/system/etc/init/llkd.rc:12)
01-01 05:30:29.291     0     0 I init    : Service 'usbd' (pid 544) exited with status 0 oneshot service took 0.243000 seconds in background
01-01 05:30:29.321     0     0 I init    : Sending signal 9 to service 'usbd' (pid 544) process group...
01-01 05:30:29.344     0     0 I libprocessgroup: Successfully killed process cgroup uid 0 pid 544 in 6ms
01-01 05:30:29.375     0     0 I init    : processing action (khungtask.enable=0) from (/system/etc/init/llkd.rc:21)
01-01 05:30:29.401     0     0 I init    : processing action (vendor.nx.wifi.trigger=init) from (/vendor/etc/init/hw/init.brcm_dhd.insmod.rc:6)
01-01 05:30:29.559     0     0 W         : dhd_module_init in
01-01 05:30:29.571     0     0 W         : no wifi platform data, skip
01-01 05:30:29.576     0     0 W PCI_PROBE: bus 1, slot 0,vendor 14E4, device 4475(good PCI location)
01-01 05:30:29.586     0     0 W dhdpcie_init: !!! dma_set_mask_and_coherent.
01-01 05:30:29.595     0     0 W linux_osl.c: generic "WiFI"or "WiFi2" mem region from device tree. Does Not exist
01-01 05:30:29.605     0     0 I pcieh 0001: 01:00.0: assigned reserved memory node wifiSR@80000000
01-01 05:30:29.612     0     0 W linux_osl.c: SECDMA found private CMA from device tree
01-01 05:30:29.619     0     0 W linux_osl.c: SECDMA found private CMA start_address:0x80000000 and size:0x2000000
01-01 05:30:29.629     0     0 W         : secdma_found=1 from 3 addr = 0x80000000 size = 0x2000000
01-01 05:30:29.636     0     0 W         : global cma is set 1
01-01 05:30:29.645     0     0 I linux_osl.c: osl_attach cma_page=00000000ff07840c, page_to_phys(cma_page)=2147483648, page_to_virt(cma_page)=00000000f026486a
01-01 05:30:29.659     0     0 I         : CMA_DMA_DESC_MEMBLOCK ioremap succeeded 00000000f026486a
01-01 05:30:29.672   315   315 D Zygote32Timing: BeginPreload took to complete: 238ms
01-01 05:30:29.679     0     0 I         : CMA_DATA_MEMBLOCK alloc from contiguous succeeded
01-01 05:30:29.693     0     0 I         : CMA_DMA_DATA_MEMBLOCK ioremap succeeded 00000000c8c5e985
01-01 05:30:29.701     0     0 I         : CMA_TXBUF_BUFNUM ioremap succeeded 00000000a5f1d18c
01-01 05:30:29.712     0     0 I         : CMA_RXCTRL_BUFNUM ioremap succeeded 000000005dc6acf4
01-01 05:30:29.722     0     0 I         : CMA_RXBUF_BUFNUM ioremap succeeded 00000000bf9351c2
01-01 05:30:29.728     0     0 W dhdpcie_init: can't find adapter info for this chip
01-01 05:30:29.734     0     0 I pcieh 0001: 01:00.0: enabling device (0000 -> 0002)
01-01 05:30:29.741     0     0 W         : Enable CTO
01-01 05:30:29.744     0     0 W dhdpcie_cto_init: set CTO prevention and recovery enable/disable 1
01-01 05:30:29.751     0     0 W         : ******** Perform FLR ********
01-01 05:30:29.827     0     0 W read_config: reg=0x88 read val=0xb0c0
01-01 05:30:29.832     0     0 W read_config: reg=0x88 read val=0x80c0
01-01 05:30:29.837     0     0 W         : ******** FLR Succedeed ********
01-01 05:30:29.841     0     0 W DHD     : dongle ram size is set to 1638400(orig 1638400) at 0x170000
01-01 05:30:29.849     0     0 W driver_target: dhd-msgbuf-pciefd-android-cfg80211-secdma-stb-armv8
01-01 05:30:29.857     0     0 I [osl_sec_dma_alloc_consistent]: allocating secure memory size=2560 align=4 *pap=5368709120 va=00000000f026486a
01-01 05:30:29.869     0     0 W         : SECDMA successfully attached ring h2dctrl
01-01 05:30:29.876     0     0 I [osl_sec_dma_alloc_consistent]: allocating secure memory size=16384 align=4 *pap=5368733696 va=00000000f653bea9
